[0.135s] Invoking command in '/home/robot/Hiking_deploy/unitree_ros2/cyclonedds_ws/build/unitree_hg': CMAKE_PREFIX_PATH=${CMAKE_PREFIX_PATH}:/home/robot/Documents/dev_ws/install/learning_urdf:/home/robot/Documents/dev_ws/install/learning_topic:/home/robot/Documents/dev_ws/install/learning_tf:/home/robot/Documents/dev_ws/install/learning_service:/home/robot/Documents/dev_ws/install/learning_qos:/home/robot/Documents/dev_ws/install/learning_pkg_python:/home/robot/Documents/dev_ws/install/learning_parameter:/home/robot/Documents/dev_ws/install/learning_node:/home/robot/Documents/dev_ws/install/learning_launch:/home/robot/Documents/dev_ws/install/learning_action:/home/robot/Documents/dev_ws/install/learning_gazebo_harmonic:/home/robot/Documents/dev_ws/install/learning_gazebo:/home/robot/Documents/dev_ws/install/learning_cv:/opt/ros/humble CONDA_PROMPT_MODIFIER=(base) PS1=(.venv) (base) \[\e]0;\u@\h: \w\a\]${debian_chroot:+($debian_chroot)}\[\033[01;32m\]\u@\h\[\033[00m\]:\[\033[01;34m\]\w\[\033[00m\]\$ /usr/bin/cmake /home/robot/Hiking_deploy/unitree_ros2/cyclonedds_ws/src/unitree/unitree_hg -DCMAKE_INSTALL_PREFIX=/home/robot/Hiking_deploy/unitree_ros2/cyclonedds_ws/install/unitree_hg
[0.295s] -- The C compiler identification is GNU 11.4.0
[0.396s] -- The CXX compiler identification is GNU 11.4.0
[0.400s] -- Detecting C compiler ABI info
[0.451s] -- Detecting C compiler ABI info - done
[0.455s] -- Check for working C compiler: /usr/bin/cc - skipped
[0.455s] -- Detecting C compile features
[0.455s] -- Detecting C compile features - done
[0.457s] -- Detecting CXX compiler ABI info
[0.511s] -- Detecting CXX compiler ABI info - done
[0.515s] -- Check for working CXX compiler: /usr/bin/c++ - skipped
[0.515s] -- Detecting CXX compile features
[0.515s] -- Detecting CXX compile features - done
[0.517s] -- Found ament_cmake: 1.3.14 (/opt/ros/humble/share/ament_cmake/cmake)
[0.752s] -- Found Python3: /home/robot/Hiking_deploy/.venv/bin/python3 (found version "3.10.12") found components: Interpreter 
[0.822s] -- Found geometry_msgs: 4.9.1 (/opt/ros/humble/share/geometry_msgs/cmake)
[0.856s] -- Found rosidl_generator_c: 3.1.8 (/opt/ros/humble/share/rosidl_generator_c/cmake)
[0.860s] -- Found rosidl_adapter: 3.1.8 (/opt/ros/humble/share/rosidl_adapter/cmake)
[0.868s] -- Found rosidl_generator_cpp: 3.1.8 (/opt/ros/humble/share/rosidl_generator_cpp/cmake)
[0.878s] -- Using all available rosidl_typesupport_c: rosidl_typesupport_fastrtps_c;rosidl_typesupport_introspection_c
[0.895s] -- Using all available rosidl_typesupport_cpp: rosidl_typesupport_fastrtps_cpp;rosidl_typesupport_introspection_cpp
[0.923s] -- Found rosidl_default_generators: 1.2.1 (/opt/ros/humble/share/rosidl_default_generators/cmake)
[0.933s] -- Found rosidl_generator_dds_idl: 0.8.1 (/home/robot/Hiking_deploy/unitree_ros2/cyclonedds_ws/install/rosidl_generator_dds_idl/share/rosidl_generator_dds_idl/cmake)
[1.161s] -- Found ament_cmake_ros: 0.10.0 (/opt/ros/humble/share/ament_cmake_ros/cmake)
[1.475s] -- Using all available rosidl_typesupport_c: rosidl_typesupport_fastrtps_c;rosidl_typesupport_introspection_c
[1.601s] -- Using all available rosidl_typesupport_cpp: rosidl_typesupport_fastrtps_cpp;rosidl_typesupport_introspection_cpp
[1.623s] -- Found PythonInterp: /home/robot/Hiking_deploy/.venv/bin/python3 (found suitable version "3.10.12", minimum required is "3.6") 
[1.624s] -- Found python_cmake_module: 0.10.0 (/opt/ros/humble/share/python_cmake_module/cmake)
[1.653s] -- Found PythonLibs: /usr/lib/x86_64-linux-gnu/libpython3.10.so (found suitable version "3.10.12", minimum required is "3.5") 
[1.654s] -- Using PYTHON_EXECUTABLE: /home/robot/Hiking_deploy/.venv/bin/python3
[1.654s] -- Using PYTHON_INCLUDE_DIRS: /usr/include/python3.10
[1.654s] -- Using PYTHON_LIBRARIES: /usr/lib/x86_64-linux-gnu/libpython3.10.so
[1.674s] -- Found PythonExtra: .so  
[1.796s] -- Found ament_lint_auto: 0.12.15 (/opt/ros/humble/share/ament_lint_auto/cmake)
[1.816s] -- Added test 'copyright' to check source files copyright and LICENSE
[1.817s] -- Added test 'lint_cmake' to check CMake code style
[1.817s] -- Added test 'xmllint' to check XML markup files
[1.819s] -- Configuring done
[1.847s] -- Generating done
[1.855s] -- Build files have been written to: /home/robot/Hiking_deploy/unitree_ros2/cyclonedds_ws/build/unitree_hg
[1.862s] Invoked command in '/home/robot/Hiking_deploy/unitree_ros2/cyclonedds_ws/build/unitree_hg' returned '0': CMAKE_PREFIX_PATH=${CMAKE_PREFIX_PATH}:/home/robot/Documents/dev_ws/install/learning_urdf:/home/robot/Documents/dev_ws/install/learning_topic:/home/robot/Documents/dev_ws/install/learning_tf:/home/robot/Documents/dev_ws/install/learning_service:/home/robot/Documents/dev_ws/install/learning_qos:/home/robot/Documents/dev_ws/install/learning_pkg_python:/home/robot/Documents/dev_ws/install/learning_parameter:/home/robot/Documents/dev_ws/install/learning_node:/home/robot/Documents/dev_ws/install/learning_launch:/home/robot/Documents/dev_ws/install/learning_action:/home/robot/Documents/dev_ws/install/learning_gazebo_harmonic:/home/robot/Documents/dev_ws/install/learning_gazebo:/home/robot/Documents/dev_ws/install/learning_cv:/opt/ros/humble CONDA_PROMPT_MODIFIER=(base) PS1=(.venv) (base) \[\e]0;\u@\h: \w\a\]${debian_chroot:+($debian_chroot)}\[\033[01;32m\]\u@\h\[\033[00m\]:\[\033[01;34m\]\w\[\033[00m\]\$ /usr/bin/cmake /home/robot/Hiking_deploy/unitree_ros2/cyclonedds_ws/src/unitree/unitree_hg -DCMAKE_INSTALL_PREFIX=/home/robot/Hiking_deploy/unitree_ros2/cyclonedds_ws/install/unitree_hg
[1.863s] Invoking command in '/home/robot/Hiking_deploy/unitree_ros2/cyclonedds_ws/build/unitree_hg': CMAKE_PREFIX_PATH=${CMAKE_PREFIX_PATH}:/home/robot/Documents/dev_ws/install/learning_urdf:/home/robot/Documents/dev_ws/install/learning_topic:/home/robot/Documents/dev_ws/install/learning_tf:/home/robot/Documents/dev_ws/install/learning_service:/home/robot/Documents/dev_ws/install/learning_qos:/home/robot/Documents/dev_ws/install/learning_pkg_python:/home/robot/Documents/dev_ws/install/learning_parameter:/home/robot/Documents/dev_ws/install/learning_node:/home/robot/Documents/dev_ws/install/learning_launch:/home/robot/Documents/dev_ws/install/learning_action:/home/robot/Documents/dev_ws/install/learning_gazebo_harmonic:/home/robot/Documents/dev_ws/install/learning_gazebo:/home/robot/Documents/dev_ws/install/learning_cv:/opt/ros/humble CONDA_PROMPT_MODIFIER=(base) PS1=(.venv) (base) \[\e]0;\u@\h: \w\a\]${debian_chroot:+($debian_chroot)}\[\033[01;32m\]\u@\h\[\033[00m\]:\[\033[01;34m\]\w\[\033[00m\]\$ /usr/bin/cmake --build /home/robot/Hiking_deploy/unitree_ros2/cyclonedds_ws/build/unitree_hg -- -j28 -l28
[1.898s] [  1%] [34m[1mGenerating C code for ROS interfaces[0m
[1.905s] [  2%] [34m[1mGenerating Rust code for ROS interfaces[0m
[1.909s] [  3%] [34m[1mGenerating DDS interfaces[0m
[1.909s] [  3%] [34m[1mGenerating C++ code for ROS interfaces[0m
[1.912s] [  3%] Built target ament_cmake_python_copy_unitree_hg
[2.078s] running egg_info
[2.088s] creating unitree_hg.egg-info
[2.089s] writing unitree_hg.egg-info/PKG-INFO
[2.089s] writing dependency_links to unitree_hg.egg-info/dependency_links.txt
[2.089s] writing top-level names to unitree_hg.egg-info/top_level.txt
[2.196s] writing manifest file 'unitree_hg.egg-info/SOURCES.txt'
[2.230s] reading manifest file 'unitree_hg.egg-info/SOURCES.txt'
[2.230s] writing manifest file 'unitree_hg.egg-info/SOURCES.txt'
[2.259s] [  3%] Built target ament_cmake_python_build_unitree_hg_egg
[2.283s] [  3%] Built target unitree_hg__rs
[2.472s] [  3%] Built target unitree_hg__dds_connext_idl
[2.893s] [  4%] [32mBuilding C object CMakeFiles/unitree_hg__rosidl_generator_c.dir/rosidl_generator_c/unitree_hg/msg/detail/bms_cmd__functions.c.o[0m
[2.896s] [  6%] [32mBuilding C object CMakeFiles/unitree_hg__rosidl_generator_c.dir/rosidl_generator_c/unitree_hg/msg/detail/bms_state__functions.c.o[0m
[2.896s] [  6%] [32mBuilding C object CMakeFiles/unitree_hg__rosidl_generator_c.dir/rosidl_generator_c/unitree_hg/msg/detail/hand_cmd__functions.c.o[0m
[2.898s] [  7%] [32mBuilding C object CMakeFiles/unitree_hg__rosidl_generator_c.dir/rosidl_generator_c/unitree_hg/msg/detail/hand_state__functions.c.o[0m
[2.899s] [  8%] [32mBuilding C object CMakeFiles/unitree_hg__rosidl_generator_c.dir/rosidl_generator_c/unitree_hg/msg/detail/low_cmd__functions.c.o[0m
[2.906s] [  8%] [32mBuilding C object CMakeFiles/unitree_hg__rosidl_generator_c.dir/rosidl_generator_c/unitree_hg/msg/detail/imu_state__functions.c.o[0m
[2.909s] [  9%] [32mBuilding C object CMakeFiles/unitree_hg__rosidl_generator_c.dir/rosidl_generator_c/unitree_hg/msg/detail/press_sensor_state__functions.c.o[0m
[2.909s] [ 10%] [32mBuilding C object CMakeFiles/unitree_hg__rosidl_generator_c.dir/rosidl_generator_c/unitree_hg/msg/detail/motor_state__functions.c.o[0m
[2.909s] [ 11%] [32mBuilding C object CMakeFiles/unitree_hg__rosidl_generator_c.dir/rosidl_generator_c/unitree_hg/msg/detail/low_state__functions.c.o[0m
[2.909s] [ 12%] [32mBuilding C object CMakeFiles/unitree_hg__rosidl_generator_c.dir/rosidl_generator_c/unitree_hg/msg/detail/main_board_state__functions.c.o[0m
[2.920s] [ 13%] [32mBuilding C object CMakeFiles/unitree_hg__rosidl_generator_c.dir/rosidl_generator_c/unitree_hg/msg/detail/motor_cmd__functions.c.o[0m
[2.992s] [ 13%] Built target unitree_hg__cpp
[3.012s] [ 15%] [34m[1mGenerating C++ type support for eProsima Fast-RTPS[0m
[3.013s] [ 15%] [34m[1mGenerating C++ introspection for ROS interfaces[0m
[3.019s] [ 15%] [34m[1mGenerating C++ type support dispatch for ROS interfaces[0m
[3.029s] [ 16%] [32m[1mLinking C shared library libunitree_hg__rosidl_generator_c.so[0m
[3.184s] [ 16%] Built target unitree_hg__rosidl_generator_c
[3.205s] [ 17%] [34m[1mGenerating C type support dispatch for ROS interfaces[0m
[3.209s] [ 18%] [34m[1mGenerating C type support for eProsima Fast-RTPS[0m
[3.216s] [ 19%] [34m[1mGenerating C introspection for ROS interfaces[0m
[3.782s] [ 23%] [32mBuilding CXX object CMakeFiles/unitree_hg__rosidl_typesupport_cpp.dir/rosidl_typesupport_cpp/unitree_hg/msg/low_cmd__type_support.cpp.o[0m
[3.782s] [ 23%] [32mBuilding CXX object CMakeFiles/unitree_hg__rosidl_typesupport_cpp.dir/rosidl_typesupport_cpp/unitree_hg/msg/imu_state__type_support.cpp.o[0m
[3.782s] [ 23%] [32mBuilding CXX object CMakeFiles/unitree_hg__rosidl_typesupport_cpp.dir/rosidl_typesupport_cpp/unitree_hg/msg/bms_state__type_support.cpp.o[0m
[3.782s] [ 23%] [32mBuilding CXX object CMakeFiles/unitree_hg__rosidl_typesupport_cpp.dir/rosidl_typesupport_cpp/unitree_hg/msg/bms_cmd__type_support.cpp.o[0m
[3.783s] [ 25%] [32mBuilding CXX object CMakeFiles/unitree_hg__rosidl_typesupport_cpp.dir/rosidl_typesupport_cpp/unitree_hg/msg/main_board_state__type_support.cpp.o[0m
[3.783s] [ 26%] [32mBuilding CXX object CMakeFiles/unitree_hg__rosidl_typesupport_cpp.dir/rosidl_typesupport_cpp/unitree_hg/msg/hand_state__type_support.cpp.o[0m
[3.788s] [ 27%] [32mBuilding CXX object CMakeFiles/unitree_hg__rosidl_typesupport_cpp.dir/rosidl_typesupport_cpp/unitree_hg/msg/hand_cmd__type_support.cpp.o[0m
[3.788s] [ 28%] [32mBuilding CXX object CMakeFiles/unitree_hg__rosidl_typesupport_cpp.dir/rosidl_typesupport_cpp/unitree_hg/msg/motor_state__type_support.cpp.o[0m
[3.788s] [ 29%] [32mBuilding CXX object CMakeFiles/unitree_hg__rosidl_typesupport_cpp.dir/rosidl_typesupport_cpp/unitree_hg/msg/press_sensor_state__type_support.cpp.o[0m
[3.792s] [ 24%] [32mBuilding CXX object CMakeFiles/unitree_hg__rosidl_typesupport_cpp.dir/rosidl_typesupport_cpp/unitree_hg/msg/motor_cmd__type_support.cpp.o[0m
[3.792s] [ 29%] [32mBuilding CXX object CMakeFiles/unitree_hg__rosidl_typesupport_cpp.dir/rosidl_typesupport_cpp/unitree_hg/msg/low_state__type_support.cpp.o[0m
[3.970s] [ 29%] [32mBuilding CXX object CMakeFiles/unitree_hg__rosidl_typesupport_c.dir/rosidl_typesupport_c/unitree_hg/msg/low_cmd__type_support.cpp.o[0m
[3.971s] [ 30%] [32mBuilding CXX object CMakeFiles/unitree_hg__rosidl_typesupport_c.dir/rosidl_typesupport_c/unitree_hg/msg/low_state__type_support.cpp.o[0m
[3.972s] [ 32%] [32mBuilding CXX object CMakeFiles/unitree_hg__rosidl_typesupport_c.dir/rosidl_typesupport_c/unitree_hg/msg/motor_cmd__type_support.cpp.o[0m
[3.972s] [ 32%] [32mBuilding CXX object CMakeFiles/unitree_hg__rosidl_typesupport_c.dir/rosidl_typesupport_c/unitree_hg/msg/press_sensor_state__type_support.cpp.o[0m
[3.972s] [ 33%] [32mBuilding CXX object CMakeFiles/unitree_hg__rosidl_typesupport_c.dir/rosidl_typesupport_c/unitree_hg/msg/main_board_state__type_support.cpp.o[0m
[3.972s] [ 34%] [32mBuilding CXX object CMakeFiles/unitree_hg__rosidl_typesupport_c.dir/rosidl_typesupport_c/unitree_hg/msg/hand_cmd__type_support.cpp.o[0m
[3.972s] [ 35%] [32mBuilding CXX object CMakeFiles/unitree_hg__rosidl_typesupport_c.dir/rosidl_typesupport_c/unitree_hg/msg/bms_state__type_support.cpp.o[0m
[3.972s] [ 36%] [32mBuilding CXX object CMakeFiles/unitree_hg__rosidl_typesupport_c.dir/rosidl_typesupport_c/unitree_hg/msg/motor_state__type_support.cpp.o[0m
[3.976s] [ 37%] [32mBuilding CXX object CMakeFiles/unitree_hg__rosidl_typesupport_c.dir/rosidl_typesupport_c/unitree_hg/msg/imu_state__type_support.cpp.o[0m
[3.976s] [ 38%] [32mBuilding CXX object CMakeFiles/unitree_hg__rosidl_typesupport_c.dir/rosidl_typesupport_c/unitree_hg/msg/hand_state__type_support.cpp.o[0m
[3.982s] [ 39%] [32mBuilding CXX object CMakeFiles/unitree_hg__rosidl_typesupport_c.dir/rosidl_typesupport_c/unitree_hg/msg/bms_cmd__type_support.cpp.o[0m
[4.028s] [ 40%] [32m[1mLinking CXX shared library libunitree_hg__rosidl_typesupport_c.so[0m
[4.085s] [ 40%] Built target unitree_hg__rosidl_typesupport_c
[4.093s] [ 42%] [32mBuilding CXX object CMakeFiles/unitree_hg__rosidl_typesupport_fastrtps_cpp.dir/rosidl_typesupport_fastrtps_cpp/unitree_hg/msg/detail/dds_fastrtps/bms_state__type_support.cpp.o[0m
[4.093s] [ 42%] [32mBuilding CXX object CMakeFiles/unitree_hg__rosidl_typesupport_fastrtps_cpp.dir/rosidl_typesupport_fastrtps_cpp/unitree_hg/msg/detail/dds_fastrtps/bms_cmd__type_support.cpp.o[0m
[4.095s] [ 43%] [32mBuilding CXX object CMakeFiles/unitree_hg__rosidl_typesupport_fastrtps_cpp.dir/rosidl_typesupport_fastrtps_cpp/unitree_hg/msg/detail/dds_fastrtps/hand_state__type_support.cpp.o[0m
[4.099s] [ 44%] [32mBuilding CXX object CMakeFiles/unitree_hg__rosidl_typesupport_fastrtps_cpp.dir/rosidl_typesupport_fastrtps_cpp/unitree_hg/msg/detail/dds_fastrtps/imu_state__type_support.cpp.o[0m
[4.102s] [ 45%] [32mBuilding CXX object CMakeFiles/unitree_hg__rosidl_typesupport_fastrtps_cpp.dir/rosidl_typesupport_fastrtps_cpp/unitree_hg/msg/detail/dds_fastrtps/hand_cmd__type_support.cpp.o[0m
[4.111s] [ 46%] [32mBuilding CXX object CMakeFiles/unitree_hg__rosidl_typesupport_fastrtps_cpp.dir/rosidl_typesupport_fastrtps_cpp/unitree_hg/msg/detail/dds_fastrtps/low_cmd__type_support.cpp.o[0m
[4.126s] [ 46%] [32mBuilding CXX object CMakeFiles/unitree_hg__rosidl_typesupport_fastrtps_cpp.dir/rosidl_typesupport_fastrtps_cpp/unitree_hg/msg/detail/dds_fastrtps/low_state__type_support.cpp.o[0m
[4.127s] [ 47%] [32mBuilding CXX object CMakeFiles/unitree_hg__rosidl_typesupport_fastrtps_cpp.dir/rosidl_typesupport_fastrtps_cpp/unitree_hg/msg/detail/dds_fastrtps/motor_cmd__type_support.cpp.o[0m
[4.127s] [ 48%] [32mBuilding CXX object CMakeFiles/unitree_hg__rosidl_typesupport_fastrtps_cpp.dir/rosidl_typesupport_fastrtps_cpp/unitree_hg/msg/detail/dds_fastrtps/main_board_state__type_support.cpp.o[0m
[4.132s] [ 49%] [32mBuilding CXX object CMakeFiles/unitree_hg__rosidl_typesupport_fastrtps_cpp.dir/rosidl_typesupport_fastrtps_cpp/unitree_hg/msg/detail/dds_fastrtps/motor_state__type_support.cpp.o[0m
[4.136s] [ 50%] [32mBuilding CXX object CMakeFiles/unitree_hg__rosidl_typesupport_fastrtps_cpp.dir/rosidl_typesupport_fastrtps_cpp/unitree_hg/msg/detail/dds_fastrtps/press_sensor_state__type_support.cpp.o[0m
[4.228s] [ 51%] [32m[1mLinking CXX shared library libunitree_hg__rosidl_typesupport_cpp.so[0m
[4.272s] [ 51%] [32mBuilding C object CMakeFiles/unitree_hg__rosidl_typesupport_introspection_c.dir/rosidl_typesupport_introspection_c/unitree_hg/msg/detail/bms_state__type_support.c.o[0m
[4.274s] [ 52%] [32mBuilding C object CMakeFiles/unitree_hg__rosidl_typesupport_introspection_c.dir/rosidl_typesupport_introspection_c/unitree_hg/msg/detail/bms_cmd__type_support.c.o[0m
[4.279s] [ 53%] [32mBuilding C object CMakeFiles/unitree_hg__rosidl_typesupport_introspection_c.dir/rosidl_typesupport_introspection_c/unitree_hg/msg/detail/hand_state__type_support.c.o[0m
[4.281s] [ 54%] [32mBuilding C object CMakeFiles/unitree_hg__rosidl_typesupport_introspection_c.dir/rosidl_typesupport_introspection_c/unitree_hg/msg/detail/imu_state__type_support.c.o[0m
[4.281s] [ 55%] [32mBuilding C object CMakeFiles/unitree_hg__rosidl_typesupport_introspection_c.dir/rosidl_typesupport_introspection_c/unitree_hg/msg/detail/low_state__type_support.c.o[0m
[4.282s] [ 57%] [32mBuilding C object CMakeFiles/unitree_hg__rosidl_typesupport_introspection_c.dir/rosidl_typesupport_introspection_c/unitree_hg/msg/detail/low_cmd__type_support.c.o[0m
[4.282s] [ 57%] [32mBuilding C object CMakeFiles/unitree_hg__rosidl_typesupport_introspection_c.dir/rosidl_typesupport_introspection_c/unitree_hg/msg/detail/hand_cmd__type_support.c.o[0m
[4.294s] [ 58%] [32mBuilding C object CMakeFiles/unitree_hg__rosidl_typesupport_introspection_c.dir/rosidl_typesupport_introspection_c/unitree_hg/msg/detail/motor_state__type_support.c.o[0m
[4.294s] [ 59%] [32mBuilding C object CMakeFiles/unitree_hg__rosidl_typesupport_introspection_c.dir/rosidl_typesupport_introspection_c/unitree_hg/msg/detail/main_board_state__type_support.c.o[0m
[4.294s] [ 60%] [32mBuilding C object CMakeFiles/unitree_hg__rosidl_typesupport_introspection_c.dir/rosidl_typesupport_introspection_c/unitree_hg/msg/detail/motor_cmd__type_support.c.o[0m
[4.301s] [ 60%] [32mBuilding C object CMakeFiles/unitree_hg__rosidl_typesupport_introspection_c.dir/rosidl_typesupport_introspection_c/unitree_hg/msg/detail/press_sensor_state__type_support.c.o[0m
[4.304s] [ 60%] Built target unitree_hg__rosidl_typesupport_cpp
[4.353s] [ 61%] [32mBuilding CXX object CMakeFiles/unitree_hg__rosidl_typesupport_introspection_cpp.dir/rosidl_typesupport_introspection_cpp/unitree_hg/msg/detail/bms_state__type_support.cpp.o[0m
[4.354s] [ 62%] [32mBuilding CXX object CMakeFiles/unitree_hg__rosidl_typesupport_introspection_cpp.dir/rosidl_typesupport_introspection_cpp/unitree_hg/msg/detail/hand_cmd__type_support.cpp.o[0m
[4.357s] [ 63%] [32mBuilding CXX object CMakeFiles/unitree_hg__rosidl_typesupport_introspection_cpp.dir/rosidl_typesupport_introspection_cpp/unitree_hg/msg/detail/bms_cmd__type_support.cpp.o[0m
[4.360s] [ 64%] [32mBuilding CXX object CMakeFiles/unitree_hg__rosidl_typesupport_introspection_cpp.dir/rosidl_typesupport_introspection_cpp/unitree_hg/msg/detail/low_cmd__type_support.cpp.o[0m
[4.361s] [ 64%] [32mBuilding CXX object CMakeFiles/unitree_hg__rosidl_typesupport_introspection_cpp.dir/rosidl_typesupport_introspection_cpp/unitree_hg/msg/detail/imu_state__type_support.cpp.o[0m
[4.366s] [ 65%] [32mBuilding CXX object CMakeFiles/unitree_hg__rosidl_typesupport_introspection_cpp.dir/rosidl_typesupport_introspection_cpp/unitree_hg/msg/detail/hand_state__type_support.cpp.o[0m
[4.367s] [ 66%] [32mBuilding CXX object CMakeFiles/unitree_hg__rosidl_typesupport_introspection_cpp.dir/rosidl_typesupport_introspection_cpp/unitree_hg/msg/detail/main_board_state__type_support.cpp.o[0m
[4.368s] [ 67%] [32mBuilding CXX object CMakeFiles/unitree_hg__rosidl_typesupport_introspection_cpp.dir/rosidl_typesupport_introspection_cpp/unitree_hg/msg/detail/low_state__type_support.cpp.o[0m
[4.373s] [ 68%] [32mBuilding CXX object CMakeFiles/unitree_hg__rosidl_typesupport_introspection_cpp.dir/rosidl_typesupport_introspection_cpp/unitree_hg/msg/detail/motor_cmd__type_support.cpp.o[0m
[4.373s] [ 69%] [32mBuilding CXX object CMakeFiles/unitree_hg__rosidl_typesupport_introspection_cpp.dir/rosidl_typesupport_introspection_cpp/unitree_hg/msg/detail/press_sensor_state__type_support.cpp.o[0m
[4.380s] [ 70%] [32mBuilding CXX object CMakeFiles/unitree_hg__rosidl_typesupport_introspection_cpp.dir/rosidl_typesupport_introspection_cpp/unitree_hg/msg/detail/motor_state__type_support.cpp.o[0m
[4.385s] [ 72%] [32mBuilding CXX object CMakeFiles/unitree_hg__rosidl_typesupport_fastrtps_c.dir/rosidl_typesupport_fastrtps_c/unitree_hg/msg/detail/bms_state__type_support_c.cpp.o[0m
[4.385s] [ 72%] [32mBuilding CXX object CMakeFiles/unitree_hg__rosidl_typesupport_fastrtps_c.dir/rosidl_typesupport_fastrtps_c/unitree_hg/msg/detail/bms_cmd__type_support_c.cpp.o[0m
[4.388s] [ 73%] [32mBuilding CXX object CMakeFiles/unitree_hg__rosidl_typesupport_fastrtps_c.dir/rosidl_typesupport_fastrtps_c/unitree_hg/msg/detail/hand_cmd__type_support_c.cpp.o[0m
[4.398s] [ 73%] [32mBuilding CXX object CMakeFiles/unitree_hg__rosidl_typesupport_fastrtps_c.dir/rosidl_typesupport_fastrtps_c/unitree_hg/msg/detail/hand_state__type_support_c.cpp.o[0m
[4.398s] [ 74%] [32mBuilding CXX object CMakeFiles/unitree_hg__rosidl_typesupport_fastrtps_c.dir/rosidl_typesupport_fastrtps_c/unitree_hg/msg/detail/imu_state__type_support_c.cpp.o[0m
[4.422s] [ 75%] [32m[1mLinking C shared library libunitree_hg__rosidl_typesupport_introspection_c.so[0m
[4.561s] [ 75%] Built target unitree_hg__rosidl_typesupport_introspection_c
[4.583s] [ 76%] [32mBuilding CXX object CMakeFiles/unitree_hg__rosidl_typesupport_fastrtps_c.dir/rosidl_typesupport_fastrtps_c/unitree_hg/msg/detail/low_cmd__type_support_c.cpp.o[0m
[4.596s] [ 77%] [32mBuilding CXX object CMakeFiles/unitree_hg__rosidl_typesupport_fastrtps_c.dir/rosidl_typesupport_fastrtps_c/unitree_hg/msg/detail/low_state__type_support_c.cpp.o[0m
[4.629s] [ 78%] [32mBuilding CXX object CMakeFiles/unitree_hg__rosidl_typesupport_fastrtps_c.dir/rosidl_typesupport_fastrtps_c/unitree_hg/msg/detail/main_board_state__type_support_c.cpp.o[0m
[4.635s] [ 79%] [32mBuilding CXX object CMakeFiles/unitree_hg__rosidl_typesupport_fastrtps_c.dir/rosidl_typesupport_fastrtps_c/unitree_hg/msg/detail/motor_cmd__type_support_c.cpp.o[0m
[4.660s] [ 80%] [32mBuilding CXX object CMakeFiles/unitree_hg__rosidl_typesupport_fastrtps_c.dir/rosidl_typesupport_fastrtps_c/unitree_hg/msg/detail/motor_state__type_support_c.cpp.o[0m
[4.663s] [ 81%] [32mBuilding CXX object CMakeFiles/unitree_hg__rosidl_typesupport_fastrtps_c.dir/rosidl_typesupport_fastrtps_c/unitree_hg/msg/detail/press_sensor_state__type_support_c.cpp.o[0m
[4.750s] [ 82%] [32m[1mLinking CXX shared library libunitree_hg__rosidl_typesupport_fastrtps_cpp.so[0m
[4.870s] [ 82%] Built target unitree_hg__rosidl_typesupport_fastrtps_cpp
[5.095s] [ 83%] [32m[1mLinking CXX shared library libunitree_hg__rosidl_typesupport_fastrtps_c.so[0m
[5.096s] [ 84%] [32m[1mLinking CXX shared library libunitree_hg__rosidl_typesupport_introspection_cpp.so[0m
[5.170s] [ 84%] Built target unitree_hg__rosidl_typesupport_fastrtps_c
[5.203s] [ 84%] Built target unitree_hg__rosidl_typesupport_introspection_cpp
[5.242s] [ 84%] Built target unitree_hg
[5.276s] [ 85%] [34m[1mGenerating Python code for ROS interfaces[0m
[7.228s] [ 85%] Built target unitree_hg__py
[7.245s] [ 88%] [32mBuilding C object CMakeFiles/unitree_hg__rosidl_generator_py.dir/rosidl_generator_py/unitree_hg/msg/_motor_cmd_s.c.o[0m
[7.245s] [ 88%] [32mBuilding C object CMakeFiles/unitree_hg__rosidl_generator_py.dir/rosidl_generator_py/unitree_hg/msg/_low_state_s.c.o[0m
[7.245s] [ 88%] [32mBuilding C object CMakeFiles/unitree_hg__rosidl_generator_py.dir/rosidl_generator_py/unitree_hg/msg/_low_cmd_s.c.o[0m
[7.246s] [ 88%] [32mBuilding C object CMakeFiles/unitree_hg__rosidl_generator_py.dir/rosidl_generator_py/unitree_hg/msg/_press_sensor_state_s.c.o[0m
[7.246s] [ 89%] [32mBuilding C object CMakeFiles/unitree_hg__rosidl_generator_py.dir/rosidl_generator_py/unitree_hg/msg/_bms_cmd_s.c.o[0m
[7.246s] [ 89%] [32mBuilding C object CMakeFiles/unitree_hg__rosidl_generator_py.dir/rosidl_generator_py/unitree_hg/msg/_bms_state_s.c.o[0m
[7.246s] [ 90%] [32mBuilding C object CMakeFiles/unitree_hg__rosidl_generator_py.dir/rosidl_generator_py/unitree_hg/msg/_hand_state_s.c.o[0m
[7.246s] [ 92%] [32mBuilding C object CMakeFiles/unitree_hg__rosidl_generator_py.dir/rosidl_generator_py/unitree_hg/msg/_hand_cmd_s.c.o[0m
[7.246s] [ 92%] [32mBuilding C object CMakeFiles/unitree_hg__rosidl_generator_py.dir/rosidl_generator_py/unitree_hg/msg/_imu_state_s.c.o[0m
[7.247s] [ 93%] [32mBuilding C object CMakeFiles/unitree_hg__rosidl_generator_py.dir/rosidl_generator_py/unitree_hg/msg/_main_board_state_s.c.o[0m
[7.247s] [ 94%] [32mBuilding C object CMakeFiles/unitree_hg__rosidl_generator_py.dir/rosidl_generator_py/unitree_hg/msg/_motor_state_s.c.o[0m
[7.356s] [ 95%] [32m[1mLinking C shared library rosidl_generator_py/unitree_hg/libunitree_hg__rosidl_generator_py.so[0m
[7.393s] [ 95%] Built target unitree_hg__rosidl_generator_py
[7.405s] [ 96%] [32mBuilding C object CMakeFiles/unitree_hg__rosidl_typesupport_c__pyext.dir/rosidl_generator_py/unitree_hg/_unitree_hg_s.ep.rosidl_typesupport_c.c.o[0m
[7.405s] [ 97%] [32mBuilding C object CMakeFiles/unitree_hg__rosidl_typesupport_introspection_c__pyext.dir/rosidl_generator_py/unitree_hg/_unitree_hg_s.ep.rosidl_typesupport_introspection_c.c.o[0m
[7.406s] [ 97%] [32mBuilding C object CMakeFiles/unitree_hg__rosidl_typesupport_fastrtps_c__pyext.dir/rosidl_generator_py/unitree_hg/_unitree_hg_s.ep.rosidl_typesupport_fastrtps_c.c.o[0m
[7.476s] [100%] [32m[1mLinking C shared library rosidl_generator_py/unitree_hg/unitree_hg_s__rosidl_typesupport_c.cpython-310-x86_64-linux-gnu.so[0m
[7.477s] [100%] [32m[1mLinking C shared library rosidl_generator_py/unitree_hg/unitree_hg_s__rosidl_typesupport_fastrtps_c.cpython-310-x86_64-linux-gnu.so[0m
[7.477s] [100%] [32m[1mLinking C shared library rosidl_generator_py/unitree_hg/unitree_hg_s__rosidl_typesupport_introspection_c.cpython-310-x86_64-linux-gnu.so[0m
[7.503s] [100%] Built target unitree_hg__rosidl_typesupport_fastrtps_c__pyext
[7.505s] [100%] Built target unitree_hg__rosidl_typesupport_introspection_c__pyext
[7.506s] [100%] Built target unitree_hg__rosidl_typesupport_c__pyext
[7.514s] Invoked command in '/home/robot/Hiking_deploy/unitree_ros2/cyclonedds_ws/build/unitree_hg' returned '0': CMAKE_PREFIX_PATH=${CMAKE_PREFIX_PATH}:/home/robot/Documents/dev_ws/install/learning_urdf:/home/robot/Documents/dev_ws/install/learning_topic:/home/robot/Documents/dev_ws/install/learning_tf:/home/robot/Documents/dev_ws/install/learning_service:/home/robot/Documents/dev_ws/install/learning_qos:/home/robot/Documents/dev_ws/install/learning_pkg_python:/home/robot/Documents/dev_ws/install/learning_parameter:/home/robot/Documents/dev_ws/install/learning_node:/home/robot/Documents/dev_ws/install/learning_launch:/home/robot/Documents/dev_ws/install/learning_action:/home/robot/Documents/dev_ws/install/learning_gazebo_harmonic:/home/robot/Documents/dev_ws/install/learning_gazebo:/home/robot/Documents/dev_ws/install/learning_cv:/opt/ros/humble CONDA_PROMPT_MODIFIER=(base) PS1=(.venv) (base) \[\e]0;\u@\h: \w\a\]${debian_chroot:+($debian_chroot)}\[\033[01;32m\]\u@\h\[\033[00m\]:\[\033[01;34m\]\w\[\033[00m\]\$ /usr/bin/cmake --build /home/robot/Hiking_deploy/unitree_ros2/cyclonedds_ws/build/unitree_hg -- -j28 -l28
[7.515s] Invoking command in '/home/robot/Hiking_deploy/unitree_ros2/cyclonedds_ws/build/unitree_hg': CMAKE_PREFIX_PATH=${CMAKE_PREFIX_PATH}:/home/robot/Documents/dev_ws/install/learning_urdf:/home/robot/Documents/dev_ws/install/learning_topic:/home/robot/Documents/dev_ws/install/learning_tf:/home/robot/Documents/dev_ws/install/learning_service:/home/robot/Documents/dev_ws/install/learning_qos:/home/robot/Documents/dev_ws/install/learning_pkg_python:/home/robot/Documents/dev_ws/install/learning_parameter:/home/robot/Documents/dev_ws/install/learning_node:/home/robot/Documents/dev_ws/install/learning_launch:/home/robot/Documents/dev_ws/install/learning_action:/home/robot/Documents/dev_ws/install/learning_gazebo_harmonic:/home/robot/Documents/dev_ws/install/learning_gazebo:/home/robot/Documents/dev_ws/install/learning_cv:/opt/ros/humble CONDA_PROMPT_MODIFIER=(base) PS1=(.venv) (base) \[\e]0;\u@\h: \w\a\]${debian_chroot:+($debian_chroot)}\[\033[01;32m\]\u@\h\[\033[00m\]:\[\033[01;34m\]\w\[\033[00m\]\$ /usr/bin/cmake --install /home/robot/Hiking_deploy/unitree_ros2/cyclonedds_ws/build/unitree_hg
[7.521s] -- Install configuration: ""
[7.521s] -- Installing: /home/robot/Hiking_deploy/unitree_ros2/cyclonedds_ws/install/unitree_hg/share/ament_index/resource_index/rosidl_interfaces/unitree_hg
[7.521s] -- Installing: /home/robot/Hiking_deploy/unitree_ros2/cyclonedds_ws/install/unitree_hg/include/unitree_hg/unitree_hg
[7.521s] -- Installing: /home/robot/Hiking_deploy/unitree_ros2/cyclonedds_ws/install/unitree_hg/include/unitree_hg/unitree_hg/msg
[7.521s] -- Installing: /home/robot/Hiking_deploy/unitree_ros2/cyclonedds_ws/install/unitree_hg/include/unitree_hg/unitree_hg/msg/low_cmd.h
[7.521s] -- Installing: /home/robot/Hiking_deploy/unitree_ros2/cyclonedds_ws/install/unitree_hg/include/unitree_hg/unitree_hg/msg/low_state.h
[7.521s] -- Installing: /home/robot/Hiking_deploy/unitree_ros2/cyclonedds_ws/install/unitree_hg/include/unitree_hg/unitree_hg/msg/hand_state.h
[7.521s] -- Installing: /home/robot/Hiking_deploy/unitree_ros2/cyclonedds_ws/install/unitree_hg/include/unitree_hg/unitree_hg/msg/main_board_state.h
[7.521s] -- Installing: /home/robot/Hiking_deploy/unitree_ros2/cyclonedds_ws/install/unitree_hg/include/unitree_hg/unitree_hg/msg/imu_state.h
[7.521s] -- Installing: /home/robot/Hiking_deploy/unitree_ros2/cyclonedds_ws/install/unitree_hg/include/unitree_hg/unitree_hg/msg/press_sensor_state.h
[7.521s] -- Installing: /home/robot/Hiking_deploy/unitree_ros2/cyclonedds_ws/install/unitree_hg/include/unitree_hg/unitree_hg/msg/bms_cmd.h
[7.521s] -- Installing: /home/robot/Hiking_deploy/unitree_ros2/cyclonedds_ws/install/unitree_hg/include/unitree_hg/unitree_hg/msg/motor_state.h
[7.521s] -- Installing: /home/robot/Hiking_deploy/unitree_ros2/cyclonedds_ws/install/unitree_hg/include/unitree_hg/unitree_hg/msg/hand_cmd.h
[7.522s] -- Installing: /home/robot/Hiking_deploy/unitree_ros2/cyclonedds_ws/install/unitree_hg/include/unitree_hg/unitree_hg/msg/rosidl_generator_c__visibility_control.h
[7.522s] -- Installing: /home/robot/Hiking_deploy/unitree_ros2/cyclonedds_ws/install/unitree_hg/include/unitree_hg/unitree_hg/msg/bms_state.h
[7.522s] -- Installing: /home/robot/Hiking_deploy/unitree_ros2/cyclonedds_ws/install/unitree_hg/include/unitree_hg/unitree_hg/msg/motor_cmd.h
[7.522s] -- Installing: /home/robot/Hiking_deploy/unitree_ros2/cyclonedds_ws/install/unitree_hg/include/unitree_hg/unitree_hg/msg/detail
[7.522s] -- Installing: /home/robot/Hiking_deploy/unitree_ros2/cyclonedds_ws/install/unitree_hg/include/unitree_hg/unitree_hg/msg/detail/hand_cmd__struct.h
[7.522s] -- Installing: /home/robot/Hiking_deploy/unitree_ros2/cyclonedds_ws/install/unitree_hg/include/unitree_hg/unitree_hg/msg/detail/motor_cmd__type_support.h
[7.522s] -- Installing: /home/robot/Hiking_deploy/unitree_ros2/cyclonedds_ws/install/unitree_hg/include/unitree_hg/unitree_hg/msg/detail/bms_state__functions.h
[7.522s] -- Installing: /home/robot/Hiking_deploy/unitree_ros2/cyclonedds_ws/install/unitree_hg/include/unitree_hg/unitree_hg/msg/detail/bms_cmd__functions.h
[7.522s] -- Installing: /home/robot/Hiking_deploy/unitree_ros2/cyclonedds_ws/install/unitree_hg/include/unitree_hg/unitree_hg/msg/detail/motor_cmd__functions.c
[7.522s] -- Installing: /home/robot/Hiking_deploy/unitree_ros2/cyclonedds_ws/install/unitree_hg/include/unitree_hg/unitree_hg/msg/detail/bms_cmd__type_support.h
[7.522s] -- Installing: /home/robot/Hiking_deploy/unitree_ros2/cyclonedds_ws/install/unitree_hg/include/unitree_hg/unitree_hg/msg/detail/low_state__struct.h
[7.522s] -- Installing: /home/robot/Hiking_deploy/unitree_ros2/cyclonedds_ws/install/unitree_hg/include/unitree_hg/unitree_hg/msg/detail/hand_state__functions.c
[7.522s] -- Installing: /home/robot/Hiking_deploy/unitree_ros2/cyclonedds_ws/install/unitree_hg/include/unitree_hg/unitree_hg/msg/detail/hand_cmd__functions.c
[7.522s] -- Installing: /home/robot/Hiking_deploy/unitree_ros2/cyclonedds_ws/install/unitree_hg/include/unitree_hg/unitree_hg/msg/detail/bms_state__struct.h
[7.522s] -- Installing: /home/robot/Hiking_deploy/unitree_ros2/cyclonedds_ws/install/unitree_hg/include/unitree_hg/unitree_hg/msg/detail/low_cmd__type_support.h
[7.522s] -- Installing: /home/robot/Hiking_deploy/unitree_ros2/cyclonedds_ws/install/unitree_hg/include/unitree_hg/unitree_hg/msg/detail/imu_state__functions.h
[7.522s] -- Installing: /home/robot/Hiking_deploy/unitree_ros2/cyclonedds_ws/install/unitree_hg/include/unitree_hg/unitree_hg/msg/detail/imu_state__struct.h
[7.523s] -- Installing: /home/robot/Hiking_deploy/unitree_ros2/cyclonedds_ws/install/unitree_hg/include/unitree_hg/unitree_hg/msg/detail/bms_cmd__struct.h
[7.523s] -- Installing: /home/robot/Hiking_deploy/unitree_ros2/cyclonedds_ws/install/unitree_hg/include/unitree_hg/unitree_hg/msg/detail/press_sensor_state__struct.h
[7.523s] -- Installing: /home/robot/Hiking_deploy/unitree_ros2/cyclonedds_ws/install/unitree_hg/include/unitree_hg/unitree_hg/msg/detail/motor_state__functions.h
[7.523s] -- Installing: /home/robot/Hiking_deploy/unitree_ros2/cyclonedds_ws/install/unitree_hg/include/unitree_hg/unitree_hg/msg/detail/imu_state__type_support.h
[7.523s] -- Installing: /home/robot/Hiking_deploy/unitree_ros2/cyclonedds_ws/install/unitree_hg/include/unitree_hg/unitree_hg/msg/detail/hand_state__type_support.h
[7.523s] -- Installing: /home/robot/Hiking_deploy/unitree_ros2/cyclonedds_ws/install/unitree_hg/include/unitree_hg/unitree_hg/msg/detail/bms_cmd__functions.c
[7.523s] -- Installing: /home/robot/Hiking_deploy/unitree_ros2/cyclonedds_ws/install/unitree_hg/include/unitree_hg/unitree_hg/msg/detail/imu_state__functions.c
[7.523s] -- Installing: /home/robot/Hiking_deploy/unitree_ros2/cyclonedds_ws/install/unitree_hg/include/unitree_hg/unitree_hg/msg/detail/low_cmd__functions.h
[7.523s] -- Installing: /home/robot/Hiking_deploy/unitree_ros2/cyclonedds_ws/install/unitree_hg/include/unitree_hg/unitree_hg/msg/detail/bms_state__functions.c
[7.523s] -- Installing: /home/robot/Hiking_deploy/unitree_ros2/cyclonedds_ws/install/unitree_hg/include/unitree_hg/unitree_hg/msg/detail/main_board_state__type_support.h
[7.523s] -- Installing: /home/robot/Hiking_deploy/unitree_ros2/cyclonedds_ws/install/unitree_hg/include/unitree_hg/unitree_hg/msg/detail/hand_state__struct.h
[7.523s] -- Installing: /home/robot/Hiking_deploy/unitree_ros2/cyclonedds_ws/install/unitree_hg/include/unitree_hg/unitree_hg/msg/detail/low_state__functions.h
[7.523s] -- Installing: /home/robot/Hiking_deploy/unitree_ros2/cyclonedds_ws/install/unitree_hg/include/unitree_hg/unitree_hg/msg/detail/motor_state__type_support.h
[7.523s] -- Installing: /home/robot/Hiking_deploy/unitree_ros2/cyclonedds_ws/install/unitree_hg/include/unitree_hg/unitree_hg/msg/detail/low_cmd__functions.c
[7.523s] -- Installing: /home/robot/Hiking_deploy/unitree_ros2/cyclonedds_ws/install/unitree_hg/include/unitree_hg/unitree_hg/msg/detail/low_state__functions.c
[7.523s] -- Installing: /home/robot/Hiking_deploy/unitree_ros2/cyclonedds_ws/install/unitree_hg/include/unitree_hg/unitree_hg/msg/detail/motor_cmd__struct.h
[7.523s] -- Installing: /home/robot/Hiking_deploy/unitree_ros2/cyclonedds_ws/install/unitree_hg/include/unitree_hg/unitree_hg/msg/detail/motor_state__struct.h
[7.523s] -- Installing: /home/robot/Hiking_deploy/unitree_ros2/cyclonedds_ws/install/unitree_hg/include/unitree_hg/unitree_hg/msg/detail/press_sensor_state__functions.c
[7.523s] -- Installing: /home/robot/Hiking_deploy/unitree_ros2/cyclonedds_ws/install/unitree_hg/include/unitree_hg/unitree_hg/msg/detail/motor_cmd__functions.h
[7.523s] -- Installing: /home/robot/Hiking_deploy/unitree_ros2/cyclonedds_ws/install/unitree_hg/include/unitree_hg/unitree_hg/msg/detail/main_board_state__functions.h
[7.523s] -- Installing: /home/robot/Hiking_deploy/unitree_ros2/cyclonedds_ws/install/unitree_hg/include/unitree_hg/unitree_hg/msg/detail/low_state__type_support.h
[7.523s] -- Installing: /home/robot/Hiking_deploy/unitree_ros2/cyclonedds_ws/install/unitree_hg/include/unitree_hg/unitree_hg/msg/detail/hand_cmd__type_support.h
[7.524s] -- Installing: /home/robot/Hiking_deploy/unitree_ros2/cyclonedds_ws/install/unitree_hg/include/unitree_hg/unitree_hg/msg/detail/hand_cmd__functions.h
[7.524s] -- Installing: /home/robot/Hiking_deploy/unitree_ros2/cyclonedds_ws/install/unitree_hg/include/unitree_hg/unitree_hg/msg/detail/low_cmd__struct.h
[7.524s] -- Installing: /home/robot/Hiking_deploy/unitree_ros2/cyclonedds_ws/install/unitree_hg/include/unitree_hg/unitree_hg/msg/detail/press_sensor_state__type_support.h
[7.524s] -- Installing: /home/robot/Hiking_deploy/unitree_ros2/cyclonedds_ws/install/unitree_hg/include/unitree_hg/unitree_hg/msg/detail/bms_state__type_support.h
[7.524s] -- Installing: /home/robot/Hiking_deploy/unitree_ros2/cyclonedds_ws/install/unitree_hg/include/unitree_hg/unitree_hg/msg/detail/hand_state__functions.h
[7.524s] -- Installing: /home/robot/Hiking_deploy/unitree_ros2/cyclonedds_ws/install/unitree_hg/include/unitree_hg/unitree_hg/msg/detail/main_board_state__functions.c
[7.524s] -- Installing: /home/robot/Hiking_deploy/unitree_ros2/cyclonedds_ws/install/unitree_hg/include/unitree_hg/unitree_hg/msg/detail/motor_state__functions.c
[7.524s] -- Installing: /home/robot/Hiking_deploy/unitree_ros2/cyclonedds_ws/install/unitree_hg/include/unitree_hg/unitree_hg/msg/detail/main_board_state__struct.h
[7.524s] -- Installing: /home/robot/Hiking_deploy/unitree_ros2/cyclonedds_ws/install/unitree_hg/include/unitree_hg/unitree_hg/msg/detail/press_sensor_state__functions.h
[7.524s] -- Installing: /home/robot/Hiking_deploy/unitree_ros2/cyclonedds_ws/install/unitree_hg/share/unitree_hg/environment/library_path.sh
[7.524s] -- Installing: /home/robot/Hiking_deploy/unitree_ros2/cyclonedds_ws/install/unitree_hg/share/unitree_hg/environment/library_path.dsv
[7.524s] -- Installing: /home/robot/Hiking_deploy/unitree_ros2/cyclonedds_ws/install/unitree_hg/lib/libunitree_hg__rosidl_generator_c.so
[7.524s] -- Set runtime path of "/home/robot/Hiking_deploy/unitree_ros2/cyclonedds_ws/install/unitree_hg/lib/libunitree_hg__rosidl_generator_c.so" to ""
[7.524s] -- Up-to-date: /home/robot/Hiking_deploy/unitree_ros2/cyclonedds_ws/install/unitree_hg/include/unitree_hg/unitree_hg
[7.524s] -- Up-to-date: /home/robot/Hiking_deploy/unitree_ros2/cyclonedds_ws/install/unitree_hg/include/unitree_hg/unitree_hg/msg
[7.524s] -- Up-to-date: /home/robot/Hiking_deploy/unitree_ros2/cyclonedds_ws/install/unitree_hg/include/unitree_hg/unitree_hg/msg/detail
[7.524s] -- Installing: /home/robot/Hiking_deploy/unitree_ros2/cyclonedds_ws/install/unitree_hg/include/unitree_hg/unitree_hg/msg/detail/hand_cmd__rosidl_typesupport_fastrtps_c.h
[7.524s] -- Installing: /home/robot/Hiking_deploy/unitree_ros2/cyclonedds_ws/install/unitree_hg/include/unitree_hg/unitree_hg/msg/detail/press_sensor_state__rosidl_typesupport_fastrtps_c.h
[7.524s] -- Installing: /home/robot/Hiking_deploy/unitree_ros2/cyclonedds_ws/install/unitree_hg/include/unitree_hg/unitree_hg/msg/detail/bms_state__rosidl_typesupport_fastrtps_c.h
[7.524s] -- Installing: /home/robot/Hiking_deploy/unitree_ros2/cyclonedds_ws/install/unitree_hg/include/unitree_hg/unitree_hg/msg/detail/hand_state__rosidl_typesupport_fastrtps_c.h
[7.524s] -- Installing: /home/robot/Hiking_deploy/unitree_ros2/cyclonedds_ws/install/unitree_hg/include/unitree_hg/unitree_hg/msg/detail/low_cmd__rosidl_typesupport_fastrtps_c.h
[7.524s] -- Installing: /home/robot/Hiking_deploy/unitree_ros2/cyclonedds_ws/install/unitree_hg/include/unitree_hg/unitree_hg/msg/detail/main_board_state__rosidl_typesupport_fastrtps_c.h
[7.524s] -- Installing: /home/robot/Hiking_deploy/unitree_ros2/cyclonedds_ws/install/unitree_hg/include/unitree_hg/unitree_hg/msg/detail/imu_state__rosidl_typesupport_fastrtps_c.h
[7.524s] -- Installing: /home/robot/Hiking_deploy/unitree_ros2/cyclonedds_ws/install/unitree_hg/include/unitree_hg/unitree_hg/msg/detail/bms_cmd__rosidl_typesupport_fastrtps_c.h
[7.524s] -- Installing: /home/robot/Hiking_deploy/unitree_ros2/cyclonedds_ws/install/unitree_hg/include/unitree_hg/unitree_hg/msg/detail/low_state__rosidl_typesupport_fastrtps_c.h
[7.524s] -- Installing: /home/robot/Hiking_deploy/unitree_ros2/cyclonedds_ws/install/unitree_hg/include/unitree_hg/unitree_hg/msg/detail/motor_cmd__rosidl_typesupport_fastrtps_c.h
[7.524s] -- Installing: /home/robot/Hiking_deploy/unitree_ros2/cyclonedds_ws/install/unitree_hg/include/unitree_hg/unitree_hg/msg/detail/motor_state__rosidl_typesupport_fastrtps_c.h
[7.524s] -- Installing: /home/robot/Hiking_deploy/unitree_ros2/cyclonedds_ws/install/unitree_hg/include/unitree_hg/unitree_hg/msg/rosidl_typesupport_fastrtps_c__visibility_control.h
[7.524s] -- Installing: /home/robot/Hiking_deploy/unitree_ros2/cyclonedds_ws/install/unitree_hg/lib/libunitree_hg__rosidl_typesupport_fastrtps_c.so
[7.525s] -- Set runtime path of "/home/robot/Hiking_deploy/unitree_ros2/cyclonedds_ws/install/unitree_hg/lib/libunitree_hg__rosidl_typesupport_fastrtps_c.so" to ""
[7.525s] -- Up-to-date: /home/robot/Hiking_deploy/unitree_ros2/cyclonedds_ws/install/unitree_hg/include/unitree_hg/unitree_hg
[7.525s] -- Up-to-date: /home/robot/Hiking_deploy/unitree_ros2/cyclonedds_ws/install/unitree_hg/include/unitree_hg/unitree_hg/msg
[7.525s] -- Installing: /home/robot/Hiking_deploy/unitree_ros2/cyclonedds_ws/install/unitree_hg/include/unitree_hg/unitree_hg/msg/rosidl_generator_cpp__visibility_control.hpp
[7.525s] -- Installing: /home/robot/Hiking_deploy/unitree_ros2/cyclonedds_ws/install/unitree_hg/include/unitree_hg/unitree_hg/msg/bms_state.hpp
[7.525s] -- Installing: /home/robot/Hiking_deploy/unitree_ros2/cyclonedds_ws/install/unitree_hg/include/unitree_hg/unitree_hg/msg/main_board_state.hpp
[7.525s] -- Installing: /home/robot/Hiking_deploy/unitree_ros2/cyclonedds_ws/install/unitree_hg/include/unitree_hg/unitree_hg/msg/motor_state.hpp
[7.525s] -- Installing: /home/robot/Hiking_deploy/unitree_ros2/cyclonedds_ws/install/unitree_hg/include/unitree_hg/unitree_hg/msg/press_sensor_state.hpp
[7.525s] -- Installing: /home/robot/Hiking_deploy/unitree_ros2/cyclonedds_ws/install/unitree_hg/include/unitree_hg/unitree_hg/msg/bms_cmd.hpp
[7.525s] -- Installing: /home/robot/Hiking_deploy/unitree_ros2/cyclonedds_ws/install/unitree_hg/include/unitree_hg/unitree_hg/msg/low_cmd.hpp
[7.525s] -- Installing: /home/robot/Hiking_deploy/unitree_ros2/cyclonedds_ws/install/unitree_hg/include/unitree_hg/unitree_hg/msg/motor_cmd.hpp
[7.525s] -- Installing: /home/robot/Hiking_deploy/unitree_ros2/cyclonedds_ws/install/unitree_hg/include/unitree_hg/unitree_hg/msg/imu_state.hpp
[7.525s] -- Installing: /home/robot/Hiking_deploy/unitree_ros2/cyclonedds_ws/install/unitree_hg/include/unitree_hg/unitree_hg/msg/hand_cmd.hpp
[7.525s] -- Up-to-date: /home/robot/Hiking_deploy/unitree_ros2/cyclonedds_ws/install/unitree_hg/include/unitree_hg/unitree_hg/msg/detail
[7.525s] -- Installing: /home/robot/Hiking_deploy/unitree_ros2/cyclonedds_ws/install/unitree_hg/include/unitree_hg/unitree_hg/msg/detail/low_cmd__traits.hpp
[7.525s] -- Installing: /home/robot/Hiking_deploy/unitree_ros2/cyclonedds_ws/install/unitree_hg/include/unitree_hg/unitree_hg/msg/detail/bms_cmd__traits.hpp
[7.525s] -- Installing: /home/robot/Hiking_deploy/unitree_ros2/cyclonedds_ws/install/unitree_hg/include/unitree_hg/unitree_hg/msg/detail/imu_state__traits.hpp
[7.525s] -- Installing: /home/robot/Hiking_deploy/unitree_ros2/cyclonedds_ws/install/unitree_hg/include/unitree_hg/unitree_hg/msg/detail/bms_state__struct.hpp
[7.525s] -- Installing: /home/robot/Hiking_deploy/unitree_ros2/cyclonedds_ws/install/unitree_hg/include/unitree_hg/unitree_hg/msg/detail/low_state__type_support.hpp
[7.525s] -- Installing: /home/robot/Hiking_deploy/unitree_ros2/cyclonedds_ws/install/unitree_hg/include/unitree_hg/unitree_hg/msg/detail/main_board_state__struct.hpp
[7.525s] -- Installing: /home/robot/Hiking_deploy/unitree_ros2/cyclonedds_ws/install/unitree_hg/include/unitree_hg/unitree_hg/msg/detail/hand_state__builder.hpp
[7.525s] -- Installing: /home/robot/Hiking_deploy/unitree_ros2/cyclonedds_ws/install/unitree_hg/include/unitree_hg/unitree_hg/msg/detail/motor_cmd__builder.hpp
[7.525s] -- Installing: /home/robot/Hiking_deploy/unitree_ros2/cyclonedds_ws/install/unitree_hg/include/unitree_hg/unitree_hg/msg/detail/imu_state__type_support.hpp
[7.525s] -- Installing: /home/robot/Hiking_deploy/unitree_ros2/cyclonedds_ws/install/unitree_hg/include/unitree_hg/unitree_hg/msg/detail/main_board_state__traits.hpp
[7.526s] -- Installing: /home/robot/Hiking_deploy/unitree_ros2/cyclonedds_ws/install/unitree_hg/include/unitree_hg/unitree_hg/msg/detail/bms_cmd__builder.hpp
[7.526s] -- Installing: /home/robot/Hiking_deploy/unitree_ros2/cyclonedds_ws/install/unitree_hg/include/unitree_hg/unitree_hg/msg/detail/press_sensor_state__struct.hpp
[7.526s] -- Installing: /home/robot/Hiking_deploy/unitree_ros2/cyclonedds_ws/install/unitree_hg/include/unitree_hg/unitree_hg/msg/detail/imu_state__builder.hpp
[7.526s] -- Installing: /home/robot/Hiking_deploy/unitree_ros2/cyclonedds_ws/install/unitree_hg/include/unitree_hg/unitree_hg/msg/detail/press_sensor_state__builder.hpp
[7.526s] -- Installing: /home/robot/Hiking_deploy/unitree_ros2/cyclonedds_ws/install/unitree_hg/include/unitree_hg/unitree_hg/msg/detail/hand_state__type_support.hpp
[7.526s] -- Installing: /home/robot/Hiking_deploy/unitree_ros2/cyclonedds_ws/install/unitree_hg/include/unitree_hg/unitree_hg/msg/detail/hand_cmd__struct.hpp
[7.526s] -- Installing: /home/robot/Hiking_deploy/unitree_ros2/cyclonedds_ws/install/unitree_hg/include/unitree_hg/unitree_hg/msg/detail/motor_state__struct.hpp
[7.526s] -- Installing: /home/robot/Hiking_deploy/unitree_ros2/cyclonedds_ws/install/unitree_hg/include/unitree_hg/unitree_hg/msg/detail/hand_state__traits.hpp
[7.526s] -- Installing: /home/robot/Hiking_deploy/unitree_ros2/cyclonedds_ws/install/unitree_hg/include/unitree_hg/unitree_hg/msg/detail/hand_cmd__type_support.hpp
[7.526s] -- Installing: /home/robot/Hiking_deploy/unitree_ros2/cyclonedds_ws/install/unitree_hg/include/unitree_hg/unitree_hg/msg/detail/hand_cmd__traits.hpp
[7.526s] -- Installing: /home/robot/Hiking_deploy/unitree_ros2/cyclonedds_ws/install/unitree_hg/include/unitree_hg/unitree_hg/msg/detail/low_state__struct.hpp
[7.526s] -- Installing: /home/robot/Hiking_deploy/unitree_ros2/cyclonedds_ws/install/unitree_hg/include/unitree_hg/unitree_hg/msg/detail/low_state__builder.hpp
[7.526s] -- Installing: /home/robot/Hiking_deploy/unitree_ros2/cyclonedds_ws/install/unitree_hg/include/unitree_hg/unitree_hg/msg/detail/press_sensor_state__traits.hpp
[7.526s] -- Installing: /home/robot/Hiking_deploy/unitree_ros2/cyclonedds_ws/install/unitree_hg/include/unitree_hg/unitree_hg/msg/detail/press_sensor_state__type_support.hpp
[7.526s] -- Installing: /home/robot/Hiking_deploy/unitree_ros2/cyclonedds_ws/install/unitree_hg/include/unitree_hg/unitree_hg/msg/detail/motor_state__builder.hpp
[7.526s] -- Installing: /home/robot/Hiking_deploy/unitree_ros2/cyclonedds_ws/install/unitree_hg/include/unitree_hg/unitree_hg/msg/detail/motor_cmd__struct.hpp
[7.526s] -- Installing: /home/robot/Hiking_deploy/unitree_ros2/cyclonedds_ws/install/unitree_hg/include/unitree_hg/unitree_hg/msg/detail/bms_cmd__type_support.hpp
[7.526s] -- Installing: /home/robot/Hiking_deploy/unitree_ros2/cyclonedds_ws/install/unitree_hg/include/unitree_hg/unitree_hg/msg/detail/main_board_state__builder.hpp
[7.526s] -- Installing: /home/robot/Hiking_deploy/unitree_ros2/cyclonedds_ws/install/unitree_hg/include/unitree_hg/unitree_hg/msg/detail/motor_state__type_support.hpp
[7.526s] -- Installing: /home/robot/Hiking_deploy/unitree_ros2/cyclonedds_ws/install/unitree_hg/include/unitree_hg/unitree_hg/msg/detail/motor_cmd__traits.hpp
[7.526s] -- Installing: /home/robot/Hiking_deploy/unitree_ros2/cyclonedds_ws/install/unitree_hg/include/unitree_hg/unitree_hg/msg/detail/low_cmd__struct.hpp
[7.526s] -- Installing: /home/robot/Hiking_deploy/unitree_ros2/cyclonedds_ws/install/unitree_hg/include/unitree_hg/unitree_hg/msg/detail/low_cmd__builder.hpp
[7.526s] -- Installing: /home/robot/Hiking_deploy/unitree_ros2/cyclonedds_ws/install/unitree_hg/include/unitree_hg/unitree_hg/msg/detail/bms_state__traits.hpp
[7.527s] -- Installing: /home/robot/Hiking_deploy/unitree_ros2/cyclonedds_ws/install/unitree_hg/include/unitree_hg/unitree_hg/msg/detail/low_state__traits.hpp
[7.527s] -- Installing: /home/robot/Hiking_deploy/unitree_ros2/cyclonedds_ws/install/unitree_hg/include/unitree_hg/unitree_hg/msg/detail/motor_state__traits.hpp
[7.527s] -- Installing: /home/robot/Hiking_deploy/unitree_ros2/cyclonedds_ws/install/unitree_hg/include/unitree_hg/unitree_hg/msg/detail/bms_state__type_support.hpp
[7.527s] -- Installing: /home/robot/Hiking_deploy/unitree_ros2/cyclonedds_ws/install/unitree_hg/include/unitree_hg/unitree_hg/msg/detail/motor_cmd__type_support.hpp
[7.527s] -- Installing: /home/robot/Hiking_deploy/unitree_ros2/cyclonedds_ws/install/unitree_hg/include/unitree_hg/unitree_hg/msg/detail/main_board_state__type_support.hpp
[7.527s] -- Installing: /home/robot/Hiking_deploy/unitree_ros2/cyclonedds_ws/install/unitree_hg/include/unitree_hg/unitree_hg/msg/detail/low_cmd__type_support.hpp
[7.527s] -- Installing: /home/robot/Hiking_deploy/unitree_ros2/cyclonedds_ws/install/unitree_hg/include/unitree_hg/unitree_hg/msg/detail/hand_cmd__builder.hpp
[7.527s] -- Installing: /home/robot/Hiking_deploy/unitree_ros2/cyclonedds_ws/install/unitree_hg/include/unitree_hg/unitree_hg/msg/detail/imu_state__struct.hpp
[7.527s] -- Installing: /home/robot/Hiking_deploy/unitree_ros2/cyclonedds_ws/install/unitree_hg/include/unitree_hg/unitree_hg/msg/detail/bms_cmd__struct.hpp
[7.527s] -- Installing: /home/robot/Hiking_deploy/unitree_ros2/cyclonedds_ws/install/unitree_hg/include/unitree_hg/unitree_hg/msg/detail/hand_state__struct.hpp
[7.527s] -- Installing: /home/robot/Hiking_deploy/unitree_ros2/cyclonedds_ws/install/unitree_hg/include/unitree_hg/unitree_hg/msg/detail/bms_state__builder.hpp
[7.527s] -- Installing: /home/robot/Hiking_deploy/unitree_ros2/cyclonedds_ws/install/unitree_hg/include/unitree_hg/unitree_hg/msg/hand_state.hpp
[7.527s] -- Installing: /home/robot/Hiking_deploy/unitree_ros2/cyclonedds_ws/install/unitree_hg/include/unitree_hg/unitree_hg/msg/low_state.hpp
[7.527s] -- Up-to-date: /home/robot/Hiking_deploy/unitree_ros2/cyclonedds_ws/install/unitree_hg/include/unitree_hg/unitree_hg
[7.527s] -- Up-to-date: /home/robot/Hiking_deploy/unitree_ros2/cyclonedds_ws/install/unitree_hg/include/unitree_hg/unitree_hg/msg
[7.527s] -- Installing: /home/robot/Hiking_deploy/unitree_ros2/cyclonedds_ws/install/unitree_hg/include/unitree_hg/unitree_hg/msg/rosidl_typesupport_fastrtps_cpp__visibility_control.h
[7.527s] -- Up-to-date: /home/robot/Hiking_deploy/unitree_ros2/cyclonedds_ws/install/unitree_hg/include/unitree_hg/unitree_hg/msg/detail
[7.527s] -- Installing: /home/robot/Hiking_deploy/unitree_ros2/cyclonedds_ws/install/unitree_hg/include/unitree_hg/unitree_hg/msg/detail/dds_fastrtps
[7.527s] -- Installing: /home/robot/Hiking_deploy/unitree_ros2/cyclonedds_ws/install/unitree_hg/include/unitree_hg/unitree_hg/msg/detail/imu_state__rosidl_typesupport_fastrtps_cpp.hpp
[7.527s] -- Installing: /home/robot/Hiking_deploy/unitree_ros2/cyclonedds_ws/install/unitree_hg/include/unitree_hg/unitree_hg/msg/detail/low_cmd__rosidl_typesupport_fastrtps_cpp.hpp
[7.527s] -- Installing: /home/robot/Hiking_deploy/unitree_ros2/cyclonedds_ws/install/unitree_hg/include/unitree_hg/unitree_hg/msg/detail/motor_cmd__rosidl_typesupport_fastrtps_cpp.hpp
[7.527s] -- Installing: /home/robot/Hiking_deploy/unitree_ros2/cyclonedds_ws/install/unitree_hg/include/unitree_hg/unitree_hg/msg/detail/low_state__rosidl_typesupport_fastrtps_cpp.hpp
[7.527s] -- Installing: /home/robot/Hiking_deploy/unitree_ros2/cyclonedds_ws/install/unitree_hg/include/unitree_hg/unitree_hg/msg/detail/motor_state__rosidl_typesupport_fastrtps_cpp.hpp
[7.527s] -- Installing: /home/robot/Hiking_deploy/unitree_ros2/cyclonedds_ws/install/unitree_hg/include/unitree_hg/unitree_hg/msg/detail/hand_cmd__rosidl_typesupport_fastrtps_cpp.hpp
[7.528s] -- Installing: /home/robot/Hiking_deploy/unitree_ros2/cyclonedds_ws/install/unitree_hg/include/unitree_hg/unitree_hg/msg/detail/press_sensor_state__rosidl_typesupport_fastrtps_cpp.hpp
[7.528s] -- Installing: /home/robot/Hiking_deploy/unitree_ros2/cyclonedds_ws/install/unitree_hg/include/unitree_hg/unitree_hg/msg/detail/hand_state__rosidl_typesupport_fastrtps_cpp.hpp
[7.528s] -- Installing: /home/robot/Hiking_deploy/unitree_ros2/cyclonedds_ws/install/unitree_hg/include/unitree_hg/unitree_hg/msg/detail/bms_state__rosidl_typesupport_fastrtps_cpp.hpp
[7.528s] -- Installing: /home/robot/Hiking_deploy/unitree_ros2/cyclonedds_ws/install/unitree_hg/include/unitree_hg/unitree_hg/msg/detail/bms_cmd__rosidl_typesupport_fastrtps_cpp.hpp
[7.528s] -- Installing: /home/robot/Hiking_deploy/unitree_ros2/cyclonedds_ws/install/unitree_hg/include/unitree_hg/unitree_hg/msg/detail/main_board_state__rosidl_typesupport_fastrtps_cpp.hpp
[7.528s] -- Installing: /home/robot/Hiking_deploy/unitree_ros2/cyclonedds_ws/install/unitree_hg/lib/libunitree_hg__rosidl_typesupport_fastrtps_cpp.so
[7.528s] -- Set runtime path of "/home/robot/Hiking_deploy/unitree_ros2/cyclonedds_ws/install/unitree_hg/lib/libunitree_hg__rosidl_typesupport_fastrtps_cpp.so" to ""
[7.528s] -- Up-to-date: /home/robot/Hiking_deploy/unitree_ros2/cyclonedds_ws/install/unitree_hg/include/unitree_hg/unitree_hg
[7.528s] -- Up-to-date: /home/robot/Hiking_deploy/unitree_ros2/cyclonedds_ws/install/unitree_hg/include/unitree_hg/unitree_hg/msg
[7.528s] -- Installing: /home/robot/Hiking_deploy/unitree_ros2/cyclonedds_ws/install/unitree_hg/include/unitree_hg/unitree_hg/msg/rosidl_typesupport_introspection_c__visibility_control.h
[7.528s] -- Up-to-date: /home/robot/Hiking_deploy/unitree_ros2/cyclonedds_ws/install/unitree_hg/include/unitree_hg/unitree_hg/msg/detail
[7.528s] -- Installing: /home/robot/Hiking_deploy/unitree_ros2/cyclonedds_ws/install/unitree_hg/include/unitree_hg/unitree_hg/msg/detail/main_board_state__rosidl_typesupport_introspection_c.h
[7.528s] -- Installing: /home/robot/Hiking_deploy/unitree_ros2/cyclonedds_ws/install/unitree_hg/include/unitree_hg/unitree_hg/msg/detail/low_cmd__type_support.c
[7.528s] -- Installing: /home/robot/Hiking_deploy/unitree_ros2/cyclonedds_ws/install/unitree_hg/include/unitree_hg/unitree_hg/msg/detail/motor_cmd__rosidl_typesupport_introspection_c.h
[7.528s] -- Installing: /home/robot/Hiking_deploy/unitree_ros2/cyclonedds_ws/install/unitree_hg/include/unitree_hg/unitree_hg/msg/detail/hand_cmd__rosidl_typesupport_introspection_c.h
[7.528s] -- Installing: /home/robot/Hiking_deploy/unitree_ros2/cyclonedds_ws/install/unitree_hg/include/unitree_hg/unitree_hg/msg/detail/low_state__type_support.c
[7.528s] -- Installing: /home/robot/Hiking_deploy/unitree_ros2/cyclonedds_ws/install/unitree_hg/include/unitree_hg/unitree_hg/msg/detail/low_cmd__rosidl_typesupport_introspection_c.h
[7.528s] -- Installing: /home/robot/Hiking_deploy/unitree_ros2/cyclonedds_ws/install/unitree_hg/include/unitree_hg/unitree_hg/msg/detail/hand_state__type_support.c
[7.529s] -- Installing: /home/robot/Hiking_deploy/unitree_ros2/cyclonedds_ws/install/unitree_hg/include/unitree_hg/unitree_hg/msg/detail/imu_state__type_support.c
[7.529s] -- Installing: /home/robot/Hiking_deploy/unitree_ros2/cyclonedds_ws/install/unitree_hg/include/unitree_hg/unitree_hg/msg/detail/bms_state__rosidl_typesupport_introspection_c.h
[7.529s] -- Installing: /home/robot/Hiking_deploy/unitree_ros2/cyclonedds_ws/install/unitree_hg/include/unitree_hg/unitree_hg/msg/detail/press_sensor_state__type_support.c
[7.529s] -- Installing: /home/robot/Hiking_deploy/unitree_ros2/cyclonedds_ws/install/unitree_hg/include/unitree_hg/unitree_hg/msg/detail/bms_state__type_support.c
[7.529s] -- Installing: /home/robot/Hiking_deploy/unitree_ros2/cyclonedds_ws/install/unitree_hg/include/unitree_hg/unitree_hg/msg/detail/motor_cmd__type_support.c
[7.529s] -- Installing: /home/robot/Hiking_deploy/unitree_ros2/cyclonedds_ws/install/unitree_hg/include/unitree_hg/unitree_hg/msg/detail/motor_state__rosidl_typesupport_introspection_c.h
[7.529s] -- Installing: /home/robot/Hiking_deploy/unitree_ros2/cyclonedds_ws/install/unitree_hg/include/unitree_hg/unitree_hg/msg/detail/imu_state__rosidl_typesupport_introspection_c.h
[7.529s] -- Installing: /home/robot/Hiking_deploy/unitree_ros2/cyclonedds_ws/install/unitree_hg/include/unitree_hg/unitree_hg/msg/detail/press_sensor_state__rosidl_typesupport_introspection_c.h
[7.529s] -- Installing: /home/robot/Hiking_deploy/unitree_ros2/cyclonedds_ws/install/unitree_hg/include/unitree_hg/unitree_hg/msg/detail/main_board_state__type_support.c
[7.529s] -- Installing: /home/robot/Hiking_deploy/unitree_ros2/cyclonedds_ws/install/unitree_hg/include/unitree_hg/unitree_hg/msg/detail/hand_state__rosidl_typesupport_introspection_c.h
[7.529s] -- Installing: /home/robot/Hiking_deploy/unitree_ros2/cyclonedds_ws/install/unitree_hg/include/unitree_hg/unitree_hg/msg/detail/low_state__rosidl_typesupport_introspection_c.h
[7.529s] -- Installing: /home/robot/Hiking_deploy/unitree_ros2/cyclonedds_ws/install/unitree_hg/include/unitree_hg/unitree_hg/msg/detail/bms_cmd__rosidl_typesupport_introspection_c.h
[7.529s] -- Installing: /home/robot/Hiking_deploy/unitree_ros2/cyclonedds_ws/install/unitree_hg/include/unitree_hg/unitree_hg/msg/detail/hand_cmd__type_support.c
[7.529s] -- Installing: /home/robot/Hiking_deploy/unitree_ros2/cyclonedds_ws/install/unitree_hg/include/unitree_hg/unitree_hg/msg/detail/bms_cmd__type_support.c
[7.529s] -- Installing: /home/robot/Hiking_deploy/unitree_ros2/cyclonedds_ws/install/unitree_hg/include/unitree_hg/unitree_hg/msg/detail/motor_state__type_support.c
[7.529s] -- Installing: /home/robot/Hiking_deploy/unitree_ros2/cyclonedds_ws/install/unitree_hg/lib/libunitree_hg__rosidl_typesupport_introspection_c.so
[7.529s] -- Set runtime path of "/home/robot/Hiking_deploy/unitree_ros2/cyclonedds_ws/install/unitree_hg/lib/libunitree_hg__rosidl_typesupport_introspection_c.so" to ""
[7.529s] -- Installing: /home/robot/Hiking_deploy/unitree_ros2/cyclonedds_ws/install/unitree_hg/lib/libunitree_hg__rosidl_typesupport_c.so
[7.530s] -- Set runtime path of "/home/robot/Hiking_deploy/unitree_ros2/cyclonedds_ws/install/unitree_hg/lib/libunitree_hg__rosidl_typesupport_c.so" to ""
[7.530s] -- Up-to-date: /home/robot/Hiking_deploy/unitree_ros2/cyclonedds_ws/install/unitree_hg/include/unitree_hg/unitree_hg
[7.530s] -- Up-to-date: /home/robot/Hiking_deploy/unitree_ros2/cyclonedds_ws/install/unitree_hg/include/unitree_hg/unitree_hg/msg
[7.530s] -- Up-to-date: /home/robot/Hiking_deploy/unitree_ros2/cyclonedds_ws/install/unitree_hg/include/unitree_hg/unitree_hg/msg/detail
[7.530s] -- Installing: /home/robot/Hiking_deploy/unitree_ros2/cyclonedds_ws/install/unitree_hg/include/unitree_hg/unitree_hg/msg/detail/motor_state__rosidl_typesupport_introspection_cpp.hpp
[7.530s] -- Installing: /home/robot/Hiking_deploy/unitree_ros2/cyclonedds_ws/install/unitree_hg/include/unitree_hg/unitree_hg/msg/detail/low_cmd__type_support.cpp
[7.530s] -- Installing: /home/robot/Hiking_deploy/unitree_ros2/cyclonedds_ws/install/unitree_hg/include/unitree_hg/unitree_hg/msg/detail/bms_cmd__type_support.cpp
[7.530s] -- Installing: /home/robot/Hiking_deploy/unitree_ros2/cyclonedds_ws/install/unitree_hg/include/unitree_hg/unitree_hg/msg/detail/motor_cmd__rosidl_typesupport_introspection_cpp.hpp
[7.530s] -- Installing: /home/robot/Hiking_deploy/unitree_ros2/cyclonedds_ws/install/unitree_hg/include/unitree_hg/unitree_hg/msg/detail/motor_state__type_support.cpp
[7.530s] -- Installing: /home/robot/Hiking_deploy/unitree_ros2/cyclonedds_ws/install/unitree_hg/include/unitree_hg/unitree_hg/msg/detail/main_board_state__rosidl_typesupport_introspection_cpp.hpp
[7.530s] -- Installing: /home/robot/Hiking_deploy/unitree_ros2/cyclonedds_ws/install/unitree_hg/include/unitree_hg/unitree_hg/msg/detail/motor_cmd__type_support.cpp
[7.530s] -- Installing: /home/robot/Hiking_deploy/unitree_ros2/cyclonedds_ws/install/unitree_hg/include/unitree_hg/unitree_hg/msg/detail/imu_state__type_support.cpp
[7.530s] -- Installing: /home/robot/Hiking_deploy/unitree_ros2/cyclonedds_ws/install/unitree_hg/include/unitree_hg/unitree_hg/msg/detail/hand_cmd__rosidl_typesupport_introspection_cpp.hpp
[7.530s] -- Installing: /home/robot/Hiking_deploy/unitree_ros2/cyclonedds_ws/install/unitree_hg/include/unitree_hg/unitree_hg/msg/detail/low_cmd__rosidl_typesupport_introspection_cpp.hpp
[7.530s] -- Installing: /home/robot/Hiking_deploy/unitree_ros2/cyclonedds_ws/install/unitree_hg/include/unitree_hg/unitree_hg/msg/detail/hand_state__rosidl_typesupport_introspection_cpp.hpp
[7.530s] -- Installing: /home/robot/Hiking_deploy/unitree_ros2/cyclonedds_ws/install/unitree_hg/include/unitree_hg/unitree_hg/msg/detail/main_board_state__type_support.cpp
[7.530s] -- Installing: /home/robot/Hiking_deploy/unitree_ros2/cyclonedds_ws/install/unitree_hg/include/unitree_hg/unitree_hg/msg/detail/press_sensor_state__type_support.cpp
[7.530s] -- Installing: /home/robot/Hiking_deploy/unitree_ros2/cyclonedds_ws/install/unitree_hg/include/unitree_hg/unitree_hg/msg/detail/bms_cmd__rosidl_typesupport_introspection_cpp.hpp
[7.530s] -- Installing: /home/robot/Hiking_deploy/unitree_ros2/cyclonedds_ws/install/unitree_hg/include/unitree_hg/unitree_hg/msg/detail/press_sensor_state__rosidl_typesupport_introspection_cpp.hpp
[7.530s] -- Installing: /home/robot/Hiking_deploy/unitree_ros2/cyclonedds_ws/install/unitree_hg/include/unitree_hg/unitree_hg/msg/detail/low_state__rosidl_typesupport_introspection_cpp.hpp
[7.530s] -- Installing: /home/robot/Hiking_deploy/unitree_ros2/cyclonedds_ws/install/unitree_hg/include/unitree_hg/unitree_hg/msg/detail/bms_state__rosidl_typesupport_introspection_cpp.hpp
[7.530s] -- Installing: /home/robot/Hiking_deploy/unitree_ros2/cyclonedds_ws/install/unitree_hg/include/unitree_hg/unitree_hg/msg/detail/hand_state__type_support.cpp
[7.530s] -- Installing: /home/robot/Hiking_deploy/unitree_ros2/cyclonedds_ws/install/unitree_hg/include/unitree_hg/unitree_hg/msg/detail/imu_state__rosidl_typesupport_introspection_cpp.hpp
[7.530s] -- Installing: /home/robot/Hiking_deploy/unitree_ros2/cyclonedds_ws/install/unitree_hg/include/unitree_hg/unitree_hg/msg/detail/hand_cmd__type_support.cpp
[7.531s] -- Installing: /home/robot/Hiking_deploy/unitree_ros2/cyclonedds_ws/install/unitree_hg/include/unitree_hg/unitree_hg/msg/detail/low_state__type_support.cpp
[7.531s] -- Installing: /home/robot/Hiking_deploy/unitree_ros2/cyclonedds_ws/install/unitree_hg/include/unitree_hg/unitree_hg/msg/detail/bms_state__type_support.cpp
[7.531s] -- Installing: /home/robot/Hiking_deploy/unitree_ros2/cyclonedds_ws/install/unitree_hg/lib/libunitree_hg__rosidl_typesupport_introspection_cpp.so
[7.531s] -- Set runtime path of "/home/robot/Hiking_deploy/unitree_ros2/cyclonedds_ws/install/unitree_hg/lib/libunitree_hg__rosidl_typesupport_introspection_cpp.so" to ""
[7.531s] -- Installing: /home/robot/Hiking_deploy/unitree_ros2/cyclonedds_ws/install/unitree_hg/lib/libunitree_hg__rosidl_typesupport_cpp.so
[7.531s] -- Set runtime path of "/home/robot/Hiking_deploy/unitree_ros2/cyclonedds_ws/install/unitree_hg/lib/libunitree_hg__rosidl_typesupport_cpp.so" to ""
[7.531s] -- Installing: /home/robot/Hiking_deploy/unitree_ros2/cyclonedds_ws/install/unitree_hg/share/unitree_hg/environment/pythonpath.sh
[7.531s] -- Installing: /home/robot/Hiking_deploy/unitree_ros2/cyclonedds_ws/install/unitree_hg/share/unitree_hg/environment/pythonpath.dsv
[7.531s] -- Installing: /home/robot/Hiking_deploy/unitree_ros2/cyclonedds_ws/install/unitree_hg/lib/python3.10/site-packages/unitree_hg-0.0.0-py3.10.egg-info
[7.531s] -- Installing: /home/robot/Hiking_deploy/unitree_ros2/cyclonedds_ws/install/unitree_hg/lib/python3.10/site-packages/unitree_hg-0.0.0-py3.10.egg-info/SOURCES.txt
[7.531s] -- Installing: /home/robot/Hiking_deploy/unitree_ros2/cyclonedds_ws/install/unitree_hg/lib/python3.10/site-packages/unitree_hg-0.0.0-py3.10.egg-info/PKG-INFO
[7.531s] -- Installing: /home/robot/Hiking_deploy/unitree_ros2/cyclonedds_ws/install/unitree_hg/lib/python3.10/site-packages/unitree_hg-0.0.0-py3.10.egg-info/dependency_links.txt
[7.531s] -- Installing: /home/robot/Hiking_deploy/unitree_ros2/cyclonedds_ws/install/unitree_hg/lib/python3.10/site-packages/unitree_hg-0.0.0-py3.10.egg-info/top_level.txt
[7.531s] -- Installing: /home/robot/Hiking_deploy/unitree_ros2/cyclonedds_ws/install/unitree_hg/lib/python3.10/site-packages/unitree_hg
[7.531s] -- Installing: /home/robot/Hiking_deploy/unitree_ros2/cyclonedds_ws/install/unitree_hg/lib/python3.10/site-packages/unitree_hg/_unitree_hg_s.ep.rosidl_typesupport_fastrtps_c.c
[7.531s] -- Installing: /home/robot/Hiking_deploy/unitree_ros2/cyclonedds_ws/install/unitree_hg/lib/python3.10/site-packages/unitree_hg/_unitree_hg_s.ep.rosidl_typesupport_introspection_c.c
[7.532s] -- Installing: /home/robot/Hiking_deploy/unitree_ros2/cyclonedds_ws/install/unitree_hg/lib/python3.10/site-packages/unitree_hg/_unitree_hg_s.ep.rosidl_typesupport_c.c
[7.532s] -- Installing: /home/robot/Hiking_deploy/unitree_ros2/cyclonedds_ws/install/unitree_hg/lib/python3.10/site-packages/unitree_hg/__init__.py
[7.532s] -- Installing: /home/robot/Hiking_deploy/unitree_ros2/cyclonedds_ws/install/unitree_hg/lib/python3.10/site-packages/unitree_hg/msg
[7.532s] -- Installing: /home/robot/Hiking_deploy/unitree_ros2/cyclonedds_ws/install/unitree_hg/lib/python3.10/site-packages/unitree_hg/msg/_hand_state.py
[7.532s] -- Installing: /home/robot/Hiking_deploy/unitree_ros2/cyclonedds_ws/install/unitree_hg/lib/python3.10/site-packages/unitree_hg/msg/_press_sensor_state_s.c
[7.532s] -- Installing: /home/robot/Hiking_deploy/unitree_ros2/cyclonedds_ws/install/unitree_hg/lib/python3.10/site-packages/unitree_hg/msg/_low_state.py
[7.532s] -- Installing: /home/robot/Hiking_deploy/unitree_ros2/cyclonedds_ws/install/unitree_hg/lib/python3.10/site-packages/unitree_hg/msg/_motor_cmd_s.c
[7.532s] -- Installing: /home/robot/Hiking_deploy/unitree_ros2/cyclonedds_ws/install/unitree_hg/lib/python3.10/site-packages/unitree_hg/msg/_motor_state.py
[7.532s] -- Installing: /home/robot/Hiking_deploy/unitree_ros2/cyclonedds_ws/install/unitree_hg/lib/python3.10/site-packages/unitree_hg/msg/_hand_cmd_s.c
[7.532s] -- Installing: /home/robot/Hiking_deploy/unitree_ros2/cyclonedds_ws/install/unitree_hg/lib/python3.10/site-packages/unitree_hg/msg/_imu_state_s.c
[7.532s] -- Installing: /home/robot/Hiking_deploy/unitree_ros2/cyclonedds_ws/install/unitree_hg/lib/python3.10/site-packages/unitree_hg/msg/_bms_cmd.py
[7.532s] -- Installing: /home/robot/Hiking_deploy/unitree_ros2/cyclonedds_ws/install/unitree_hg/lib/python3.10/site-packages/unitree_hg/msg/_hand_cmd.py
[7.532s] -- Installing: /home/robot/Hiking_deploy/unitree_ros2/cyclonedds_ws/install/unitree_hg/lib/python3.10/site-packages/unitree_hg/msg/_bms_state.py
[7.532s] -- Installing: /home/robot/Hiking_deploy/unitree_ros2/cyclonedds_ws/install/unitree_hg/lib/python3.10/site-packages/unitree_hg/msg/_hand_state_s.c
[7.532s] -- Installing: /home/robot/Hiking_deploy/unitree_ros2/cyclonedds_ws/install/unitree_hg/lib/python3.10/site-packages/unitree_hg/msg/_low_state_s.c
[7.532s] -- Installing: /home/robot/Hiking_deploy/unitree_ros2/cyclonedds_ws/install/unitree_hg/lib/python3.10/site-packages/unitree_hg/msg/_imu_state.py
[7.532s] -- Installing: /home/robot/Hiking_deploy/unitree_ros2/cyclonedds_ws/install/unitree_hg/lib/python3.10/site-packages/unitree_hg/msg/__init__.py
[7.532s] -- Installing: /home/robot/Hiking_deploy/unitree_ros2/cyclonedds_ws/install/unitree_hg/lib/python3.10/site-packages/unitree_hg/msg/_press_sensor_state.py
[7.532s] -- Installing: /home/robot/Hiking_deploy/unitree_ros2/cyclonedds_ws/install/unitree_hg/lib/python3.10/site-packages/unitree_hg/msg/_bms_cmd_s.c
[7.532s] -- Installing: /home/robot/Hiking_deploy/unitree_ros2/cyclonedds_ws/install/unitree_hg/lib/python3.10/site-packages/unitree_hg/msg/_low_cmd.py
[7.532s] -- Installing: /home/robot/Hiking_deploy/unitree_ros2/cyclonedds_ws/install/unitree_hg/lib/python3.10/site-packages/unitree_hg/msg/_motor_cmd.py
[7.532s] -- Installing: /home/robot/Hiking_deploy/unitree_ros2/cyclonedds_ws/install/unitree_hg/lib/python3.10/site-packages/unitree_hg/msg/_main_board_state_s.c
[7.532s] -- Installing: /home/robot/Hiking_deploy/unitree_ros2/cyclonedds_ws/install/unitree_hg/lib/python3.10/site-packages/unitree_hg/msg/_motor_state_s.c
[7.533s] -- Installing: /home/robot/Hiking_deploy/unitree_ros2/cyclonedds_ws/install/unitree_hg/lib/python3.10/site-packages/unitree_hg/msg/_main_board_state.py
[7.533s] -- Installing: /home/robot/Hiking_deploy/unitree_ros2/cyclonedds_ws/install/unitree_hg/lib/python3.10/site-packages/unitree_hg/msg/_bms_state_s.c
[7.533s] -- Installing: /home/robot/Hiking_deploy/unitree_ros2/cyclonedds_ws/install/unitree_hg/lib/python3.10/site-packages/unitree_hg/msg/_low_cmd_s.c
[7.533s] -- Installing: /home/robot/Hiking_deploy/unitree_ros2/cyclonedds_ws/install/unitree_hg/lib/python3.10/site-packages/unitree_hg/unitree_hg_s__rosidl_typesupport_introspection_c.cpython-310-x86_64-linux-gnu.so
[7.533s] -- Installing: /home/robot/Hiking_deploy/unitree_ros2/cyclonedds_ws/install/unitree_hg/lib/python3.10/site-packages/unitree_hg/libunitree_hg__rosidl_generator_py.so
[7.533s] -- Installing: /home/robot/Hiking_deploy/unitree_ros2/cyclonedds_ws/install/unitree_hg/lib/python3.10/site-packages/unitree_hg/unitree_hg_s__rosidl_typesupport_fastrtps_c.cpython-310-x86_64-linux-gnu.so
[7.533s] -- Installing: /home/robot/Hiking_deploy/unitree_ros2/cyclonedds_ws/install/unitree_hg/lib/python3.10/site-packages/unitree_hg/unitree_hg_s__rosidl_typesupport_c.cpython-310-x86_64-linux-gnu.so
[7.566s] Listing '/home/robot/Hiking_deploy/unitree_ros2/cyclonedds_ws/install/unitree_hg/lib/python3.10/site-packages/unitree_hg'...
[7.566s] Compiling '/home/robot/Hiking_deploy/unitree_ros2/cyclonedds_ws/install/unitree_hg/lib/python3.10/site-packages/unitree_hg/__init__.py'...
[7.566s] Listing '/home/robot/Hiking_deploy/unitree_ros2/cyclonedds_ws/install/unitree_hg/lib/python3.10/site-packages/unitree_hg/msg'...
[7.566s] Compiling '/home/robot/Hiking_deploy/unitree_ros2/cyclonedds_ws/install/unitree_hg/lib/python3.10/site-packages/unitree_hg/msg/__init__.py'...
[7.566s] Compiling '/home/robot/Hiking_deploy/unitree_ros2/cyclonedds_ws/install/unitree_hg/lib/python3.10/site-packages/unitree_hg/msg/_bms_cmd.py'...
[7.566s] Compiling '/home/robot/Hiking_deploy/unitree_ros2/cyclonedds_ws/install/unitree_hg/lib/python3.10/site-packages/unitree_hg/msg/_bms_state.py'...
[7.566s] Compiling '/home/robot/Hiking_deploy/unitree_ros2/cyclonedds_ws/install/unitree_hg/lib/python3.10/site-packages/unitree_hg/msg/_hand_cmd.py'...
[7.566s] Compiling '/home/robot/Hiking_deploy/unitree_ros2/cyclonedds_ws/install/unitree_hg/lib/python3.10/site-packages/unitree_hg/msg/_hand_state.py'...
[7.566s] Compiling '/home/robot/Hiking_deploy/unitree_ros2/cyclonedds_ws/install/unitree_hg/lib/python3.10/site-packages/unitree_hg/msg/_imu_state.py'...
[7.566s] Compiling '/home/robot/Hiking_deploy/unitree_ros2/cyclonedds_ws/install/unitree_hg/lib/python3.10/site-packages/unitree_hg/msg/_low_cmd.py'...
[7.566s] Compiling '/home/robot/Hiking_deploy/unitree_ros2/cyclonedds_ws/install/unitree_hg/lib/python3.10/site-packages/unitree_hg/msg/_low_state.py'...
[7.566s] Compiling '/home/robot/Hiking_deploy/unitree_ros2/cyclonedds_ws/install/unitree_hg/lib/python3.10/site-packages/unitree_hg/msg/_main_board_state.py'...
[7.566s] Compiling '/home/robot/Hiking_deploy/unitree_ros2/cyclonedds_ws/install/unitree_hg/lib/python3.10/site-packages/unitree_hg/msg/_motor_cmd.py'...
[7.566s] Compiling '/home/robot/Hiking_deploy/unitree_ros2/cyclonedds_ws/install/unitree_hg/lib/python3.10/site-packages/unitree_hg/msg/_motor_state.py'...
[7.566s] Compiling '/home/robot/Hiking_deploy/unitree_ros2/cyclonedds_ws/install/unitree_hg/lib/python3.10/site-packages/unitree_hg/msg/_press_sensor_state.py'...
[7.569s] -- Installing: /home/robot/Hiking_deploy/unitree_ros2/cyclonedds_ws/install/unitree_hg/lib/python3.10/site-packages/unitree_hg/unitree_hg_s__rosidl_typesupport_fastrtps_c.cpython-310-x86_64-linux-gnu.so
[7.569s] -- Set runtime path of "/home/robot/Hiking_deploy/unitree_ros2/cyclonedds_ws/install/unitree_hg/lib/python3.10/site-packages/unitree_hg/unitree_hg_s__rosidl_typesupport_fastrtps_c.cpython-310-x86_64-linux-gnu.so" to ""
[7.569s] -- Installing: /home/robot/Hiking_deploy/unitree_ros2/cyclonedds_ws/install/unitree_hg/lib/python3.10/site-packages/unitree_hg/unitree_hg_s__rosidl_typesupport_introspection_c.cpython-310-x86_64-linux-gnu.so
[7.569s] -- Set runtime path of "/home/robot/Hiking_deploy/unitree_ros2/cyclonedds_ws/install/unitree_hg/lib/python3.10/site-packages/unitree_hg/unitree_hg_s__rosidl_typesupport_introspection_c.cpython-310-x86_64-linux-gnu.so" to ""
[7.569s] -- Installing: /home/robot/Hiking_deploy/unitree_ros2/cyclonedds_ws/install/unitree_hg/lib/python3.10/site-packages/unitree_hg/unitree_hg_s__rosidl_typesupport_c.cpython-310-x86_64-linux-gnu.so
[7.569s] -- Set runtime path of "/home/robot/Hiking_deploy/unitree_ros2/cyclonedds_ws/install/unitree_hg/lib/python3.10/site-packages/unitree_hg/unitree_hg_s__rosidl_typesupport_c.cpython-310-x86_64-linux-gnu.so" to ""
[7.569s] -- Installing: /home/robot/Hiking_deploy/unitree_ros2/cyclonedds_ws/install/unitree_hg/lib/libunitree_hg__rosidl_generator_py.so
[7.570s] -- Set runtime path of "/home/robot/Hiking_deploy/unitree_ros2/cyclonedds_ws/install/unitree_hg/lib/libunitree_hg__rosidl_generator_py.so" to ""
[7.570s] -- Installing: /home/robot/Hiking_deploy/unitree_ros2/cyclonedds_ws/install/unitree_hg/share/ament_index/resource_index/rust_packages/unitree_hg
[7.570s] -- Installing: /home/robot/Hiking_deploy/unitree_ros2/cyclonedds_ws/install/unitree_hg/share/unitree_hg/rust
[7.570s] -- Installing: /home/robot/Hiking_deploy/unitree_ros2/cyclonedds_ws/install/unitree_hg/share/unitree_hg/rust/Cargo.toml
[7.570s] -- Installing: /home/robot/Hiking_deploy/unitree_ros2/cyclonedds_ws/install/unitree_hg/share/unitree_hg/rust/build.rs
[7.570s] -- Installing: /home/robot/Hiking_deploy/unitree_ros2/cyclonedds_ws/install/unitree_hg/share/unitree_hg/rust/src
[7.570s] -- Installing: /home/robot/Hiking_deploy/unitree_ros2/cyclonedds_ws/install/unitree_hg/share/unitree_hg/rust/src/msg.rs
[7.570s] -- Installing: /home/robot/Hiking_deploy/unitree_ros2/cyclonedds_ws/install/unitree_hg/share/unitree_hg/rust/src/msg
[7.570s] -- Installing: /home/robot/Hiking_deploy/unitree_ros2/cyclonedds_ws/install/unitree_hg/share/unitree_hg/rust/src/msg/rmw.rs
[7.570s] -- Installing: /home/robot/Hiking_deploy/unitree_ros2/cyclonedds_ws/install/unitree_hg/share/unitree_hg/rust/src/lib.rs
[7.570s] -- Installing: /home/robot/Hiking_deploy/unitree_ros2/cyclonedds_ws/install/unitree_hg/share/unitree_hg/msg/BmsCmd.idl
[7.570s] -- Installing: /home/robot/Hiking_deploy/unitree_ros2/cyclonedds_ws/install/unitree_hg/share/unitree_hg/msg/BmsState.idl
[7.570s] -- Installing: /home/robot/Hiking_deploy/unitree_ros2/cyclonedds_ws/install/unitree_hg/share/unitree_hg/msg/HandCmd.idl
[7.570s] -- Installing: /home/robot/Hiking_deploy/unitree_ros2/cyclonedds_ws/install/unitree_hg/share/unitree_hg/msg/HandState.idl
[7.570s] -- Installing: /home/robot/Hiking_deploy/unitree_ros2/cyclonedds_ws/install/unitree_hg/share/unitree_hg/msg/IMUState.idl
[7.570s] -- Installing: /home/robot/Hiking_deploy/unitree_ros2/cyclonedds_ws/install/unitree_hg/share/unitree_hg/msg/LowCmd.idl
[7.570s] -- Installing: /home/robot/Hiking_deploy/unitree_ros2/cyclonedds_ws/install/unitree_hg/share/unitree_hg/msg/LowState.idl
[7.570s] -- Installing: /home/robot/Hiking_deploy/unitree_ros2/cyclonedds_ws/install/unitree_hg/share/unitree_hg/msg/MainBoardState.idl
[7.570s] -- Installing: /home/robot/Hiking_deploy/unitree_ros2/cyclonedds_ws/install/unitree_hg/share/unitree_hg/msg/MotorCmd.idl
[7.570s] -- Installing: /home/robot/Hiking_deploy/unitree_ros2/cyclonedds_ws/install/unitree_hg/share/unitree_hg/msg/MotorState.idl
[7.570s] -- Installing: /home/robot/Hiking_deploy/unitree_ros2/cyclonedds_ws/install/unitree_hg/share/unitree_hg/msg/PressSensorState.idl
[7.570s] -- Installing: /home/robot/Hiking_deploy/unitree_ros2/cyclonedds_ws/install/unitree_hg/share/unitree_hg/msg/BmsCmd.msg
[7.570s] -- Installing: /home/robot/Hiking_deploy/unitree_ros2/cyclonedds_ws/install/unitree_hg/share/unitree_hg/msg/BmsState.msg
[7.570s] -- Installing: /home/robot/Hiking_deploy/unitree_ros2/cyclonedds_ws/install/unitree_hg/share/unitree_hg/msg/HandCmd.msg
[7.571s] -- Installing: /home/robot/Hiking_deploy/unitree_ros2/cyclonedds_ws/install/unitree_hg/share/unitree_hg/msg/HandState.msg
[7.571s] -- Installing: /home/robot/Hiking_deploy/unitree_ros2/cyclonedds_ws/install/unitree_hg/share/unitree_hg/msg/IMUState.msg
[7.571s] -- Installing: /home/robot/Hiking_deploy/unitree_ros2/cyclonedds_ws/install/unitree_hg/share/unitree_hg/msg/LowCmd.msg
[7.571s] -- Installing: /home/robot/Hiking_deploy/unitree_ros2/cyclonedds_ws/install/unitree_hg/share/unitree_hg/msg/LowState.msg
[7.571s] -- Installing: /home/robot/Hiking_deploy/unitree_ros2/cyclonedds_ws/install/unitree_hg/share/unitree_hg/msg/MainBoardState.msg
[7.571s] -- Installing: /home/robot/Hiking_deploy/unitree_ros2/cyclonedds_ws/install/unitree_hg/share/unitree_hg/msg/MotorCmd.msg
[7.571s] -- Installing: /home/robot/Hiking_deploy/unitree_ros2/cyclonedds_ws/install/unitree_hg/share/unitree_hg/msg/MotorState.msg
[7.571s] -- Installing: /home/robot/Hiking_deploy/unitree_ros2/cyclonedds_ws/install/unitree_hg/share/unitree_hg/msg/PressSensorState.msg
[7.571s] -- Installing: /home/robot/Hiking_deploy/unitree_ros2/cyclonedds_ws/install/unitree_hg/share/unitree_hg/msg/dds_connext
[7.571s] -- Installing: /home/robot/Hiking_deploy/unitree_ros2/cyclonedds_ws/install/unitree_hg/share/unitree_hg/msg/dds_connext/MotorCmd_.idl
[7.571s] -- Installing: /home/robot/Hiking_deploy/unitree_ros2/cyclonedds_ws/install/unitree_hg/share/unitree_hg/msg/dds_connext/PressSensorState_.idl
[7.571s] -- Installing: /home/robot/Hiking_deploy/unitree_ros2/cyclonedds_ws/install/unitree_hg/share/unitree_hg/msg/dds_connext/BmsState_.idl
[7.571s] -- Installing: /home/robot/Hiking_deploy/unitree_ros2/cyclonedds_ws/install/unitree_hg/share/unitree_hg/msg/dds_connext/LowCmd_.idl
[7.571s] -- Installing: /home/robot/Hiking_deploy/unitree_ros2/cyclonedds_ws/install/unitree_hg/share/unitree_hg/msg/dds_connext/MainBoardState_.idl
[7.571s] -- Installing: /home/robot/Hiking_deploy/unitree_ros2/cyclonedds_ws/install/unitree_hg/share/unitree_hg/msg/dds_connext/IMUState_.idl
[7.571s] -- Installing: /home/robot/Hiking_deploy/unitree_ros2/cyclonedds_ws/install/unitree_hg/share/unitree_hg/msg/dds_connext/LowState_.idl
[7.571s] -- Installing: /home/robot/Hiking_deploy/unitree_ros2/cyclonedds_ws/install/unitree_hg/share/unitree_hg/msg/dds_connext/BmsCmd_.idl
[7.571s] -- Installing: /home/robot/Hiking_deploy/unitree_ros2/cyclonedds_ws/install/unitree_hg/share/unitree_hg/msg/dds_connext/HandCmd_.idl
[7.571s] -- Installing: /home/robot/Hiking_deploy/unitree_ros2/cyclonedds_ws/install/unitree_hg/share/unitree_hg/msg/dds_connext/HandState_.idl
[7.571s] -- Installing: /home/robot/Hiking_deploy/unitree_ros2/cyclonedds_ws/install/unitree_hg/share/unitree_hg/msg/dds_connext/MotorState_.idl
[7.571s] -- Installing: /home/robot/Hiking_deploy/unitree_ros2/cyclonedds_ws/install/unitree_hg/share/ament_index/resource_index/package_run_dependencies/unitree_hg
[7.571s] -- Installing: /home/robot/Hiking_deploy/unitree_ros2/cyclonedds_ws/install/unitree_hg/share/ament_index/resource_index/parent_prefix_path/unitree_hg
[7.571s] -- Installing: /home/robot/Hiking_deploy/unitree_ros2/cyclonedds_ws/install/unitree_hg/share/unitree_hg/environment/ament_prefix_path.sh
[7.571s] -- Installing: /home/robot/Hiking_deploy/unitree_ros2/cyclonedds_ws/install/unitree_hg/share/unitree_hg/environment/ament_prefix_path.dsv
[7.571s] -- Installing: /home/robot/Hiking_deploy/unitree_ros2/cyclonedds_ws/install/unitree_hg/share/unitree_hg/environment/path.sh
[7.572s] -- Installing: /home/robot/Hiking_deploy/unitree_ros2/cyclonedds_ws/install/unitree_hg/share/unitree_hg/environment/path.dsv
[7.572s] -- Installing: /home/robot/Hiking_deploy/unitree_ros2/cyclonedds_ws/install/unitree_hg/share/unitree_hg/local_setup.bash
[7.572s] -- Installing: /home/robot/Hiking_deploy/unitree_ros2/cyclonedds_ws/install/unitree_hg/share/unitree_hg/local_setup.sh
[7.572s] -- Installing: /home/robot/Hiking_deploy/unitree_ros2/cyclonedds_ws/install/unitree_hg/share/unitree_hg/local_setup.zsh
[7.572s] -- Installing: /home/robot/Hiking_deploy/unitree_ros2/cyclonedds_ws/install/unitree_hg/share/unitree_hg/local_setup.dsv
[7.572s] -- Installing: /home/robot/Hiking_deploy/unitree_ros2/cyclonedds_ws/install/unitree_hg/share/unitree_hg/package.dsv
[7.572s] -- Installing: /home/robot/Hiking_deploy/unitree_ros2/cyclonedds_ws/install/unitree_hg/share/ament_index/resource_index/packages/unitree_hg
[7.572s] -- Installing: /home/robot/Hiking_deploy/unitree_ros2/cyclonedds_ws/install/unitree_hg/share/unitree_hg/cmake/export_unitree_hg__rosidl_generator_cExport.cmake
[7.572s] -- Installing: /home/robot/Hiking_deploy/unitree_ros2/cyclonedds_ws/install/unitree_hg/share/unitree_hg/cmake/export_unitree_hg__rosidl_generator_cExport-noconfig.cmake
[7.572s] -- Installing: /home/robot/Hiking_deploy/unitree_ros2/cyclonedds_ws/install/unitree_hg/share/unitree_hg/cmake/export_unitree_hg__rosidl_typesupport_fastrtps_cExport.cmake
[7.572s] -- Installing: /home/robot/Hiking_deploy/unitree_ros2/cyclonedds_ws/install/unitree_hg/share/unitree_hg/cmake/export_unitree_hg__rosidl_typesupport_fastrtps_cExport-noconfig.cmake
[7.572s] -- Installing: /home/robot/Hiking_deploy/unitree_ros2/cyclonedds_ws/install/unitree_hg/share/unitree_hg/cmake/export_unitree_hg__rosidl_generator_cppExport.cmake
[7.572s] -- Installing: /home/robot/Hiking_deploy/unitree_ros2/cyclonedds_ws/install/unitree_hg/share/unitree_hg/cmake/export_unitree_hg__rosidl_typesupport_fastrtps_cppExport.cmake
[7.572s] -- Installing: /home/robot/Hiking_deploy/unitree_ros2/cyclonedds_ws/install/unitree_hg/share/unitree_hg/cmake/export_unitree_hg__rosidl_typesupport_fastrtps_cppExport-noconfig.cmake
[7.572s] -- Installing: /home/robot/Hiking_deploy/unitree_ros2/cyclonedds_ws/install/unitree_hg/share/unitree_hg/cmake/unitree_hg__rosidl_typesupport_introspection_cExport.cmake
[7.572s] -- Installing: /home/robot/Hiking_deploy/unitree_ros2/cyclonedds_ws/install/unitree_hg/share/unitree_hg/cmake/unitree_hg__rosidl_typesupport_introspection_cExport-noconfig.cmake
[7.572s] -- Installing: /home/robot/Hiking_deploy/unitree_ros2/cyclonedds_ws/install/unitree_hg/share/unitree_hg/cmake/unitree_hg__rosidl_typesupport_cExport.cmake
[7.572s] -- Installing: /home/robot/Hiking_deploy/unitree_ros2/cyclonedds_ws/install/unitree_hg/share/unitree_hg/cmake/unitree_hg__rosidl_typesupport_cExport-noconfig.cmake
[7.572s] -- Installing: /home/robot/Hiking_deploy/unitree_ros2/cyclonedds_ws/install/unitree_hg/share/unitree_hg/cmake/unitree_hg__rosidl_typesupport_introspection_cppExport.cmake
[7.572s] -- Installing: /home/robot/Hiking_deploy/unitree_ros2/cyclonedds_ws/install/unitree_hg/share/unitree_hg/cmake/unitree_hg__rosidl_typesupport_introspection_cppExport-noconfig.cmake
[7.573s] -- Installing: /home/robot/Hiking_deploy/unitree_ros2/cyclonedds_ws/install/unitree_hg/share/unitree_hg/cmake/unitree_hg__rosidl_typesupport_cppExport.cmake
[7.573s] -- Installing: /home/robot/Hiking_deploy/unitree_ros2/cyclonedds_ws/install/unitree_hg/share/unitree_hg/cmake/unitree_hg__rosidl_typesupport_cppExport-noconfig.cmake
[7.573s] -- Installing: /home/robot/Hiking_deploy/unitree_ros2/cyclonedds_ws/install/unitree_hg/share/unitree_hg/cmake/export_unitree_hg__rosidl_generator_pyExport.cmake
[7.573s] -- Installing: /home/robot/Hiking_deploy/unitree_ros2/cyclonedds_ws/install/unitree_hg/share/unitree_hg/cmake/export_unitree_hg__rosidl_generator_pyExport-noconfig.cmake
[7.573s] -- Installing: /home/robot/Hiking_deploy/unitree_ros2/cyclonedds_ws/install/unitree_hg/share/unitree_hg/cmake/rosidl_cmake-extras.cmake
[7.573s] -- Installing: /home/robot/Hiking_deploy/unitree_ros2/cyclonedds_ws/install/unitree_hg/share/unitree_hg/cmake/ament_cmake_export_dependencies-extras.cmake
[7.573s] -- Installing: /home/robot/Hiking_deploy/unitree_ros2/cyclonedds_ws/install/unitree_hg/share/unitree_hg/cmake/ament_cmake_export_include_directories-extras.cmake
[7.573s] -- Installing: /home/robot/Hiking_deploy/unitree_ros2/cyclonedds_ws/install/unitree_hg/share/unitree_hg/cmake/ament_cmake_export_libraries-extras.cmake
[7.573s] -- Installing: /home/robot/Hiking_deploy/unitree_ros2/cyclonedds_ws/install/unitree_hg/share/unitree_hg/cmake/ament_cmake_export_targets-extras.cmake
[7.573s] -- Installing: /home/robot/Hiking_deploy/unitree_ros2/cyclonedds_ws/install/unitree_hg/share/unitree_hg/cmake/rosidl_cmake_export_typesupport_targets-extras.cmake
[7.573s] -- Installing: /home/robot/Hiking_deploy/unitree_ros2/cyclonedds_ws/install/unitree_hg/share/unitree_hg/cmake/rosidl_cmake_export_typesupport_libraries-extras.cmake
[7.573s] -- Installing: /home/robot/Hiking_deploy/unitree_ros2/cyclonedds_ws/install/unitree_hg/share/unitree_hg/cmake/unitree_hgConfig.cmake
[7.573s] -- Installing: /home/robot/Hiking_deploy/unitree_ros2/cyclonedds_ws/install/unitree_hg/share/unitree_hg/cmake/unitree_hgConfig-version.cmake
[7.573s] -- Installing: /home/robot/Hiking_deploy/unitree_ros2/cyclonedds_ws/install/unitree_hg/share/unitree_hg/package.xml
[7.575s] Invoked command in '/home/robot/Hiking_deploy/unitree_ros2/cyclonedds_ws/build/unitree_hg' returned '0': CMAKE_PREFIX_PATH=${CMAKE_PREFIX_PATH}:/home/robot/Documents/dev_ws/install/learning_urdf:/home/robot/Documents/dev_ws/install/learning_topic:/home/robot/Documents/dev_ws/install/learning_tf:/home/robot/Documents/dev_ws/install/learning_service:/home/robot/Documents/dev_ws/install/learning_qos:/home/robot/Documents/dev_ws/install/learning_pkg_python:/home/robot/Documents/dev_ws/install/learning_parameter:/home/robot/Documents/dev_ws/install/learning_node:/home/robot/Documents/dev_ws/install/learning_launch:/home/robot/Documents/dev_ws/install/learning_action:/home/robot/Documents/dev_ws/install/learning_gazebo_harmonic:/home/robot/Documents/dev_ws/install/learning_gazebo:/home/robot/Documents/dev_ws/install/learning_cv:/opt/ros/humble CONDA_PROMPT_MODIFIER=(base) PS1=(.venv) (base) \[\e]0;\u@\h: \w\a\]${debian_chroot:+($debian_chroot)}\[\033[01;32m\]\u@\h\[\033[00m\]:\[\033[01;34m\]\w\[\033[00m\]\$ /usr/bin/cmake --install /home/robot/Hiking_deploy/unitree_ros2/cyclonedds_ws/build/unitree_hg
