[0.136s] Invoking command in '/home/robot/Hiking_deploy/unitree_ros2/cyclonedds_ws/build/unitree_api': CMAKE_PREFIX_PATH=${CMAKE_PREFIX_PATH}:/home/robot/Documents/dev_ws/install/learning_urdf:/home/robot/Documents/dev_ws/install/learning_topic:/home/robot/Documents/dev_ws/install/learning_tf:/home/robot/Documents/dev_ws/install/learning_service:/home/robot/Documents/dev_ws/install/learning_qos:/home/robot/Documents/dev_ws/install/learning_pkg_python:/home/robot/Documents/dev_ws/install/learning_parameter:/home/robot/Documents/dev_ws/install/learning_node:/home/robot/Documents/dev_ws/install/learning_launch:/home/robot/Documents/dev_ws/install/learning_action:/home/robot/Documents/dev_ws/install/learning_gazebo_harmonic:/home/robot/Documents/dev_ws/install/learning_gazebo:/home/robot/Documents/dev_ws/install/learning_cv:/opt/ros/humble CONDA_PROMPT_MODIFIER=(base) PS1=(.venv) (base) \[\e]0;\u@\h: \w\a\]${debian_chroot:+($debian_chroot)}\[\033[01;32m\]\u@\h\[\033[00m\]:\[\033[01;34m\]\w\[\033[00m\]\$ /usr/bin/cmake /home/robot/Hiking_deploy/unitree_ros2/cyclonedds_ws/src/unitree/unitree_api -DCMAKE_INSTALL_PREFIX=/home/robot/Hiking_deploy/unitree_ros2/cyclonedds_ws/install/unitree_api
[0.298s] -- The C compiler identification is GNU 11.4.0
[0.400s] -- The CXX compiler identification is GNU 11.4.0
[0.404s] -- Detecting C compiler ABI info
[0.455s] -- Detecting C compiler ABI info - done
[0.460s] -- Check for working C compiler: /usr/bin/cc - skipped
[0.460s] -- Detecting C compile features
[0.460s] -- Detecting C compile features - done
[0.462s] -- Detecting CXX compiler ABI info
[0.510s] -- Detecting CXX compiler ABI info - done
[0.515s] -- Check for working CXX compiler: /usr/bin/c++ - skipped
[0.516s] -- Detecting CXX compile features
[0.516s] -- Detecting CXX compile features - done
[0.517s] -- Found ament_cmake: 1.3.14 (/opt/ros/humble/share/ament_cmake/cmake)
[0.773s] -- Found Python3: /home/robot/Hiking_deploy/.venv/bin/python3 (found version "3.10.12") found components: Interpreter 
[0.837s] -- Found geometry_msgs: 4.9.1 (/opt/ros/humble/share/geometry_msgs/cmake)
[0.876s] -- Found rosidl_generator_c: 3.1.8 (/opt/ros/humble/share/rosidl_generator_c/cmake)
[0.880s] -- Found rosidl_adapter: 3.1.8 (/opt/ros/humble/share/rosidl_adapter/cmake)
[0.885s] -- Found rosidl_generator_cpp: 3.1.8 (/opt/ros/humble/share/rosidl_generator_cpp/cmake)
[0.892s] -- Using all available rosidl_typesupport_c: rosidl_typesupport_fastrtps_c;rosidl_typesupport_introspection_c
[0.902s] -- Using all available rosidl_typesupport_cpp: rosidl_typesupport_fastrtps_cpp;rosidl_typesupport_introspection_cpp
[0.926s] -- Found rosidl_default_generators: 1.2.1 (/opt/ros/humble/share/rosidl_default_generators/cmake)
[0.937s] -- Found rosidl_generator_dds_idl: 0.8.1 (/home/robot/Hiking_deploy/unitree_ros2/cyclonedds_ws/install/rosidl_generator_dds_idl/share/rosidl_generator_dds_idl/cmake)
[1.159s] -- Found ament_cmake_ros: 0.10.0 (/opt/ros/humble/share/ament_cmake_ros/cmake)
[1.479s] -- Using all available rosidl_typesupport_c: rosidl_typesupport_fastrtps_c;rosidl_typesupport_introspection_c
[1.614s] -- Using all available rosidl_typesupport_cpp: rosidl_typesupport_fastrtps_cpp;rosidl_typesupport_introspection_cpp
[1.640s] -- Found PythonInterp: /home/robot/Hiking_deploy/.venv/bin/python3 (found suitable version "3.10.12", minimum required is "3.6") 
[1.642s] -- Found python_cmake_module: 0.10.0 (/opt/ros/humble/share/python_cmake_module/cmake)
[1.673s] -- Found PythonLibs: /usr/lib/x86_64-linux-gnu/libpython3.10.so (found suitable version "3.10.12", minimum required is "3.5") 
[1.673s] -- Using PYTHON_EXECUTABLE: /home/robot/Hiking_deploy/.venv/bin/python3
[1.673s] -- Using PYTHON_INCLUDE_DIRS: /usr/include/python3.10
[1.673s] -- Using PYTHON_LIBRARIES: /usr/lib/x86_64-linux-gnu/libpython3.10.so
[1.696s] -- Found PythonExtra: .so  
[1.831s] -- Found ament_lint_auto: 0.12.15 (/opt/ros/humble/share/ament_lint_auto/cmake)
[1.849s] -- Added test 'copyright' to check source files copyright and LICENSE
[1.850s] -- Added test 'lint_cmake' to check CMake code style
[1.851s] -- Added test 'xmllint' to check XML markup files
[1.852s] -- Configuring done
[1.877s] -- Generating done
[1.885s] -- Build files have been written to: /home/robot/Hiking_deploy/unitree_ros2/cyclonedds_ws/build/unitree_api
[1.891s] Invoked command in '/home/robot/Hiking_deploy/unitree_ros2/cyclonedds_ws/build/unitree_api' returned '0': CMAKE_PREFIX_PATH=${CMAKE_PREFIX_PATH}:/home/robot/Documents/dev_ws/install/learning_urdf:/home/robot/Documents/dev_ws/install/learning_topic:/home/robot/Documents/dev_ws/install/learning_tf:/home/robot/Documents/dev_ws/install/learning_service:/home/robot/Documents/dev_ws/install/learning_qos:/home/robot/Documents/dev_ws/install/learning_pkg_python:/home/robot/Documents/dev_ws/install/learning_parameter:/home/robot/Documents/dev_ws/install/learning_node:/home/robot/Documents/dev_ws/install/learning_launch:/home/robot/Documents/dev_ws/install/learning_action:/home/robot/Documents/dev_ws/install/learning_gazebo_harmonic:/home/robot/Documents/dev_ws/install/learning_gazebo:/home/robot/Documents/dev_ws/install/learning_cv:/opt/ros/humble CONDA_PROMPT_MODIFIER=(base) PS1=(.venv) (base) \[\e]0;\u@\h: \w\a\]${debian_chroot:+($debian_chroot)}\[\033[01;32m\]\u@\h\[\033[00m\]:\[\033[01;34m\]\w\[\033[00m\]\$ /usr/bin/cmake /home/robot/Hiking_deploy/unitree_ros2/cyclonedds_ws/src/unitree/unitree_api -DCMAKE_INSTALL_PREFIX=/home/robot/Hiking_deploy/unitree_ros2/cyclonedds_ws/install/unitree_api
[1.891s] Invoking command in '/home/robot/Hiking_deploy/unitree_ros2/cyclonedds_ws/build/unitree_api': CMAKE_PREFIX_PATH=${CMAKE_PREFIX_PATH}:/home/robot/Documents/dev_ws/install/learning_urdf:/home/robot/Documents/dev_ws/install/learning_topic:/home/robot/Documents/dev_ws/install/learning_tf:/home/robot/Documents/dev_ws/install/learning_service:/home/robot/Documents/dev_ws/install/learning_qos:/home/robot/Documents/dev_ws/install/learning_pkg_python:/home/robot/Documents/dev_ws/install/learning_parameter:/home/robot/Documents/dev_ws/install/learning_node:/home/robot/Documents/dev_ws/install/learning_launch:/home/robot/Documents/dev_ws/install/learning_action:/home/robot/Documents/dev_ws/install/learning_gazebo_harmonic:/home/robot/Documents/dev_ws/install/learning_gazebo:/home/robot/Documents/dev_ws/install/learning_cv:/opt/ros/humble CONDA_PROMPT_MODIFIER=(base) PS1=(.venv) (base) \[\e]0;\u@\h: \w\a\]${debian_chroot:+($debian_chroot)}\[\033[01;32m\]\u@\h\[\033[00m\]:\[\033[01;34m\]\w\[\033[00m\]\$ /usr/bin/cmake --build /home/robot/Hiking_deploy/unitree_ros2/cyclonedds_ws/build/unitree_api -- -j28 -l28
[1.926s] [  1%] [34m[1mGenerating C code for ROS interfaces[0m
[1.933s] [  3%] [34m[1mGenerating Rust code for ROS interfaces[0m
[1.934s] [  3%] [34m[1mGenerating C++ code for ROS interfaces[0m
[1.935s] [  4%] [34m[1mGenerating DDS interfaces[0m
[1.935s] [  4%] Built target ament_cmake_python_copy_unitree_api
[2.165s] [  4%] Built target unitree_api__dds_connext_idl
[2.205s] running egg_info
[2.226s] creating unitree_api.egg-info
[2.226s] writing unitree_api.egg-info/PKG-INFO
[2.226s] writing dependency_links to unitree_api.egg-info/dependency_links.txt
[2.227s] writing top-level names to unitree_api.egg-info/top_level.txt
[2.274s] [  4%] Built target unitree_api__rs
[2.398s] [ 10%] [32mBuilding C object CMakeFiles/unitree_api__rosidl_generator_c.dir/rosidl_generator_c/unitree_api/msg/detail/request_lease__functions.c.o[0m
[2.398s] [ 10%] [32mBuilding C object CMakeFiles/unitree_api__rosidl_generator_c.dir/rosidl_generator_c/unitree_api/msg/detail/request_identity__functions.c.o[0m
[2.398s] [ 10%] [32mBuilding C object CMakeFiles/unitree_api__rosidl_generator_c.dir/rosidl_generator_c/unitree_api/msg/detail/request_policy__functions.c.o[0m
[2.399s] [ 10%] [32mBuilding C object CMakeFiles/unitree_api__rosidl_generator_c.dir/rosidl_generator_c/unitree_api/msg/detail/request__functions.c.o[0m
[2.399s] [ 10%] [32mBuilding C object CMakeFiles/unitree_api__rosidl_generator_c.dir/rosidl_generator_c/unitree_api/msg/detail/request_header__functions.c.o[0m
[2.399s] [ 11%] [32mBuilding C object CMakeFiles/unitree_api__rosidl_generator_c.dir/rosidl_generator_c/unitree_api/msg/detail/response__functions.c.o[0m
[2.399s] [ 12%] [32mBuilding C object CMakeFiles/unitree_api__rosidl_generator_c.dir/rosidl_generator_c/unitree_api/msg/detail/response_header__functions.c.o[0m
[2.399s] [ 13%] [32mBuilding C object CMakeFiles/unitree_api__rosidl_generator_c.dir/rosidl_generator_c/unitree_api/msg/detail/response_status__functions.c.o[0m
[2.407s] writing manifest file 'unitree_api.egg-info/SOURCES.txt'
[2.454s] [ 14%] [32m[1mLinking C shared library libunitree_api__rosidl_generator_c.so[0m
[2.470s] reading manifest file 'unitree_api.egg-info/SOURCES.txt'
[2.471s] writing manifest file 'unitree_api.egg-info/SOURCES.txt'
[2.498s] [ 14%] Built target unitree_api__rosidl_generator_c
[2.510s] [ 15%] [34m[1mGenerating C introspection for ROS interfaces[0m
[2.511s] [ 17%] [34m[1mGenerating C type support for eProsima Fast-RTPS[0m
[2.511s] [ 17%] [34m[1mGenerating C type support dispatch for ROS interfaces[0m
[2.519s] [ 17%] Built target ament_cmake_python_build_unitree_api_egg
[2.526s] [ 17%] Built target unitree_api__cpp
[2.533s] [ 19%] [34m[1mGenerating C++ type support dispatch for ROS interfaces[0m
[2.536s] [ 21%] [34m[1mGenerating C++ type support for eProsima Fast-RTPS[0m
[2.536s] [ 21%] [34m[1mGenerating C++ introspection for ROS interfaces[0m
[2.775s] [ 23%] [32mBuilding CXX object CMakeFiles/unitree_api__rosidl_typesupport_c.dir/rosidl_typesupport_c/unitree_api/msg/request_policy__type_support.cpp.o[0m
[2.775s] [ 23%] [32mBuilding CXX object CMakeFiles/unitree_api__rosidl_typesupport_c.dir/rosidl_typesupport_c/unitree_api/msg/request_lease__type_support.cpp.o[0m
[2.775s] [ 24%] [32mBuilding CXX object CMakeFiles/unitree_api__rosidl_typesupport_c.dir/rosidl_typesupport_c/unitree_api/msg/request_identity__type_support.cpp.o[0m
[2.775s] [ 28%] [32mBuilding CXX object CMakeFiles/unitree_api__rosidl_typesupport_c.dir/rosidl_typesupport_c/unitree_api/msg/response__type_support.cpp.o[0m
[2.775s] [ 28%] [32mBuilding CXX object CMakeFiles/unitree_api__rosidl_typesupport_c.dir/rosidl_typesupport_c/unitree_api/msg/request__type_support.cpp.o[0m
[2.776s] [ 28%] [32mBuilding CXX object CMakeFiles/unitree_api__rosidl_typesupport_c.dir/rosidl_typesupport_c/unitree_api/msg/request_header__type_support.cpp.o[0m
[2.776s] [ 29%] [32mBuilding CXX object CMakeFiles/unitree_api__rosidl_typesupport_c.dir/rosidl_typesupport_c/unitree_api/msg/response_header__type_support.cpp.o[0m
[2.776s] [ 30%] [32mBuilding CXX object CMakeFiles/unitree_api__rosidl_typesupport_c.dir/rosidl_typesupport_c/unitree_api/msg/response_status__type_support.cpp.o[0m
[2.796s] [ 31%] [32mBuilding CXX object CMakeFiles/unitree_api__rosidl_typesupport_cpp.dir/rosidl_typesupport_cpp/unitree_api/msg/request_identity__type_support.cpp.o[0m
[2.796s] [ 34%] [32mBuilding CXX object CMakeFiles/unitree_api__rosidl_typesupport_cpp.dir/rosidl_typesupport_cpp/unitree_api/msg/request_header__type_support.cpp.o[0m
[2.796s] [ 34%] [32mBuilding CXX object CMakeFiles/unitree_api__rosidl_typesupport_cpp.dir/rosidl_typesupport_cpp/unitree_api/msg/response_header__type_support.cpp.o[0m
[2.796s] [ 34%] [32mBuilding CXX object CMakeFiles/unitree_api__rosidl_typesupport_cpp.dir/rosidl_typesupport_cpp/unitree_api/msg/request__type_support.cpp.o[0m
[2.796s] [ 35%] [32mBuilding CXX object CMakeFiles/unitree_api__rosidl_typesupport_cpp.dir/rosidl_typesupport_cpp/unitree_api/msg/request_lease__type_support.cpp.o[0m
[2.796s] [ 37%] [32mBuilding CXX object CMakeFiles/unitree_api__rosidl_typesupport_cpp.dir/rosidl_typesupport_cpp/unitree_api/msg/response__type_support.cpp.o[0m
[2.796s] [ 38%] [32mBuilding CXX object CMakeFiles/unitree_api__rosidl_typesupport_cpp.dir/rosidl_typesupport_cpp/unitree_api/msg/request_policy__type_support.cpp.o[0m
[2.797s] [ 39%] [32mBuilding CXX object CMakeFiles/unitree_api__rosidl_typesupport_cpp.dir/rosidl_typesupport_cpp/unitree_api/msg/response_status__type_support.cpp.o[0m
[2.814s] [ 40%] [32m[1mLinking CXX shared library libunitree_api__rosidl_typesupport_c.so[0m
[2.874s] [ 40%] Built target unitree_api__rosidl_typesupport_c
[2.879s] [ 41%] [32mBuilding C object CMakeFiles/unitree_api__rosidl_typesupport_introspection_c.dir/rosidl_typesupport_introspection_c/unitree_api/msg/detail/request__type_support.c.o[0m
[2.879s] [ 42%] [32mBuilding C object CMakeFiles/unitree_api__rosidl_typesupport_introspection_c.dir/rosidl_typesupport_introspection_c/unitree_api/msg/detail/request_header__type_support.c.o[0m
[2.887s] [ 43%] [32mBuilding C object CMakeFiles/unitree_api__rosidl_typesupport_introspection_c.dir/rosidl_typesupport_introspection_c/unitree_api/msg/detail/request_identity__type_support.c.o[0m
[2.887s] [ 44%] [32mBuilding C object CMakeFiles/unitree_api__rosidl_typesupport_introspection_c.dir/rosidl_typesupport_introspection_c/unitree_api/msg/detail/request_policy__type_support.c.o[0m
[2.887s] [ 46%] [32mBuilding C object CMakeFiles/unitree_api__rosidl_typesupport_introspection_c.dir/rosidl_typesupport_introspection_c/unitree_api/msg/detail/request_lease__type_support.c.o[0m
[2.888s] [ 47%] [32mBuilding C object CMakeFiles/unitree_api__rosidl_typesupport_introspection_c.dir/rosidl_typesupport_introspection_c/unitree_api/msg/detail/response__type_support.c.o[0m
[2.893s] [ 48%] [32mBuilding C object CMakeFiles/unitree_api__rosidl_typesupport_introspection_c.dir/rosidl_typesupport_introspection_c/unitree_api/msg/detail/response_status__type_support.c.o[0m
[2.903s] [ 49%] [32mBuilding C object CMakeFiles/unitree_api__rosidl_typesupport_introspection_c.dir/rosidl_typesupport_introspection_c/unitree_api/msg/detail/response_header__type_support.c.o[0m
[2.927s] [ 50%] [32mBuilding CXX object CMakeFiles/unitree_api__rosidl_typesupport_fastrtps_c.dir/rosidl_typesupport_fastrtps_c/unitree_api/msg/detail/request__type_support_c.cpp.o[0m
[2.935s] [ 51%] [32mBuilding CXX object CMakeFiles/unitree_api__rosidl_typesupport_fastrtps_c.dir/rosidl_typesupport_fastrtps_c/unitree_api/msg/detail/request_header__type_support_c.cpp.o[0m
[2.935s] [ 52%] [32mBuilding CXX object CMakeFiles/unitree_api__rosidl_typesupport_fastrtps_c.dir/rosidl_typesupport_fastrtps_c/unitree_api/msg/detail/request_policy__type_support_c.cpp.o[0m
[2.935s] [ 53%] [32mBuilding CXX object CMakeFiles/unitree_api__rosidl_typesupport_fastrtps_c.dir/rosidl_typesupport_fastrtps_c/unitree_api/msg/detail/request_identity__type_support_c.cpp.o[0m
[2.939s] [ 55%] [32mBuilding CXX object CMakeFiles/unitree_api__rosidl_typesupport_fastrtps_c.dir/rosidl_typesupport_fastrtps_c/unitree_api/msg/detail/request_lease__type_support_c.cpp.o[0m
[2.941s] [ 56%] [32mBuilding CXX object CMakeFiles/unitree_api__rosidl_typesupport_fastrtps_c.dir/rosidl_typesupport_fastrtps_c/unitree_api/msg/detail/response_status__type_support_c.cpp.o[0m
[2.943s] [ 57%] [32mBuilding CXX object CMakeFiles/unitree_api__rosidl_typesupport_fastrtps_c.dir/rosidl_typesupport_fastrtps_c/unitree_api/msg/detail/response_header__type_support_c.cpp.o[0m
[2.946s] [ 58%] [32mBuilding CXX object CMakeFiles/unitree_api__rosidl_typesupport_fastrtps_c.dir/rosidl_typesupport_fastrtps_c/unitree_api/msg/detail/response__type_support_c.cpp.o[0m
[2.976s] [ 59%] [32m[1mLinking C shared library libunitree_api__rosidl_typesupport_introspection_c.so[0m
[3.003s] [ 60%] [32mBuilding CXX object CMakeFiles/unitree_api__rosidl_typesupport_introspection_cpp.dir/rosidl_typesupport_introspection_cpp/unitree_api/msg/detail/request__type_support.cpp.o[0m
[3.003s] [ 62%] [32mBuilding CXX object CMakeFiles/unitree_api__rosidl_typesupport_introspection_cpp.dir/rosidl_typesupport_introspection_cpp/unitree_api/msg/detail/request_identity__type_support.cpp.o[0m
[3.004s] [ 61%] [32mBuilding CXX object CMakeFiles/unitree_api__rosidl_typesupport_introspection_cpp.dir/rosidl_typesupport_introspection_cpp/unitree_api/msg/detail/request_header__type_support.cpp.o[0m
[3.025s] [ 64%] [32mBuilding CXX object CMakeFiles/unitree_api__rosidl_typesupport_introspection_cpp.dir/rosidl_typesupport_introspection_cpp/unitree_api/msg/detail/request_lease__type_support.cpp.o[0m
[3.032s] [ 65%] [32mBuilding CXX object CMakeFiles/unitree_api__rosidl_typesupport_introspection_cpp.dir/rosidl_typesupport_introspection_cpp/unitree_api/msg/detail/request_policy__type_support.cpp.o[0m
[3.032s] [ 65%] Built target unitree_api__rosidl_typesupport_introspection_c
[3.032s] [ 66%] [32mBuilding CXX object CMakeFiles/unitree_api__rosidl_typesupport_introspection_cpp.dir/rosidl_typesupport_introspection_cpp/unitree_api/msg/detail/response__type_support.cpp.o[0m
[3.052s] [ 67%] [32mBuilding CXX object CMakeFiles/unitree_api__rosidl_typesupport_introspection_cpp.dir/rosidl_typesupport_introspection_cpp/unitree_api/msg/detail/response_header__type_support.cpp.o[0m
[3.067s] [ 68%] [32mBuilding CXX object CMakeFiles/unitree_api__rosidl_typesupport_introspection_cpp.dir/rosidl_typesupport_introspection_cpp/unitree_api/msg/detail/response_status__type_support.cpp.o[0m
[3.121s] [ 69%] [32mBuilding CXX object CMakeFiles/unitree_api__rosidl_typesupport_fastrtps_cpp.dir/rosidl_typesupport_fastrtps_cpp/unitree_api/msg/detail/dds_fastrtps/request__type_support.cpp.o[0m
[3.121s] [ 70%] [32mBuilding CXX object CMakeFiles/unitree_api__rosidl_typesupport_fastrtps_cpp.dir/rosidl_typesupport_fastrtps_cpp/unitree_api/msg/detail/dds_fastrtps/request_lease__type_support.cpp.o[0m
[3.121s] [ 71%] [32mBuilding CXX object CMakeFiles/unitree_api__rosidl_typesupport_fastrtps_cpp.dir/rosidl_typesupport_fastrtps_cpp/unitree_api/msg/detail/dds_fastrtps/request_header__type_support.cpp.o[0m
[3.126s] [ 73%] [32mBuilding CXX object CMakeFiles/unitree_api__rosidl_typesupport_fastrtps_cpp.dir/rosidl_typesupport_fastrtps_cpp/unitree_api/msg/detail/dds_fastrtps/request_identity__type_support.cpp.o[0m
[3.187s] [ 74%] [32mBuilding CXX object CMakeFiles/unitree_api__rosidl_typesupport_fastrtps_cpp.dir/rosidl_typesupport_fastrtps_cpp/unitree_api/msg/detail/dds_fastrtps/request_policy__type_support.cpp.o[0m
[3.205s] [ 75%] [32mBuilding CXX object CMakeFiles/unitree_api__rosidl_typesupport_fastrtps_cpp.dir/rosidl_typesupport_fastrtps_cpp/unitree_api/msg/detail/dds_fastrtps/response__type_support.cpp.o[0m
[3.205s] [ 76%] [32mBuilding CXX object CMakeFiles/unitree_api__rosidl_typesupport_fastrtps_cpp.dir/rosidl_typesupport_fastrtps_cpp/unitree_api/msg/detail/dds_fastrtps/response_header__type_support.cpp.o[0m
[3.213s] [ 77%] [32mBuilding CXX object CMakeFiles/unitree_api__rosidl_typesupport_fastrtps_cpp.dir/rosidl_typesupport_fastrtps_cpp/unitree_api/msg/detail/dds_fastrtps/response_status__type_support.cpp.o[0m
[3.270s] [ 78%] [32m[1mLinking CXX shared library libunitree_api__rosidl_typesupport_cpp.so[0m
[3.330s] [ 78%] Built target unitree_api__rosidl_typesupport_cpp
[3.595s] [ 79%] [32m[1mLinking CXX shared library libunitree_api__rosidl_typesupport_fastrtps_c.so[0m
[3.754s] [ 79%] Built target unitree_api__rosidl_typesupport_fastrtps_c
[3.759s] [ 80%] [32m[1mLinking CXX shared library libunitree_api__rosidl_typesupport_introspection_cpp.so[0m
[3.850s] [ 82%] [32m[1mLinking CXX shared library libunitree_api__rosidl_typesupport_fastrtps_cpp.so[0m
[3.885s] [ 82%] Built target unitree_api__rosidl_typesupport_introspection_cpp
[3.996s] [ 82%] Built target unitree_api__rosidl_typesupport_fastrtps_cpp
[4.021s] [ 82%] Built target unitree_api
[4.057s] [ 83%] [34m[1mGenerating Python code for ROS interfaces[0m
[5.319s] [ 83%] Built target unitree_api__py
[5.349s] [ 84%] [32mBuilding C object CMakeFiles/unitree_api__rosidl_generator_py.dir/rosidl_generator_py/unitree_api/msg/_request_s.c.o[0m
[5.352s] [ 85%] [32mBuilding C object CMakeFiles/unitree_api__rosidl_generator_py.dir/rosidl_generator_py/unitree_api/msg/_request_header_s.c.o[0m
[5.359s] [ 86%] [32mBuilding C object CMakeFiles/unitree_api__rosidl_generator_py.dir/rosidl_generator_py/unitree_api/msg/_request_identity_s.c.o[0m
[5.363s] [ 87%] [32mBuilding C object CMakeFiles/unitree_api__rosidl_generator_py.dir/rosidl_generator_py/unitree_api/msg/_response_s.c.o[0m
[5.364s] [ 88%] [32mBuilding C object CMakeFiles/unitree_api__rosidl_generator_py.dir/rosidl_generator_py/unitree_api/msg/_request_lease_s.c.o[0m
[5.364s] [ 89%] [32mBuilding C object CMakeFiles/unitree_api__rosidl_generator_py.dir/rosidl_generator_py/unitree_api/msg/_request_policy_s.c.o[0m
[5.364s] [ 92%] [32mBuilding C object CMakeFiles/unitree_api__rosidl_generator_py.dir/rosidl_generator_py/unitree_api/msg/_response_status_s.c.o[0m
[5.364s] [ 92%] [32mBuilding C object CMakeFiles/unitree_api__rosidl_generator_py.dir/rosidl_generator_py/unitree_api/msg/_response_header_s.c.o[0m
[5.600s] [ 93%] [32m[1mLinking C shared library rosidl_generator_py/unitree_api/libunitree_api__rosidl_generator_py.so[0m
[5.670s] [ 93%] Built target unitree_api__rosidl_generator_py
[5.698s] [ 94%] [32mBuilding C object CMakeFiles/unitree_api__rosidl_typesupport_fastrtps_c__pyext.dir/rosidl_generator_py/unitree_api/_unitree_api_s.ep.rosidl_typesupport_fastrtps_c.c.o[0m
[5.701s] [ 95%] [32mBuilding C object CMakeFiles/unitree_api__rosidl_typesupport_c__pyext.dir/rosidl_generator_py/unitree_api/_unitree_api_s.ep.rosidl_typesupport_c.c.o[0m
[5.709s] [ 96%] [32mBuilding C object CMakeFiles/unitree_api__rosidl_typesupport_introspection_c__pyext.dir/rosidl_generator_py/unitree_api/_unitree_api_s.ep.rosidl_typesupport_introspection_c.c.o[0m
[5.857s] [ 97%] [32m[1mLinking C shared library rosidl_generator_py/unitree_api/unitree_api_s__rosidl_typesupport_c.cpython-310-x86_64-linux-gnu.so[0m
[5.866s] [ 98%] [32m[1mLinking C shared library rosidl_generator_py/unitree_api/unitree_api_s__rosidl_typesupport_fastrtps_c.cpython-310-x86_64-linux-gnu.so[0m
[5.890s] [100%] [32m[1mLinking C shared library rosidl_generator_py/unitree_api/unitree_api_s__rosidl_typesupport_introspection_c.cpython-310-x86_64-linux-gnu.so[0m
[5.951s] [100%] Built target unitree_api__rosidl_typesupport_c__pyext
[5.961s] [100%] Built target unitree_api__rosidl_typesupport_fastrtps_c__pyext
[5.974s] [100%] Built target unitree_api__rosidl_typesupport_introspection_c__pyext
[6.001s] Invoked command in '/home/robot/Hiking_deploy/unitree_ros2/cyclonedds_ws/build/unitree_api' returned '0': CMAKE_PREFIX_PATH=${CMAKE_PREFIX_PATH}:/home/robot/Documents/dev_ws/install/learning_urdf:/home/robot/Documents/dev_ws/install/learning_topic:/home/robot/Documents/dev_ws/install/learning_tf:/home/robot/Documents/dev_ws/install/learning_service:/home/robot/Documents/dev_ws/install/learning_qos:/home/robot/Documents/dev_ws/install/learning_pkg_python:/home/robot/Documents/dev_ws/install/learning_parameter:/home/robot/Documents/dev_ws/install/learning_node:/home/robot/Documents/dev_ws/install/learning_launch:/home/robot/Documents/dev_ws/install/learning_action:/home/robot/Documents/dev_ws/install/learning_gazebo_harmonic:/home/robot/Documents/dev_ws/install/learning_gazebo:/home/robot/Documents/dev_ws/install/learning_cv:/opt/ros/humble CONDA_PROMPT_MODIFIER=(base) PS1=(.venv) (base) \[\e]0;\u@\h: \w\a\]${debian_chroot:+($debian_chroot)}\[\033[01;32m\]\u@\h\[\033[00m\]:\[\033[01;34m\]\w\[\033[00m\]\$ /usr/bin/cmake --build /home/robot/Hiking_deploy/unitree_ros2/cyclonedds_ws/build/unitree_api -- -j28 -l28
[6.002s] Invoking command in '/home/robot/Hiking_deploy/unitree_ros2/cyclonedds_ws/build/unitree_api': CMAKE_PREFIX_PATH=${CMAKE_PREFIX_PATH}:/home/robot/Documents/dev_ws/install/learning_urdf:/home/robot/Documents/dev_ws/install/learning_topic:/home/robot/Documents/dev_ws/install/learning_tf:/home/robot/Documents/dev_ws/install/learning_service:/home/robot/Documents/dev_ws/install/learning_qos:/home/robot/Documents/dev_ws/install/learning_pkg_python:/home/robot/Documents/dev_ws/install/learning_parameter:/home/robot/Documents/dev_ws/install/learning_node:/home/robot/Documents/dev_ws/install/learning_launch:/home/robot/Documents/dev_ws/install/learning_action:/home/robot/Documents/dev_ws/install/learning_gazebo_harmonic:/home/robot/Documents/dev_ws/install/learning_gazebo:/home/robot/Documents/dev_ws/install/learning_cv:/opt/ros/humble CONDA_PROMPT_MODIFIER=(base) PS1=(.venv) (base) \[\e]0;\u@\h: \w\a\]${debian_chroot:+($debian_chroot)}\[\033[01;32m\]\u@\h\[\033[00m\]:\[\033[01;34m\]\w\[\033[00m\]\$ /usr/bin/cmake --install /home/robot/Hiking_deploy/unitree_ros2/cyclonedds_ws/build/unitree_api
[6.015s] -- Install configuration: ""
[6.016s] -- Installing: /home/robot/Hiking_deploy/unitree_ros2/cyclonedds_ws/install/unitree_api/share/ament_index/resource_index/rosidl_interfaces/unitree_api
[6.017s] -- Installing: /home/robot/Hiking_deploy/unitree_ros2/cyclonedds_ws/install/unitree_api/include/unitree_api/unitree_api
[6.017s] -- Installing: /home/robot/Hiking_deploy/unitree_ros2/cyclonedds_ws/install/unitree_api/include/unitree_api/unitree_api/msg
[6.017s] -- Installing: /home/robot/Hiking_deploy/unitree_ros2/cyclonedds_ws/install/unitree_api/include/unitree_api/unitree_api/msg/request_lease.h
[6.017s] -- Installing: /home/robot/Hiking_deploy/unitree_ros2/cyclonedds_ws/install/unitree_api/include/unitree_api/unitree_api/msg/response_header.h
[6.017s] -- Installing: /home/robot/Hiking_deploy/unitree_ros2/cyclonedds_ws/install/unitree_api/include/unitree_api/unitree_api/msg/request_policy.h
[6.018s] -- Installing: /home/robot/Hiking_deploy/unitree_ros2/cyclonedds_ws/install/unitree_api/include/unitree_api/unitree_api/msg/request_header.h
[6.018s] -- Installing: /home/robot/Hiking_deploy/unitree_ros2/cyclonedds_ws/install/unitree_api/include/unitree_api/unitree_api/msg/response_status.h
[6.018s] -- Installing: /home/robot/Hiking_deploy/unitree_ros2/cyclonedds_ws/install/unitree_api/include/unitree_api/unitree_api/msg/rosidl_generator_c__visibility_control.h
[6.019s] -- Installing: /home/robot/Hiking_deploy/unitree_ros2/cyclonedds_ws/install/unitree_api/include/unitree_api/unitree_api/msg/request_identity.h
[6.019s] -- Installing: /home/robot/Hiking_deploy/unitree_ros2/cyclonedds_ws/install/unitree_api/include/unitree_api/unitree_api/msg/request.h
[6.019s] -- Installing: /home/robot/Hiking_deploy/unitree_ros2/cyclonedds_ws/install/unitree_api/include/unitree_api/unitree_api/msg/detail
[6.020s] -- Installing: /home/robot/Hiking_deploy/unitree_ros2/cyclonedds_ws/install/unitree_api/include/unitree_api/unitree_api/msg/detail/response__struct.h
[6.020s] -- Installing: /home/robot/Hiking_deploy/unitree_ros2/cyclonedds_ws/install/unitree_api/include/unitree_api/unitree_api/msg/detail/response__type_support.h
[6.020s] -- Installing: /home/robot/Hiking_deploy/unitree_ros2/cyclonedds_ws/install/unitree_api/include/unitree_api/unitree_api/msg/detail/request__functions.h
[6.020s] -- Installing: /home/robot/Hiking_deploy/unitree_ros2/cyclonedds_ws/install/unitree_api/include/unitree_api/unitree_api/msg/detail/request__type_support.h
[6.021s] -- Installing: /home/robot/Hiking_deploy/unitree_ros2/cyclonedds_ws/install/unitree_api/include/unitree_api/unitree_api/msg/detail/request_lease__type_support.h
[6.021s] -- Installing: /home/robot/Hiking_deploy/unitree_ros2/cyclonedds_ws/install/unitree_api/include/unitree_api/unitree_api/msg/detail/response_status__struct.h
[6.021s] -- Installing: /home/robot/Hiking_deploy/unitree_ros2/cyclonedds_ws/install/unitree_api/include/unitree_api/unitree_api/msg/detail/response__functions.c
[6.024s] -- Installing: /home/robot/Hiking_deploy/unitree_ros2/cyclonedds_ws/install/unitree_api/include/unitree_api/unitree_api/msg/detail/request_lease__functions.h
[6.024s] -- Installing: /home/robot/Hiking_deploy/unitree_ros2/cyclonedds_ws/install/unitree_api/include/unitree_api/unitree_api/msg/detail/response_header__functions.c
[6.024s] -- Installing: /home/robot/Hiking_deploy/unitree_ros2/cyclonedds_ws/install/unitree_api/include/unitree_api/unitree_api/msg/detail/request__struct.h
[6.024s] -- Installing: /home/robot/Hiking_deploy/unitree_ros2/cyclonedds_ws/install/unitree_api/include/unitree_api/unitree_api/msg/detail/request_header__struct.h
[6.026s] -- Installing: /home/robot/Hiking_deploy/unitree_ros2/cyclonedds_ws/install/unitree_api/include/unitree_api/unitree_api/msg/detail/response_status__functions.h
[6.026s] -- Installing: /home/robot/Hiking_deploy/unitree_ros2/cyclonedds_ws/install/unitree_api/include/unitree_api/unitree_api/msg/detail/request_lease__functions.c
[6.026s] -- Installing: /home/robot/Hiking_deploy/unitree_ros2/cyclonedds_ws/install/unitree_api/include/unitree_api/unitree_api/msg/detail/response_header__struct.h
[6.026s] -- Installing: /home/robot/Hiking_deploy/unitree_ros2/cyclonedds_ws/install/unitree_api/include/unitree_api/unitree_api/msg/detail/response_header__functions.h
[6.026s] -- Installing: /home/robot/Hiking_deploy/unitree_ros2/cyclonedds_ws/install/unitree_api/include/unitree_api/unitree_api/msg/detail/request_header__type_support.h
[6.026s] -- Installing: /home/robot/Hiking_deploy/unitree_ros2/cyclonedds_ws/install/unitree_api/include/unitree_api/unitree_api/msg/detail/request_identity__struct.h
[6.026s] -- Installing: /home/robot/Hiking_deploy/unitree_ros2/cyclonedds_ws/install/unitree_api/include/unitree_api/unitree_api/msg/detail/request__functions.c
[6.026s] -- Installing: /home/robot/Hiking_deploy/unitree_ros2/cyclonedds_ws/install/unitree_api/include/unitree_api/unitree_api/msg/detail/request_lease__struct.h
[6.026s] -- Installing: /home/robot/Hiking_deploy/unitree_ros2/cyclonedds_ws/install/unitree_api/include/unitree_api/unitree_api/msg/detail/request_header__functions.h
[6.027s] -- Installing: /home/robot/Hiking_deploy/unitree_ros2/cyclonedds_ws/install/unitree_api/include/unitree_api/unitree_api/msg/detail/request_policy__functions.c
[6.027s] -- Installing: /home/robot/Hiking_deploy/unitree_ros2/cyclonedds_ws/install/unitree_api/include/unitree_api/unitree_api/msg/detail/request_identity__functions.c
[6.027s] -- Installing: /home/robot/Hiking_deploy/unitree_ros2/cyclonedds_ws/install/unitree_api/include/unitree_api/unitree_api/msg/detail/response__functions.h
[6.027s] -- Installing: /home/robot/Hiking_deploy/unitree_ros2/cyclonedds_ws/install/unitree_api/include/unitree_api/unitree_api/msg/detail/request_policy__type_support.h
[6.027s] -- Installing: /home/robot/Hiking_deploy/unitree_ros2/cyclonedds_ws/install/unitree_api/include/unitree_api/unitree_api/msg/detail/response_status__type_support.h
[6.027s] -- Installing: /home/robot/Hiking_deploy/unitree_ros2/cyclonedds_ws/install/unitree_api/include/unitree_api/unitree_api/msg/detail/request_identity__type_support.h
[6.027s] -- Installing: /home/robot/Hiking_deploy/unitree_ros2/cyclonedds_ws/install/unitree_api/include/unitree_api/unitree_api/msg/detail/request_policy__functions.h
[6.027s] -- Installing: /home/robot/Hiking_deploy/unitree_ros2/cyclonedds_ws/install/unitree_api/include/unitree_api/unitree_api/msg/detail/response_status__functions.c
[6.027s] -- Installing: /home/robot/Hiking_deploy/unitree_ros2/cyclonedds_ws/install/unitree_api/include/unitree_api/unitree_api/msg/detail/response_header__type_support.h
[6.027s] -- Installing: /home/robot/Hiking_deploy/unitree_ros2/cyclonedds_ws/install/unitree_api/include/unitree_api/unitree_api/msg/detail/request_identity__functions.h
[6.027s] -- Installing: /home/robot/Hiking_deploy/unitree_ros2/cyclonedds_ws/install/unitree_api/include/unitree_api/unitree_api/msg/detail/request_policy__struct.h
[6.027s] -- Installing: /home/robot/Hiking_deploy/unitree_ros2/cyclonedds_ws/install/unitree_api/include/unitree_api/unitree_api/msg/detail/request_header__functions.c
[6.027s] -- Installing: /home/robot/Hiking_deploy/unitree_ros2/cyclonedds_ws/install/unitree_api/include/unitree_api/unitree_api/msg/response.h
[6.027s] -- Installing: /home/robot/Hiking_deploy/unitree_ros2/cyclonedds_ws/install/unitree_api/share/unitree_api/environment/library_path.sh
[6.027s] -- Installing: /home/robot/Hiking_deploy/unitree_ros2/cyclonedds_ws/install/unitree_api/share/unitree_api/environment/library_path.dsv
[6.028s] -- Installing: /home/robot/Hiking_deploy/unitree_ros2/cyclonedds_ws/install/unitree_api/lib/libunitree_api__rosidl_generator_c.so
[6.029s] -- Set runtime path of "/home/robot/Hiking_deploy/unitree_ros2/cyclonedds_ws/install/unitree_api/lib/libunitree_api__rosidl_generator_c.so" to ""
[6.030s] -- Up-to-date: /home/robot/Hiking_deploy/unitree_ros2/cyclonedds_ws/install/unitree_api/include/unitree_api/unitree_api
[6.030s] -- Up-to-date: /home/robot/Hiking_deploy/unitree_ros2/cyclonedds_ws/install/unitree_api/include/unitree_api/unitree_api/msg
[6.030s] -- Up-to-date: /home/robot/Hiking_deploy/unitree_ros2/cyclonedds_ws/install/unitree_api/include/unitree_api/unitree_api/msg/detail
[6.030s] -- Installing: /home/robot/Hiking_deploy/unitree_ros2/cyclonedds_ws/install/unitree_api/include/unitree_api/unitree_api/msg/detail/response__rosidl_typesupport_fastrtps_c.h
[6.030s] -- Installing: /home/robot/Hiking_deploy/unitree_ros2/cyclonedds_ws/install/unitree_api/include/unitree_api/unitree_api/msg/detail/request__rosidl_typesupport_fastrtps_c.h
[6.030s] -- Installing: /home/robot/Hiking_deploy/unitree_ros2/cyclonedds_ws/install/unitree_api/include/unitree_api/unitree_api/msg/detail/request_header__rosidl_typesupport_fastrtps_c.h
[6.030s] -- Installing: /home/robot/Hiking_deploy/unitree_ros2/cyclonedds_ws/install/unitree_api/include/unitree_api/unitree_api/msg/detail/response_status__rosidl_typesupport_fastrtps_c.h
[6.030s] -- Installing: /home/robot/Hiking_deploy/unitree_ros2/cyclonedds_ws/install/unitree_api/include/unitree_api/unitree_api/msg/detail/request_lease__rosidl_typesupport_fastrtps_c.h
[6.030s] -- Installing: /home/robot/Hiking_deploy/unitree_ros2/cyclonedds_ws/install/unitree_api/include/unitree_api/unitree_api/msg/detail/request_identity__rosidl_typesupport_fastrtps_c.h
[6.030s] -- Installing: /home/robot/Hiking_deploy/unitree_ros2/cyclonedds_ws/install/unitree_api/include/unitree_api/unitree_api/msg/detail/request_policy__rosidl_typesupport_fastrtps_c.h
[6.030s] -- Installing: /home/robot/Hiking_deploy/unitree_ros2/cyclonedds_ws/install/unitree_api/include/unitree_api/unitree_api/msg/detail/response_header__rosidl_typesupport_fastrtps_c.h
[6.030s] -- Installing: /home/robot/Hiking_deploy/unitree_ros2/cyclonedds_ws/install/unitree_api/include/unitree_api/unitree_api/msg/rosidl_typesupport_fastrtps_c__visibility_control.h
[6.030s] -- Installing: /home/robot/Hiking_deploy/unitree_ros2/cyclonedds_ws/install/unitree_api/lib/libunitree_api__rosidl_typesupport_fastrtps_c.so
[6.030s] -- Set runtime path of "/home/robot/Hiking_deploy/unitree_ros2/cyclonedds_ws/install/unitree_api/lib/libunitree_api__rosidl_typesupport_fastrtps_c.so" to ""
[6.031s] -- Up-to-date: /home/robot/Hiking_deploy/unitree_ros2/cyclonedds_ws/install/unitree_api/include/unitree_api/unitree_api
[6.031s] -- Up-to-date: /home/robot/Hiking_deploy/unitree_ros2/cyclonedds_ws/install/unitree_api/include/unitree_api/unitree_api/msg
[6.032s] -- Installing: /home/robot/Hiking_deploy/unitree_ros2/cyclonedds_ws/install/unitree_api/include/unitree_api/unitree_api/msg/request_lease.hpp
[6.032s] -- Installing: /home/robot/Hiking_deploy/unitree_ros2/cyclonedds_ws/install/unitree_api/include/unitree_api/unitree_api/msg/rosidl_generator_cpp__visibility_control.hpp
[6.032s] -- Installing: /home/robot/Hiking_deploy/unitree_ros2/cyclonedds_ws/install/unitree_api/include/unitree_api/unitree_api/msg/response.hpp
[6.032s] -- Installing: /home/robot/Hiking_deploy/unitree_ros2/cyclonedds_ws/install/unitree_api/include/unitree_api/unitree_api/msg/response_header.hpp
[6.032s] -- Installing: /home/robot/Hiking_deploy/unitree_ros2/cyclonedds_ws/install/unitree_api/include/unitree_api/unitree_api/msg/request_identity.hpp
[6.032s] -- Installing: /home/robot/Hiking_deploy/unitree_ros2/cyclonedds_ws/install/unitree_api/include/unitree_api/unitree_api/msg/request.hpp
[6.032s] -- Installing: /home/robot/Hiking_deploy/unitree_ros2/cyclonedds_ws/install/unitree_api/include/unitree_api/unitree_api/msg/response_status.hpp
[6.032s] -- Installing: /home/robot/Hiking_deploy/unitree_ros2/cyclonedds_ws/install/unitree_api/include/unitree_api/unitree_api/msg/request_header.hpp
[6.033s] -- Up-to-date: /home/robot/Hiking_deploy/unitree_ros2/cyclonedds_ws/install/unitree_api/include/unitree_api/unitree_api/msg/detail
[6.033s] -- Installing: /home/robot/Hiking_deploy/unitree_ros2/cyclonedds_ws/install/unitree_api/include/unitree_api/unitree_api/msg/detail/request_policy__builder.hpp
[6.033s] -- Installing: /home/robot/Hiking_deploy/unitree_ros2/cyclonedds_ws/install/unitree_api/include/unitree_api/unitree_api/msg/detail/request_lease__struct.hpp
[6.033s] -- Installing: /home/robot/Hiking_deploy/unitree_ros2/cyclonedds_ws/install/unitree_api/include/unitree_api/unitree_api/msg/detail/request_identity__struct.hpp
[6.033s] -- Installing: /home/robot/Hiking_deploy/unitree_ros2/cyclonedds_ws/install/unitree_api/include/unitree_api/unitree_api/msg/detail/request_header__traits.hpp
[6.033s] -- Installing: /home/robot/Hiking_deploy/unitree_ros2/cyclonedds_ws/install/unitree_api/include/unitree_api/unitree_api/msg/detail/request_lease__type_support.hpp
[6.033s] -- Installing: /home/robot/Hiking_deploy/unitree_ros2/cyclonedds_ws/install/unitree_api/include/unitree_api/unitree_api/msg/detail/response_header__builder.hpp
[6.033s] -- Installing: /home/robot/Hiking_deploy/unitree_ros2/cyclonedds_ws/install/unitree_api/include/unitree_api/unitree_api/msg/detail/request__builder.hpp
[6.033s] -- Installing: /home/robot/Hiking_deploy/unitree_ros2/cyclonedds_ws/install/unitree_api/include/unitree_api/unitree_api/msg/detail/request_policy__struct.hpp
[6.033s] -- Installing: /home/robot/Hiking_deploy/unitree_ros2/cyclonedds_ws/install/unitree_api/include/unitree_api/unitree_api/msg/detail/request_identity__builder.hpp
[6.033s] -- Installing: /home/robot/Hiking_deploy/unitree_ros2/cyclonedds_ws/install/unitree_api/include/unitree_api/unitree_api/msg/detail/request_policy__type_support.hpp
[6.033s] -- Installing: /home/robot/Hiking_deploy/unitree_ros2/cyclonedds_ws/install/unitree_api/include/unitree_api/unitree_api/msg/detail/request_lease__builder.hpp
[6.033s] -- Installing: /home/robot/Hiking_deploy/unitree_ros2/cyclonedds_ws/install/unitree_api/include/unitree_api/unitree_api/msg/detail/response_header__type_support.hpp
[6.033s] -- Installing: /home/robot/Hiking_deploy/unitree_ros2/cyclonedds_ws/install/unitree_api/include/unitree_api/unitree_api/msg/detail/response_status__struct.hpp
[6.033s] -- Installing: /home/robot/Hiking_deploy/unitree_ros2/cyclonedds_ws/install/unitree_api/include/unitree_api/unitree_api/msg/detail/request_lease__traits.hpp
[6.035s] -- Installing: /home/robot/Hiking_deploy/unitree_ros2/cyclonedds_ws/install/unitree_api/include/unitree_api/unitree_api/msg/detail/request__type_support.hpp
[6.035s] -- Installing: /home/robot/Hiking_deploy/unitree_ros2/cyclonedds_ws/install/unitree_api/include/unitree_api/unitree_api/msg/detail/response_header__struct.hpp
[6.038s] -- Installing: /home/robot/Hiking_deploy/unitree_ros2/cyclonedds_ws/install/unitree_api/include/unitree_api/unitree_api/msg/detail/request__struct.hpp
[6.038s] -- Installing: /home/robot/Hiking_deploy/unitree_ros2/cyclonedds_ws/install/unitree_api/include/unitree_api/unitree_api/msg/detail/request_identity__traits.hpp
[6.038s] -- Installing: /home/robot/Hiking_deploy/unitree_ros2/cyclonedds_ws/install/unitree_api/include/unitree_api/unitree_api/msg/detail/response__type_support.hpp
[6.038s] -- Installing: /home/robot/Hiking_deploy/unitree_ros2/cyclonedds_ws/install/unitree_api/include/unitree_api/unitree_api/msg/detail/request_header__type_support.hpp
[6.038s] -- Installing: /home/robot/Hiking_deploy/unitree_ros2/cyclonedds_ws/install/unitree_api/include/unitree_api/unitree_api/msg/detail/request_header__struct.hpp
[6.039s] -- Installing: /home/robot/Hiking_deploy/unitree_ros2/cyclonedds_ws/install/unitree_api/include/unitree_api/unitree_api/msg/detail/response__builder.hpp
[6.039s] -- Installing: /home/robot/Hiking_deploy/unitree_ros2/cyclonedds_ws/install/unitree_api/include/unitree_api/unitree_api/msg/detail/response__struct.hpp
[6.039s] -- Installing: /home/robot/Hiking_deploy/unitree_ros2/cyclonedds_ws/install/unitree_api/include/unitree_api/unitree_api/msg/detail/request_header__builder.hpp
[6.039s] -- Installing: /home/robot/Hiking_deploy/unitree_ros2/cyclonedds_ws/install/unitree_api/include/unitree_api/unitree_api/msg/detail/response__traits.hpp
[6.039s] -- Installing: /home/robot/Hiking_deploy/unitree_ros2/cyclonedds_ws/install/unitree_api/include/unitree_api/unitree_api/msg/detail/response_status__builder.hpp
[6.039s] -- Installing: /home/robot/Hiking_deploy/unitree_ros2/cyclonedds_ws/install/unitree_api/include/unitree_api/unitree_api/msg/detail/request_identity__type_support.hpp
[6.039s] -- Installing: /home/robot/Hiking_deploy/unitree_ros2/cyclonedds_ws/install/unitree_api/include/unitree_api/unitree_api/msg/detail/response_status__type_support.hpp
[6.039s] -- Installing: /home/robot/Hiking_deploy/unitree_ros2/cyclonedds_ws/install/unitree_api/include/unitree_api/unitree_api/msg/detail/response_status__traits.hpp
[6.039s] -- Installing: /home/robot/Hiking_deploy/unitree_ros2/cyclonedds_ws/install/unitree_api/include/unitree_api/unitree_api/msg/detail/response_header__traits.hpp
[6.039s] -- Installing: /home/robot/Hiking_deploy/unitree_ros2/cyclonedds_ws/install/unitree_api/include/unitree_api/unitree_api/msg/detail/request_policy__traits.hpp
[6.039s] -- Installing: /home/robot/Hiking_deploy/unitree_ros2/cyclonedds_ws/install/unitree_api/include/unitree_api/unitree_api/msg/detail/request__traits.hpp
[6.039s] -- Installing: /home/robot/Hiking_deploy/unitree_ros2/cyclonedds_ws/install/unitree_api/include/unitree_api/unitree_api/msg/request_policy.hpp
[6.039s] -- Up-to-date: /home/robot/Hiking_deploy/unitree_ros2/cyclonedds_ws/install/unitree_api/include/unitree_api/unitree_api
[6.039s] -- Up-to-date: /home/robot/Hiking_deploy/unitree_ros2/cyclonedds_ws/install/unitree_api/include/unitree_api/unitree_api/msg
[6.039s] -- Installing: /home/robot/Hiking_deploy/unitree_ros2/cyclonedds_ws/install/unitree_api/include/unitree_api/unitree_api/msg/rosidl_typesupport_fastrtps_cpp__visibility_control.h
[6.039s] -- Up-to-date: /home/robot/Hiking_deploy/unitree_ros2/cyclonedds_ws/install/unitree_api/include/unitree_api/unitree_api/msg/detail
[6.039s] -- Installing: /home/robot/Hiking_deploy/unitree_ros2/cyclonedds_ws/install/unitree_api/include/unitree_api/unitree_api/msg/detail/dds_fastrtps
[6.039s] -- Installing: /home/robot/Hiking_deploy/unitree_ros2/cyclonedds_ws/install/unitree_api/include/unitree_api/unitree_api/msg/detail/response_header__rosidl_typesupport_fastrtps_cpp.hpp
[6.039s] -- Installing: /home/robot/Hiking_deploy/unitree_ros2/cyclonedds_ws/install/unitree_api/include/unitree_api/unitree_api/msg/detail/request_policy__rosidl_typesupport_fastrtps_cpp.hpp
[6.039s] -- Installing: /home/robot/Hiking_deploy/unitree_ros2/cyclonedds_ws/install/unitree_api/include/unitree_api/unitree_api/msg/detail/request_header__rosidl_typesupport_fastrtps_cpp.hpp
[6.040s] -- Installing: /home/robot/Hiking_deploy/unitree_ros2/cyclonedds_ws/install/unitree_api/include/unitree_api/unitree_api/msg/detail/request__rosidl_typesupport_fastrtps_cpp.hpp
[6.040s] -- Installing: /home/robot/Hiking_deploy/unitree_ros2/cyclonedds_ws/install/unitree_api/include/unitree_api/unitree_api/msg/detail/request_identity__rosidl_typesupport_fastrtps_cpp.hpp
[6.040s] -- Installing: /home/robot/Hiking_deploy/unitree_ros2/cyclonedds_ws/install/unitree_api/include/unitree_api/unitree_api/msg/detail/response__rosidl_typesupport_fastrtps_cpp.hpp
[6.040s] -- Installing: /home/robot/Hiking_deploy/unitree_ros2/cyclonedds_ws/install/unitree_api/include/unitree_api/unitree_api/msg/detail/request_lease__rosidl_typesupport_fastrtps_cpp.hpp
[6.040s] -- Installing: /home/robot/Hiking_deploy/unitree_ros2/cyclonedds_ws/install/unitree_api/include/unitree_api/unitree_api/msg/detail/response_status__rosidl_typesupport_fastrtps_cpp.hpp
[6.040s] -- Installing: /home/robot/Hiking_deploy/unitree_ros2/cyclonedds_ws/install/unitree_api/lib/libunitree_api__rosidl_typesupport_fastrtps_cpp.so
[6.040s] -- Set runtime path of "/home/robot/Hiking_deploy/unitree_ros2/cyclonedds_ws/install/unitree_api/lib/libunitree_api__rosidl_typesupport_fastrtps_cpp.so" to ""
[6.040s] -- Up-to-date: /home/robot/Hiking_deploy/unitree_ros2/cyclonedds_ws/install/unitree_api/include/unitree_api/unitree_api
[6.040s] -- Up-to-date: /home/robot/Hiking_deploy/unitree_ros2/cyclonedds_ws/install/unitree_api/include/unitree_api/unitree_api/msg
[6.040s] -- Installing: /home/robot/Hiking_deploy/unitree_ros2/cyclonedds_ws/install/unitree_api/include/unitree_api/unitree_api/msg/rosidl_typesupport_introspection_c__visibility_control.h
[6.040s] -- Up-to-date: /home/robot/Hiking_deploy/unitree_ros2/cyclonedds_ws/install/unitree_api/include/unitree_api/unitree_api/msg/detail
[6.040s] -- Installing: /home/robot/Hiking_deploy/unitree_ros2/cyclonedds_ws/install/unitree_api/include/unitree_api/unitree_api/msg/detail/request_header__type_support.c
[6.040s] -- Installing: /home/robot/Hiking_deploy/unitree_ros2/cyclonedds_ws/install/unitree_api/include/unitree_api/unitree_api/msg/detail/response_header__rosidl_typesupport_introspection_c.h
[6.040s] -- Installing: /home/robot/Hiking_deploy/unitree_ros2/cyclonedds_ws/install/unitree_api/include/unitree_api/unitree_api/msg/detail/response__rosidl_typesupport_introspection_c.h
[6.040s] -- Installing: /home/robot/Hiking_deploy/unitree_ros2/cyclonedds_ws/install/unitree_api/include/unitree_api/unitree_api/msg/detail/request__type_support.c
[6.040s] -- Installing: /home/robot/Hiking_deploy/unitree_ros2/cyclonedds_ws/install/unitree_api/include/unitree_api/unitree_api/msg/detail/response_status__rosidl_typesupport_introspection_c.h
[6.041s] -- Installing: /home/robot/Hiking_deploy/unitree_ros2/cyclonedds_ws/install/unitree_api/include/unitree_api/unitree_api/msg/detail/request_policy__type_support.c
[6.041s] -- Installing: /home/robot/Hiking_deploy/unitree_ros2/cyclonedds_ws/install/unitree_api/include/unitree_api/unitree_api/msg/detail/request_lease__rosidl_typesupport_introspection_c.h
[6.041s] -- Installing: /home/robot/Hiking_deploy/unitree_ros2/cyclonedds_ws/install/unitree_api/include/unitree_api/unitree_api/msg/detail/response__type_support.c
[6.041s] -- Installing: /home/robot/Hiking_deploy/unitree_ros2/cyclonedds_ws/install/unitree_api/include/unitree_api/unitree_api/msg/detail/request_identity__rosidl_typesupport_introspection_c.h
[6.041s] -- Installing: /home/robot/Hiking_deploy/unitree_ros2/cyclonedds_ws/install/unitree_api/include/unitree_api/unitree_api/msg/detail/request__rosidl_typesupport_introspection_c.h
[6.041s] -- Installing: /home/robot/Hiking_deploy/unitree_ros2/cyclonedds_ws/install/unitree_api/include/unitree_api/unitree_api/msg/detail/response_status__type_support.c
[6.041s] -- Installing: /home/robot/Hiking_deploy/unitree_ros2/cyclonedds_ws/install/unitree_api/include/unitree_api/unitree_api/msg/detail/response_header__type_support.c
[6.041s] -- Installing: /home/robot/Hiking_deploy/unitree_ros2/cyclonedds_ws/install/unitree_api/include/unitree_api/unitree_api/msg/detail/request_identity__type_support.c
[6.041s] -- Installing: /home/robot/Hiking_deploy/unitree_ros2/cyclonedds_ws/install/unitree_api/include/unitree_api/unitree_api/msg/detail/request_lease__type_support.c
[6.041s] -- Installing: /home/robot/Hiking_deploy/unitree_ros2/cyclonedds_ws/install/unitree_api/include/unitree_api/unitree_api/msg/detail/request_policy__rosidl_typesupport_introspection_c.h
[6.041s] -- Installing: /home/robot/Hiking_deploy/unitree_ros2/cyclonedds_ws/install/unitree_api/include/unitree_api/unitree_api/msg/detail/request_header__rosidl_typesupport_introspection_c.h
[6.044s] -- Installing: /home/robot/Hiking_deploy/unitree_ros2/cyclonedds_ws/install/unitree_api/lib/libunitree_api__rosidl_typesupport_introspection_c.so
[6.044s] -- Set runtime path of "/home/robot/Hiking_deploy/unitree_ros2/cyclonedds_ws/install/unitree_api/lib/libunitree_api__rosidl_typesupport_introspection_c.so" to ""
[6.044s] -- Installing: /home/robot/Hiking_deploy/unitree_ros2/cyclonedds_ws/install/unitree_api/lib/libunitree_api__rosidl_typesupport_c.so
[6.044s] -- Set runtime path of "/home/robot/Hiking_deploy/unitree_ros2/cyclonedds_ws/install/unitree_api/lib/libunitree_api__rosidl_typesupport_c.so" to ""
[6.045s] -- Up-to-date: /home/robot/Hiking_deploy/unitree_ros2/cyclonedds_ws/install/unitree_api/include/unitree_api/unitree_api
[6.045s] -- Up-to-date: /home/robot/Hiking_deploy/unitree_ros2/cyclonedds_ws/install/unitree_api/include/unitree_api/unitree_api/msg
[6.045s] -- Up-to-date: /home/robot/Hiking_deploy/unitree_ros2/cyclonedds_ws/install/unitree_api/include/unitree_api/unitree_api/msg/detail
[6.045s] -- Installing: /home/robot/Hiking_deploy/unitree_ros2/cyclonedds_ws/install/unitree_api/include/unitree_api/unitree_api/msg/detail/response_status__type_support.cpp
[6.045s] -- Installing: /home/robot/Hiking_deploy/unitree_ros2/cyclonedds_ws/install/unitree_api/include/unitree_api/unitree_api/msg/detail/request_header__rosidl_typesupport_introspection_cpp.hpp
[6.045s] -- Installing: /home/robot/Hiking_deploy/unitree_ros2/cyclonedds_ws/install/unitree_api/include/unitree_api/unitree_api/msg/detail/request_lease__type_support.cpp
[6.045s] -- Installing: /home/robot/Hiking_deploy/unitree_ros2/cyclonedds_ws/install/unitree_api/include/unitree_api/unitree_api/msg/detail/response_header__type_support.cpp
[6.045s] -- Installing: /home/robot/Hiking_deploy/unitree_ros2/cyclonedds_ws/install/unitree_api/include/unitree_api/unitree_api/msg/detail/request__rosidl_typesupport_introspection_cpp.hpp
[6.045s] -- Installing: /home/robot/Hiking_deploy/unitree_ros2/cyclonedds_ws/install/unitree_api/include/unitree_api/unitree_api/msg/detail/response_status__rosidl_typesupport_introspection_cpp.hpp
[6.045s] -- Installing: /home/robot/Hiking_deploy/unitree_ros2/cyclonedds_ws/install/unitree_api/include/unitree_api/unitree_api/msg/detail/request_identity__rosidl_typesupport_introspection_cpp.hpp
[6.045s] -- Installing: /home/robot/Hiking_deploy/unitree_ros2/cyclonedds_ws/install/unitree_api/include/unitree_api/unitree_api/msg/detail/request_policy__rosidl_typesupport_introspection_cpp.hpp
[6.045s] -- Installing: /home/robot/Hiking_deploy/unitree_ros2/cyclonedds_ws/install/unitree_api/include/unitree_api/unitree_api/msg/detail/request__type_support.cpp
[6.045s] -- Installing: /home/robot/Hiking_deploy/unitree_ros2/cyclonedds_ws/install/unitree_api/include/unitree_api/unitree_api/msg/detail/response__rosidl_typesupport_introspection_cpp.hpp
[6.046s] -- Installing: /home/robot/Hiking_deploy/unitree_ros2/cyclonedds_ws/install/unitree_api/include/unitree_api/unitree_api/msg/detail/request_policy__type_support.cpp
[6.046s] -- Installing: /home/robot/Hiking_deploy/unitree_ros2/cyclonedds_ws/install/unitree_api/include/unitree_api/unitree_api/msg/detail/request_identity__type_support.cpp
[6.046s] -- Installing: /home/robot/Hiking_deploy/unitree_ros2/cyclonedds_ws/install/unitree_api/include/unitree_api/unitree_api/msg/detail/request_header__type_support.cpp
[6.046s] -- Installing: /home/robot/Hiking_deploy/unitree_ros2/cyclonedds_ws/install/unitree_api/include/unitree_api/unitree_api/msg/detail/request_lease__rosidl_typesupport_introspection_cpp.hpp
[6.046s] -- Installing: /home/robot/Hiking_deploy/unitree_ros2/cyclonedds_ws/install/unitree_api/include/unitree_api/unitree_api/msg/detail/response_header__rosidl_typesupport_introspection_cpp.hpp
[6.046s] -- Installing: /home/robot/Hiking_deploy/unitree_ros2/cyclonedds_ws/install/unitree_api/include/unitree_api/unitree_api/msg/detail/response__type_support.cpp
[6.046s] -- Installing: /home/robot/Hiking_deploy/unitree_ros2/cyclonedds_ws/install/unitree_api/lib/libunitree_api__rosidl_typesupport_introspection_cpp.so
[6.046s] -- Set runtime path of "/home/robot/Hiking_deploy/unitree_ros2/cyclonedds_ws/install/unitree_api/lib/libunitree_api__rosidl_typesupport_introspection_cpp.so" to ""
[6.046s] -- Installing: /home/robot/Hiking_deploy/unitree_ros2/cyclonedds_ws/install/unitree_api/lib/libunitree_api__rosidl_typesupport_cpp.so
[6.046s] -- Set runtime path of "/home/robot/Hiking_deploy/unitree_ros2/cyclonedds_ws/install/unitree_api/lib/libunitree_api__rosidl_typesupport_cpp.so" to ""
[6.046s] -- Installing: /home/robot/Hiking_deploy/unitree_ros2/cyclonedds_ws/install/unitree_api/share/unitree_api/environment/pythonpath.sh
[6.046s] -- Installing: /home/robot/Hiking_deploy/unitree_ros2/cyclonedds_ws/install/unitree_api/share/unitree_api/environment/pythonpath.dsv
[6.046s] -- Installing: /home/robot/Hiking_deploy/unitree_ros2/cyclonedds_ws/install/unitree_api/lib/python3.10/site-packages/unitree_api-0.0.0-py3.10.egg-info
[6.046s] -- Installing: /home/robot/Hiking_deploy/unitree_ros2/cyclonedds_ws/install/unitree_api/lib/python3.10/site-packages/unitree_api-0.0.0-py3.10.egg-info/SOURCES.txt
[6.046s] -- Installing: /home/robot/Hiking_deploy/unitree_ros2/cyclonedds_ws/install/unitree_api/lib/python3.10/site-packages/unitree_api-0.0.0-py3.10.egg-info/PKG-INFO
[6.046s] -- Installing: /home/robot/Hiking_deploy/unitree_ros2/cyclonedds_ws/install/unitree_api/lib/python3.10/site-packages/unitree_api-0.0.0-py3.10.egg-info/dependency_links.txt
[6.047s] -- Installing: /home/robot/Hiking_deploy/unitree_ros2/cyclonedds_ws/install/unitree_api/lib/python3.10/site-packages/unitree_api-0.0.0-py3.10.egg-info/top_level.txt
[6.047s] -- Installing: /home/robot/Hiking_deploy/unitree_ros2/cyclonedds_ws/install/unitree_api/lib/python3.10/site-packages/unitree_api
[6.047s] -- Installing: /home/robot/Hiking_deploy/unitree_ros2/cyclonedds_ws/install/unitree_api/lib/python3.10/site-packages/unitree_api/unitree_api_s__rosidl_typesupport_c.cpython-310-x86_64-linux-gnu.so
[6.047s] -- Installing: /home/robot/Hiking_deploy/unitree_ros2/cyclonedds_ws/install/unitree_api/lib/python3.10/site-packages/unitree_api/libunitree_api__rosidl_generator_py.so
[6.047s] -- Installing: /home/robot/Hiking_deploy/unitree_ros2/cyclonedds_ws/install/unitree_api/lib/python3.10/site-packages/unitree_api/unitree_api_s__rosidl_typesupport_introspection_c.cpython-310-x86_64-linux-gnu.so
[6.047s] -- Installing: /home/robot/Hiking_deploy/unitree_ros2/cyclonedds_ws/install/unitree_api/lib/python3.10/site-packages/unitree_api/_unitree_api_s.ep.rosidl_typesupport_introspection_c.c
[6.047s] -- Installing: /home/robot/Hiking_deploy/unitree_ros2/cyclonedds_ws/install/unitree_api/lib/python3.10/site-packages/unitree_api/__init__.py
[6.047s] -- Installing: /home/robot/Hiking_deploy/unitree_ros2/cyclonedds_ws/install/unitree_api/lib/python3.10/site-packages/unitree_api/msg
[6.047s] -- Installing: /home/robot/Hiking_deploy/unitree_ros2/cyclonedds_ws/install/unitree_api/lib/python3.10/site-packages/unitree_api/msg/_request_policy.py
[6.047s] -- Installing: /home/robot/Hiking_deploy/unitree_ros2/cyclonedds_ws/install/unitree_api/lib/python3.10/site-packages/unitree_api/msg/_response_s.c
[6.047s] -- Installing: /home/robot/Hiking_deploy/unitree_ros2/cyclonedds_ws/install/unitree_api/lib/python3.10/site-packages/unitree_api/msg/_response_header.py
[6.047s] -- Installing: /home/robot/Hiking_deploy/unitree_ros2/cyclonedds_ws/install/unitree_api/lib/python3.10/site-packages/unitree_api/msg/_request_identity.py
[6.047s] -- Installing: /home/robot/Hiking_deploy/unitree_ros2/cyclonedds_ws/install/unitree_api/lib/python3.10/site-packages/unitree_api/msg/__init__.py
[6.048s] -- Installing: /home/robot/Hiking_deploy/unitree_ros2/cyclonedds_ws/install/unitree_api/lib/python3.10/site-packages/unitree_api/msg/_request_identity_s.c
[6.048s] -- Installing: /home/robot/Hiking_deploy/unitree_ros2/cyclonedds_ws/install/unitree_api/lib/python3.10/site-packages/unitree_api/msg/_request.py
[6.048s] -- Installing: /home/robot/Hiking_deploy/unitree_ros2/cyclonedds_ws/install/unitree_api/lib/python3.10/site-packages/unitree_api/msg/_request_policy_s.c
[6.048s] -- Installing: /home/robot/Hiking_deploy/unitree_ros2/cyclonedds_ws/install/unitree_api/lib/python3.10/site-packages/unitree_api/msg/_request_header.py
[6.048s] -- Installing: /home/robot/Hiking_deploy/unitree_ros2/cyclonedds_ws/install/unitree_api/lib/python3.10/site-packages/unitree_api/msg/_request_lease_s.c
[6.048s] -- Installing: /home/robot/Hiking_deploy/unitree_ros2/cyclonedds_ws/install/unitree_api/lib/python3.10/site-packages/unitree_api/msg/_response_header_s.c
[6.048s] -- Installing: /home/robot/Hiking_deploy/unitree_ros2/cyclonedds_ws/install/unitree_api/lib/python3.10/site-packages/unitree_api/msg/_request_s.c
[6.048s] -- Installing: /home/robot/Hiking_deploy/unitree_ros2/cyclonedds_ws/install/unitree_api/lib/python3.10/site-packages/unitree_api/msg/_response_status_s.c
[6.048s] -- Installing: /home/robot/Hiking_deploy/unitree_ros2/cyclonedds_ws/install/unitree_api/lib/python3.10/site-packages/unitree_api/msg/_response_status.py
[6.048s] -- Installing: /home/robot/Hiking_deploy/unitree_ros2/cyclonedds_ws/install/unitree_api/lib/python3.10/site-packages/unitree_api/msg/_request_header_s.c
[6.048s] -- Installing: /home/robot/Hiking_deploy/unitree_ros2/cyclonedds_ws/install/unitree_api/lib/python3.10/site-packages/unitree_api/msg/_request_lease.py
[6.048s] -- Installing: /home/robot/Hiking_deploy/unitree_ros2/cyclonedds_ws/install/unitree_api/lib/python3.10/site-packages/unitree_api/msg/_response.py
[6.048s] -- Installing: /home/robot/Hiking_deploy/unitree_ros2/cyclonedds_ws/install/unitree_api/lib/python3.10/site-packages/unitree_api/_unitree_api_s.ep.rosidl_typesupport_fastrtps_c.c
[6.049s] -- Installing: /home/robot/Hiking_deploy/unitree_ros2/cyclonedds_ws/install/unitree_api/lib/python3.10/site-packages/unitree_api/_unitree_api_s.ep.rosidl_typesupport_c.c
[6.049s] -- Installing: /home/robot/Hiking_deploy/unitree_ros2/cyclonedds_ws/install/unitree_api/lib/python3.10/site-packages/unitree_api/unitree_api_s__rosidl_typesupport_fastrtps_c.cpython-310-x86_64-linux-gnu.so
[6.116s] Listing '/home/robot/Hiking_deploy/unitree_ros2/cyclonedds_ws/install/unitree_api/lib/python3.10/site-packages/unitree_api'...
[6.116s] Compiling '/home/robot/Hiking_deploy/unitree_ros2/cyclonedds_ws/install/unitree_api/lib/python3.10/site-packages/unitree_api/__init__.py'...
[6.116s] Listing '/home/robot/Hiking_deploy/unitree_ros2/cyclonedds_ws/install/unitree_api/lib/python3.10/site-packages/unitree_api/msg'...
[6.116s] Compiling '/home/robot/Hiking_deploy/unitree_ros2/cyclonedds_ws/install/unitree_api/lib/python3.10/site-packages/unitree_api/msg/__init__.py'...
[6.116s] Compiling '/home/robot/Hiking_deploy/unitree_ros2/cyclonedds_ws/install/unitree_api/lib/python3.10/site-packages/unitree_api/msg/_request.py'...
[6.116s] Compiling '/home/robot/Hiking_deploy/unitree_ros2/cyclonedds_ws/install/unitree_api/lib/python3.10/site-packages/unitree_api/msg/_request_header.py'...
[6.117s] Compiling '/home/robot/Hiking_deploy/unitree_ros2/cyclonedds_ws/install/unitree_api/lib/python3.10/site-packages/unitree_api/msg/_request_identity.py'...
[6.117s] Compiling '/home/robot/Hiking_deploy/unitree_ros2/cyclonedds_ws/install/unitree_api/lib/python3.10/site-packages/unitree_api/msg/_request_lease.py'...
[6.117s] Compiling '/home/robot/Hiking_deploy/unitree_ros2/cyclonedds_ws/install/unitree_api/lib/python3.10/site-packages/unitree_api/msg/_request_policy.py'...
[6.117s] Compiling '/home/robot/Hiking_deploy/unitree_ros2/cyclonedds_ws/install/unitree_api/lib/python3.10/site-packages/unitree_api/msg/_response.py'...
[6.117s] Compiling '/home/robot/Hiking_deploy/unitree_ros2/cyclonedds_ws/install/unitree_api/lib/python3.10/site-packages/unitree_api/msg/_response_header.py'...
[6.117s] Compiling '/home/robot/Hiking_deploy/unitree_ros2/cyclonedds_ws/install/unitree_api/lib/python3.10/site-packages/unitree_api/msg/_response_status.py'...
[6.122s] -- Installing: /home/robot/Hiking_deploy/unitree_ros2/cyclonedds_ws/install/unitree_api/lib/python3.10/site-packages/unitree_api/unitree_api_s__rosidl_typesupport_fastrtps_c.cpython-310-x86_64-linux-gnu.so
[6.122s] -- Set runtime path of "/home/robot/Hiking_deploy/unitree_ros2/cyclonedds_ws/install/unitree_api/lib/python3.10/site-packages/unitree_api/unitree_api_s__rosidl_typesupport_fastrtps_c.cpython-310-x86_64-linux-gnu.so" to ""
[6.122s] -- Installing: /home/robot/Hiking_deploy/unitree_ros2/cyclonedds_ws/install/unitree_api/lib/python3.10/site-packages/unitree_api/unitree_api_s__rosidl_typesupport_introspection_c.cpython-310-x86_64-linux-gnu.so
[6.123s] -- Set runtime path of "/home/robot/Hiking_deploy/unitree_ros2/cyclonedds_ws/install/unitree_api/lib/python3.10/site-packages/unitree_api/unitree_api_s__rosidl_typesupport_introspection_c.cpython-310-x86_64-linux-gnu.so" to ""
[6.123s] -- Installing: /home/robot/Hiking_deploy/unitree_ros2/cyclonedds_ws/install/unitree_api/lib/python3.10/site-packages/unitree_api/unitree_api_s__rosidl_typesupport_c.cpython-310-x86_64-linux-gnu.so
[6.124s] -- Set runtime path of "/home/robot/Hiking_deploy/unitree_ros2/cyclonedds_ws/install/unitree_api/lib/python3.10/site-packages/unitree_api/unitree_api_s__rosidl_typesupport_c.cpython-310-x86_64-linux-gnu.so" to ""
[6.124s] -- Installing: /home/robot/Hiking_deploy/unitree_ros2/cyclonedds_ws/install/unitree_api/lib/libunitree_api__rosidl_generator_py.so
[6.125s] -- Set runtime path of "/home/robot/Hiking_deploy/unitree_ros2/cyclonedds_ws/install/unitree_api/lib/libunitree_api__rosidl_generator_py.so" to ""
[6.125s] -- Installing: /home/robot/Hiking_deploy/unitree_ros2/cyclonedds_ws/install/unitree_api/share/ament_index/resource_index/rust_packages/unitree_api
[6.125s] -- Installing: /home/robot/Hiking_deploy/unitree_ros2/cyclonedds_ws/install/unitree_api/share/unitree_api/rust
[6.126s] -- Installing: /home/robot/Hiking_deploy/unitree_ros2/cyclonedds_ws/install/unitree_api/share/unitree_api/rust/Cargo.toml
[6.126s] -- Installing: /home/robot/Hiking_deploy/unitree_ros2/cyclonedds_ws/install/unitree_api/share/unitree_api/rust/build.rs
[6.126s] -- Installing: /home/robot/Hiking_deploy/unitree_ros2/cyclonedds_ws/install/unitree_api/share/unitree_api/rust/src
[6.129s] -- Installing: /home/robot/Hiking_deploy/unitree_ros2/cyclonedds_ws/install/unitree_api/share/unitree_api/rust/src/msg.rs
[6.129s] -- Installing: /home/robot/Hiking_deploy/unitree_ros2/cyclonedds_ws/install/unitree_api/share/unitree_api/rust/src/msg
[6.129s] -- Installing: /home/robot/Hiking_deploy/unitree_ros2/cyclonedds_ws/install/unitree_api/share/unitree_api/rust/src/msg/rmw.rs
[6.130s] -- Installing: /home/robot/Hiking_deploy/unitree_ros2/cyclonedds_ws/install/unitree_api/share/unitree_api/rust/src/lib.rs
[6.130s] -- Installing: /home/robot/Hiking_deploy/unitree_ros2/cyclonedds_ws/install/unitree_api/share/unitree_api/msg/Request.idl
[6.130s] -- Installing: /home/robot/Hiking_deploy/unitree_ros2/cyclonedds_ws/install/unitree_api/share/unitree_api/msg/RequestHeader.idl
[6.130s] -- Installing: /home/robot/Hiking_deploy/unitree_ros2/cyclonedds_ws/install/unitree_api/share/unitree_api/msg/RequestIdentity.idl
[6.130s] -- Installing: /home/robot/Hiking_deploy/unitree_ros2/cyclonedds_ws/install/unitree_api/share/unitree_api/msg/RequestLease.idl
[6.130s] -- Installing: /home/robot/Hiking_deploy/unitree_ros2/cyclonedds_ws/install/unitree_api/share/unitree_api/msg/RequestPolicy.idl
[6.130s] -- Installing: /home/robot/Hiking_deploy/unitree_ros2/cyclonedds_ws/install/unitree_api/share/unitree_api/msg/Response.idl
[6.130s] -- Installing: /home/robot/Hiking_deploy/unitree_ros2/cyclonedds_ws/install/unitree_api/share/unitree_api/msg/ResponseHeader.idl
[6.130s] -- Installing: /home/robot/Hiking_deploy/unitree_ros2/cyclonedds_ws/install/unitree_api/share/unitree_api/msg/ResponseStatus.idl
[6.130s] -- Installing: /home/robot/Hiking_deploy/unitree_ros2/cyclonedds_ws/install/unitree_api/share/unitree_api/msg/Request.msg
[6.130s] -- Installing: /home/robot/Hiking_deploy/unitree_ros2/cyclonedds_ws/install/unitree_api/share/unitree_api/msg/RequestHeader.msg
[6.130s] -- Installing: /home/robot/Hiking_deploy/unitree_ros2/cyclonedds_ws/install/unitree_api/share/unitree_api/msg/RequestIdentity.msg
[6.130s] -- Installing: /home/robot/Hiking_deploy/unitree_ros2/cyclonedds_ws/install/unitree_api/share/unitree_api/msg/RequestLease.msg
[6.130s] -- Installing: /home/robot/Hiking_deploy/unitree_ros2/cyclonedds_ws/install/unitree_api/share/unitree_api/msg/RequestPolicy.msg
[6.131s] -- Installing: /home/robot/Hiking_deploy/unitree_ros2/cyclonedds_ws/install/unitree_api/share/unitree_api/msg/Response.msg
[6.131s] -- Installing: /home/robot/Hiking_deploy/unitree_ros2/cyclonedds_ws/install/unitree_api/share/unitree_api/msg/ResponseHeader.msg
[6.131s] -- Installing: /home/robot/Hiking_deploy/unitree_ros2/cyclonedds_ws/install/unitree_api/share/unitree_api/msg/ResponseStatus.msg
[6.131s] -- Installing: /home/robot/Hiking_deploy/unitree_ros2/cyclonedds_ws/install/unitree_api/share/unitree_api/msg/dds_connext
[6.131s] -- Installing: /home/robot/Hiking_deploy/unitree_ros2/cyclonedds_ws/install/unitree_api/share/unitree_api/msg/dds_connext/RequestIdentity_.idl
[6.131s] -- Installing: /home/robot/Hiking_deploy/unitree_ros2/cyclonedds_ws/install/unitree_api/share/unitree_api/msg/dds_connext/RequestPolicy_.idl
[6.131s] -- Installing: /home/robot/Hiking_deploy/unitree_ros2/cyclonedds_ws/install/unitree_api/share/unitree_api/msg/dds_connext/ResponseStatus_.idl
[6.131s] -- Installing: /home/robot/Hiking_deploy/unitree_ros2/cyclonedds_ws/install/unitree_api/share/unitree_api/msg/dds_connext/Response_.idl
[6.131s] -- Installing: /home/robot/Hiking_deploy/unitree_ros2/cyclonedds_ws/install/unitree_api/share/unitree_api/msg/dds_connext/Request_.idl
[6.131s] -- Installing: /home/robot/Hiking_deploy/unitree_ros2/cyclonedds_ws/install/unitree_api/share/unitree_api/msg/dds_connext/RequestLease_.idl
[6.132s] -- Installing: /home/robot/Hiking_deploy/unitree_ros2/cyclonedds_ws/install/unitree_api/share/unitree_api/msg/dds_connext/RequestHeader_.idl
[6.132s] -- Installing: /home/robot/Hiking_deploy/unitree_ros2/cyclonedds_ws/install/unitree_api/share/unitree_api/msg/dds_connext/ResponseHeader_.idl
[6.132s] -- Installing: /home/robot/Hiking_deploy/unitree_ros2/cyclonedds_ws/install/unitree_api/share/ament_index/resource_index/package_run_dependencies/unitree_api
[6.133s] -- Installing: /home/robot/Hiking_deploy/unitree_ros2/cyclonedds_ws/install/unitree_api/share/ament_index/resource_index/parent_prefix_path/unitree_api
[6.133s] -- Installing: /home/robot/Hiking_deploy/unitree_ros2/cyclonedds_ws/install/unitree_api/share/unitree_api/environment/ament_prefix_path.sh
[6.133s] -- Installing: /home/robot/Hiking_deploy/unitree_ros2/cyclonedds_ws/install/unitree_api/share/unitree_api/environment/ament_prefix_path.dsv
[6.134s] -- Installing: /home/robot/Hiking_deploy/unitree_ros2/cyclonedds_ws/install/unitree_api/share/unitree_api/environment/path.sh
[6.134s] -- Installing: /home/robot/Hiking_deploy/unitree_ros2/cyclonedds_ws/install/unitree_api/share/unitree_api/environment/path.dsv
[6.134s] -- Installing: /home/robot/Hiking_deploy/unitree_ros2/cyclonedds_ws/install/unitree_api/share/unitree_api/local_setup.bash
[6.134s] -- Installing: /home/robot/Hiking_deploy/unitree_ros2/cyclonedds_ws/install/unitree_api/share/unitree_api/local_setup.sh
[6.135s] -- Installing: /home/robot/Hiking_deploy/unitree_ros2/cyclonedds_ws/install/unitree_api/share/unitree_api/local_setup.zsh
[6.135s] -- Installing: /home/robot/Hiking_deploy/unitree_ros2/cyclonedds_ws/install/unitree_api/share/unitree_api/local_setup.dsv
[6.135s] -- Installing: /home/robot/Hiking_deploy/unitree_ros2/cyclonedds_ws/install/unitree_api/share/unitree_api/package.dsv
[6.135s] -- Installing: /home/robot/Hiking_deploy/unitree_ros2/cyclonedds_ws/install/unitree_api/share/ament_index/resource_index/packages/unitree_api
[6.136s] -- Installing: /home/robot/Hiking_deploy/unitree_ros2/cyclonedds_ws/install/unitree_api/share/unitree_api/cmake/export_unitree_api__rosidl_generator_cExport.cmake
[6.136s] -- Installing: /home/robot/Hiking_deploy/unitree_ros2/cyclonedds_ws/install/unitree_api/share/unitree_api/cmake/export_unitree_api__rosidl_generator_cExport-noconfig.cmake
[6.136s] -- Installing: /home/robot/Hiking_deploy/unitree_ros2/cyclonedds_ws/install/unitree_api/share/unitree_api/cmake/export_unitree_api__rosidl_typesupport_fastrtps_cExport.cmake
[6.136s] -- Installing: /home/robot/Hiking_deploy/unitree_ros2/cyclonedds_ws/install/unitree_api/share/unitree_api/cmake/export_unitree_api__rosidl_typesupport_fastrtps_cExport-noconfig.cmake
[6.137s] -- Installing: /home/robot/Hiking_deploy/unitree_ros2/cyclonedds_ws/install/unitree_api/share/unitree_api/cmake/export_unitree_api__rosidl_generator_cppExport.cmake
[6.140s] -- Installing: /home/robot/Hiking_deploy/unitree_ros2/cyclonedds_ws/install/unitree_api/share/unitree_api/cmake/export_unitree_api__rosidl_typesupport_fastrtps_cppExport.cmake
[6.140s] -- Installing: /home/robot/Hiking_deploy/unitree_ros2/cyclonedds_ws/install/unitree_api/share/unitree_api/cmake/export_unitree_api__rosidl_typesupport_fastrtps_cppExport-noconfig.cmake
[6.140s] -- Installing: /home/robot/Hiking_deploy/unitree_ros2/cyclonedds_ws/install/unitree_api/share/unitree_api/cmake/unitree_api__rosidl_typesupport_introspection_cExport.cmake
[6.140s] -- Installing: /home/robot/Hiking_deploy/unitree_ros2/cyclonedds_ws/install/unitree_api/share/unitree_api/cmake/unitree_api__rosidl_typesupport_introspection_cExport-noconfig.cmake
[6.140s] -- Installing: /home/robot/Hiking_deploy/unitree_ros2/cyclonedds_ws/install/unitree_api/share/unitree_api/cmake/unitree_api__rosidl_typesupport_cExport.cmake
[6.141s] -- Installing: /home/robot/Hiking_deploy/unitree_ros2/cyclonedds_ws/install/unitree_api/share/unitree_api/cmake/unitree_api__rosidl_typesupport_cExport-noconfig.cmake
[6.141s] -- Installing: /home/robot/Hiking_deploy/unitree_ros2/cyclonedds_ws/install/unitree_api/share/unitree_api/cmake/unitree_api__rosidl_typesupport_introspection_cppExport.cmake
[6.141s] -- Installing: /home/robot/Hiking_deploy/unitree_ros2/cyclonedds_ws/install/unitree_api/share/unitree_api/cmake/unitree_api__rosidl_typesupport_introspection_cppExport-noconfig.cmake
[6.141s] -- Installing: /home/robot/Hiking_deploy/unitree_ros2/cyclonedds_ws/install/unitree_api/share/unitree_api/cmake/unitree_api__rosidl_typesupport_cppExport.cmake
[6.142s] -- Installing: /home/robot/Hiking_deploy/unitree_ros2/cyclonedds_ws/install/unitree_api/share/unitree_api/cmake/unitree_api__rosidl_typesupport_cppExport-noconfig.cmake
[6.142s] -- Installing: /home/robot/Hiking_deploy/unitree_ros2/cyclonedds_ws/install/unitree_api/share/unitree_api/cmake/export_unitree_api__rosidl_generator_pyExport.cmake
[6.142s] -- Installing: /home/robot/Hiking_deploy/unitree_ros2/cyclonedds_ws/install/unitree_api/share/unitree_api/cmake/export_unitree_api__rosidl_generator_pyExport-noconfig.cmake
[6.142s] -- Installing: /home/robot/Hiking_deploy/unitree_ros2/cyclonedds_ws/install/unitree_api/share/unitree_api/cmake/rosidl_cmake-extras.cmake
[6.142s] -- Installing: /home/robot/Hiking_deploy/unitree_ros2/cyclonedds_ws/install/unitree_api/share/unitree_api/cmake/ament_cmake_export_dependencies-extras.cmake
[6.142s] -- Installing: /home/robot/Hiking_deploy/unitree_ros2/cyclonedds_ws/install/unitree_api/share/unitree_api/cmake/ament_cmake_export_include_directories-extras.cmake
[6.142s] -- Installing: /home/robot/Hiking_deploy/unitree_ros2/cyclonedds_ws/install/unitree_api/share/unitree_api/cmake/ament_cmake_export_libraries-extras.cmake
[6.142s] -- Installing: /home/robot/Hiking_deploy/unitree_ros2/cyclonedds_ws/install/unitree_api/share/unitree_api/cmake/ament_cmake_export_targets-extras.cmake
[6.142s] -- Installing: /home/robot/Hiking_deploy/unitree_ros2/cyclonedds_ws/install/unitree_api/share/unitree_api/cmake/rosidl_cmake_export_typesupport_targets-extras.cmake
[6.142s] -- Installing: /home/robot/Hiking_deploy/unitree_ros2/cyclonedds_ws/install/unitree_api/share/unitree_api/cmake/rosidl_cmake_export_typesupport_libraries-extras.cmake
[6.142s] -- Installing: /home/robot/Hiking_deploy/unitree_ros2/cyclonedds_ws/install/unitree_api/share/unitree_api/cmake/unitree_apiConfig.cmake
[6.142s] -- Installing: /home/robot/Hiking_deploy/unitree_ros2/cyclonedds_ws/install/unitree_api/share/unitree_api/cmake/unitree_apiConfig-version.cmake
[6.142s] -- Installing: /home/robot/Hiking_deploy/unitree_ros2/cyclonedds_ws/install/unitree_api/share/unitree_api/package.xml
[6.146s] Invoked command in '/home/robot/Hiking_deploy/unitree_ros2/cyclonedds_ws/build/unitree_api' returned '0': CMAKE_PREFIX_PATH=${CMAKE_PREFIX_PATH}:/home/robot/Documents/dev_ws/install/learning_urdf:/home/robot/Documents/dev_ws/install/learning_topic:/home/robot/Documents/dev_ws/install/learning_tf:/home/robot/Documents/dev_ws/install/learning_service:/home/robot/Documents/dev_ws/install/learning_qos:/home/robot/Documents/dev_ws/install/learning_pkg_python:/home/robot/Documents/dev_ws/install/learning_parameter:/home/robot/Documents/dev_ws/install/learning_node:/home/robot/Documents/dev_ws/install/learning_launch:/home/robot/Documents/dev_ws/install/learning_action:/home/robot/Documents/dev_ws/install/learning_gazebo_harmonic:/home/robot/Documents/dev_ws/install/learning_gazebo:/home/robot/Documents/dev_ws/install/learning_cv:/opt/ros/humble CONDA_PROMPT_MODIFIER=(base) PS1=(.venv) (base) \[\e]0;\u@\h: \w\a\]${debian_chroot:+($debian_chroot)}\[\033[01;32m\]\u@\h\[\033[00m\]:\[\033[01;34m\]\w\[\033[00m\]\$ /usr/bin/cmake --install /home/robot/Hiking_deploy/unitree_ros2/cyclonedds_ws/build/unitree_api
