[0.055s] DEBUG:colcon:Command line arguments: ['/usr/bin/colcon', 'build', '--packages-select', 'rosidl_generator_dds_idl']
[0.056s] DEBUG:colcon:Parsed command line arguments: Namespace(log_base=None, log_level=None, verb_name='build', build_base='build', install_base='install', merge_install=False, symlink_install=False, test_result_base=None, continue_on_error=False, executor='parallel', parallel_workers=28, event_handlers=None, ignore_user_meta=False, metas=['./colcon.meta'], base_paths=['.'], packages_ignore=None, packages_ignore_regex=None, paths=None, packages_up_to=None, packages_up_to_regex=None, packages_above=None, packages_above_and_dependencies=None, packages_above_depth=None, packages_select_by_dep=None, packages_skip_by_dep=None, packages_skip_up_to=None, packages_select_build_failed=False, packages_skip_build_finished=False, packages_select_test_failures=False, packages_skip_test_passed=False, packages_select=['rosidl_generator_dds_idl'], packages_skip=None, packages_select_regex=None, packages_skip_regex=None, packages_start=None, packages_end=None, allow_overriding=[], cmake_args=None, cmake_target=None, cmake_target_skip_unavailable=False, cmake_clean_cache=False, cmake_clean_first=False, cmake_force_configure=False, ament_cmake_args=None, catkin_cmake_args=None, catkin_skip_building_tests=False, mixin_files=None, mixin=None, verb_parser=<colcon_mixin.mixin.mixin_argument.MixinArgumentDecorator object at 0x7c8a28a61cc0>, verb_extension=<colcon_core.verb.build.BuildVerb object at 0x7c8a28b9ac80>, main=<bound method BuildVerb.main of <colcon_core.verb.build.BuildVerb object at 0x7c8a28b9ac80>>, mixin_verb=('build',))
[0.137s] Level 1:colcon.colcon_core.package_discovery:discover_packages(colcon_meta) check parameters
[0.137s] Level 1:colcon.colcon_core.package_discovery:discover_packages(recursive) check parameters
[0.137s] Level 1:colcon.colcon_core.package_discovery:discover_packages(ignore) check parameters
[0.137s] Level 1:colcon.colcon_core.package_discovery:discover_packages(path) check parameters
[0.137s] Level 1:colcon.colcon_core.package_discovery:discover_packages(colcon_meta) discover
[0.137s] Level 1:colcon.colcon_core.package_discovery:discover_packages(recursive) discover
[0.137s] INFO:colcon.colcon_core.package_discovery:Crawling recursively for packages in '/home/robot/Hiking_deploy/unitree_ros2/cyclonedds_ws'
[0.137s] Level 1:colcon.colcon_core.package_identification:_identify(.) by extensions ['ignore', 'ignore_ament_install']
[0.137s] Level 1:colcon.colcon_core.package_identification:_identify(.) by extension 'ignore'
[0.137s] Level 1:colcon.colcon_core.package_identification:_identify(.) by extension 'ignore_ament_install'
[0.137s] Level 1:colcon.colcon_core.package_identification:_identify(.) by extensions ['colcon_pkg']
[0.137s] Level 1:colcon.colcon_core.package_identification:_identify(.) by extension 'colcon_pkg'
[0.137s] Level 1:colcon.colcon_core.package_identification:_identify(.) by extensions ['colcon_meta']
[0.137s] Level 1:colcon.colcon_core.package_identification:_identify(.) by extension 'colcon_meta'
[0.137s] Level 1:colcon.colcon_core.package_identification:_identify(.) by extensions ['ros']
[0.137s] Level 1:colcon.colcon_core.package_identification:_identify(.) by extension 'ros'
[0.142s] Level 1:colcon.colcon_core.package_identification:_identify(.) by extensions ['cmake', 'python']
[0.142s] Level 1:colcon.colcon_core.package_identification:_identify(.) by extension 'cmake'
[0.142s] Level 1:colcon.colcon_core.package_identification:_identify(.) by extension 'python'
[0.142s] Level 1:colcon.colcon_core.package_identification:_identify(.) by extensions ['python_setup_py']
[0.142s] Level 1:colcon.colcon_core.package_identification:_identify(.) by extension 'python_setup_py'
[0.142s] Level 1:colcon.colcon_core.package_identification:_identify(build) by extensions ['ignore', 'ignore_ament_install']
[0.143s] Level 1:colcon.colcon_core.package_identification:_identify(build) by extension 'ignore'
[0.143s] Level 1:colcon.colcon_core.package_identification:_identify(build) ignored
[0.143s] Level 1:colcon.colcon_core.package_identification:_identify(install) by extensions ['ignore', 'ignore_ament_install']
[0.143s] Level 1:colcon.colcon_core.package_identification:_identify(install) by extension 'ignore'
[0.143s] Level 1:colcon.colcon_core.package_identification:_identify(install) ignored
[0.143s] Level 1:colcon.colcon_core.package_identification:_identify(log) by extensions ['ignore', 'ignore_ament_install']
[0.143s] Level 1:colcon.colcon_core.package_identification:_identify(log) by extension 'ignore'
[0.143s] Level 1:colcon.colcon_core.package_identification:_identify(log) ignored
[0.143s] Level 1:colcon.colcon_core.package_identification:_identify(src) by extensions ['ignore', 'ignore_ament_install']
[0.143s] Level 1:colcon.colcon_core.package_identification:_identify(src) by extension 'ignore'
[0.143s] Level 1:colcon.colcon_core.package_identification:_identify(src) by extension 'ignore_ament_install'
[0.143s] Level 1:colcon.colcon_core.package_identification:_identify(src) by extensions ['colcon_pkg']
[0.143s] Level 1:colcon.colcon_core.package_identification:_identify(src) by extension 'colcon_pkg'
[0.143s] Level 1:colcon.colcon_core.package_identification:_identify(src) by extensions ['colcon_meta']
[0.143s] Level 1:colcon.colcon_core.package_identification:_identify(src) by extension 'colcon_meta'
[0.143s] Level 1:colcon.colcon_core.package_identification:_identify(src) by extensions ['ros']
[0.143s] Level 1:colcon.colcon_core.package_identification:_identify(src) by extension 'ros'
[0.143s] Level 1:colcon.colcon_core.package_identification:_identify(src) by extensions ['cmake', 'python']
[0.143s] Level 1:colcon.colcon_core.package_identification:_identify(src) by extension 'cmake'
[0.143s] Level 1:colcon.colcon_core.package_identification:_identify(src) by extension 'python'
[0.143s] Level 1:colcon.colcon_core.package_identification:_identify(src) by extensions ['python_setup_py']
[0.143s] Level 1:colcon.colcon_core.package_identification:_identify(src) by extension 'python_setup_py'
[0.143s] Level 1:colcon.colcon_core.package_identification:_identify(src/rmw_cyclonedds) by extensions ['ignore', 'ignore_ament_install']
[0.143s] Level 1:colcon.colcon_core.package_identification:_identify(src/rmw_cyclonedds) by extension 'ignore'
[0.143s] Level 1:colcon.colcon_core.package_identification:_identify(src/rmw_cyclonedds) by extension 'ignore_ament_install'
[0.143s] Level 1:colcon.colcon_core.package_identification:_identify(src/rmw_cyclonedds) by extensions ['colcon_pkg']
[0.143s] Level 1:colcon.colcon_core.package_identification:_identify(src/rmw_cyclonedds) by extension 'colcon_pkg'
[0.143s] Level 1:colcon.colcon_core.package_identification:_identify(src/rmw_cyclonedds) by extensions ['colcon_meta']
[0.143s] Level 1:colcon.colcon_core.package_identification:_identify(src/rmw_cyclonedds) by extension 'colcon_meta'
[0.143s] Level 1:colcon.colcon_core.package_identification:_identify(src/rmw_cyclonedds) by extensions ['ros']
[0.143s] Level 1:colcon.colcon_core.package_identification:_identify(src/rmw_cyclonedds) by extension 'ros'
[0.143s] Level 1:colcon.colcon_core.package_identification:_identify(src/rmw_cyclonedds) by extensions ['cmake', 'python']
[0.143s] Level 1:colcon.colcon_core.package_identification:_identify(src/rmw_cyclonedds) by extension 'cmake'
[0.143s] Level 1:colcon.colcon_core.package_identification:_identify(src/rmw_cyclonedds) by extension 'python'
[0.143s] Level 1:colcon.colcon_core.package_identification:_identify(src/rmw_cyclonedds) by extensions ['python_setup_py']
[0.143s] Level 1:colcon.colcon_core.package_identification:_identify(src/rmw_cyclonedds) by extension 'python_setup_py'
[0.143s] Level 1:colcon.colcon_core.package_identification:_identify(src/rmw_cyclonedds/rmw_cyclonedds_cpp) by extensions ['ignore', 'ignore_ament_install']
[0.143s] Level 1:colcon.colcon_core.package_identification:_identify(src/rmw_cyclonedds/rmw_cyclonedds_cpp) by extension 'ignore'
[0.143s] Level 1:colcon.colcon_core.package_identification:_identify(src/rmw_cyclonedds/rmw_cyclonedds_cpp) by extension 'ignore_ament_install'
[0.143s] Level 1:colcon.colcon_core.package_identification:_identify(src/rmw_cyclonedds/rmw_cyclonedds_cpp) by extensions ['colcon_pkg']
[0.143s] Level 1:colcon.colcon_core.package_identification:_identify(src/rmw_cyclonedds/rmw_cyclonedds_cpp) by extension 'colcon_pkg'
[0.143s] Level 1:colcon.colcon_core.package_identification:_identify(src/rmw_cyclonedds/rmw_cyclonedds_cpp) by extensions ['colcon_meta']
[0.143s] Level 1:colcon.colcon_core.package_identification:_identify(src/rmw_cyclonedds/rmw_cyclonedds_cpp) by extension 'colcon_meta'
[0.143s] Level 1:colcon.colcon_core.package_identification:_identify(src/rmw_cyclonedds/rmw_cyclonedds_cpp) by extensions ['ros']
[0.143s] Level 1:colcon.colcon_core.package_identification:_identify(src/rmw_cyclonedds/rmw_cyclonedds_cpp) by extension 'ros'
[0.145s] DEBUG:colcon.colcon_core.package_identification:Package 'src/rmw_cyclonedds/rmw_cyclonedds_cpp' with type 'ros.ament_cmake' and name 'rmw_cyclonedds_cpp'
[0.145s] Level 1:colcon.colcon_core.package_identification:_identify(src/ros2_numpy) by extensions ['ignore', 'ignore_ament_install']
[0.146s] Level 1:colcon.colcon_core.package_identification:_identify(src/ros2_numpy) by extension 'ignore'
[0.146s] Level 1:colcon.colcon_core.package_identification:_identify(src/ros2_numpy) by extension 'ignore_ament_install'
[0.146s] Level 1:colcon.colcon_core.package_identification:_identify(src/ros2_numpy) by extensions ['colcon_pkg']
[0.146s] Level 1:colcon.colcon_core.package_identification:_identify(src/ros2_numpy) by extension 'colcon_pkg'
[0.146s] Level 1:colcon.colcon_core.package_identification:_identify(src/ros2_numpy) by extensions ['colcon_meta']
[0.146s] Level 1:colcon.colcon_core.package_identification:_identify(src/ros2_numpy) by extension 'colcon_meta'
[0.146s] Level 1:colcon.colcon_core.package_identification:_identify(src/ros2_numpy) by extensions ['ros']
[0.146s] Level 1:colcon.colcon_core.package_identification:_identify(src/ros2_numpy) by extension 'ros'
[0.146s] DEBUG:colcon.colcon_core.package_identification:Package 'src/ros2_numpy' with type 'ros.ament_cmake' and name 'ros2_numpy'
[0.146s] Level 1:colcon.colcon_core.package_identification:_identify(src/rosidl_dds) by extensions ['ignore', 'ignore_ament_install']
[0.146s] Level 1:colcon.colcon_core.package_identification:_identify(src/rosidl_dds) by extension 'ignore'
[0.146s] Level 1:colcon.colcon_core.package_identification:_identify(src/rosidl_dds) by extension 'ignore_ament_install'
[0.146s] Level 1:colcon.colcon_core.package_identification:_identify(src/rosidl_dds) by extensions ['colcon_pkg']
[0.146s] Level 1:colcon.colcon_core.package_identification:_identify(src/rosidl_dds) by extension 'colcon_pkg'
[0.146s] Level 1:colcon.colcon_core.package_identification:_identify(src/rosidl_dds) by extensions ['colcon_meta']
[0.146s] Level 1:colcon.colcon_core.package_identification:_identify(src/rosidl_dds) by extension 'colcon_meta'
[0.146s] Level 1:colcon.colcon_core.package_identification:_identify(src/rosidl_dds) by extensions ['ros']
[0.146s] Level 1:colcon.colcon_core.package_identification:_identify(src/rosidl_dds) by extension 'ros'
[0.146s] Level 1:colcon.colcon_core.package_identification:_identify(src/rosidl_dds) by extensions ['cmake', 'python']
[0.146s] Level 1:colcon.colcon_core.package_identification:_identify(src/rosidl_dds) by extension 'cmake'
[0.146s] Level 1:colcon.colcon_core.package_identification:_identify(src/rosidl_dds) by extension 'python'
[0.146s] Level 1:colcon.colcon_core.package_identification:_identify(src/rosidl_dds) by extensions ['python_setup_py']
[0.146s] Level 1:colcon.colcon_core.package_identification:_identify(src/rosidl_dds) by extension 'python_setup_py'
[0.146s] Level 1:colcon.colcon_core.package_identification:_identify(src/rosidl_dds/rosidl_generator_dds_idl) by extensions ['ignore', 'ignore_ament_install']
[0.146s] Level 1:colcon.colcon_core.package_identification:_identify(src/rosidl_dds/rosidl_generator_dds_idl) by extension 'ignore'
[0.146s] Level 1:colcon.colcon_core.package_identification:_identify(src/rosidl_dds/rosidl_generator_dds_idl) by extension 'ignore_ament_install'
[0.146s] Level 1:colcon.colcon_core.package_identification:_identify(src/rosidl_dds/rosidl_generator_dds_idl) by extensions ['colcon_pkg']
[0.146s] Level 1:colcon.colcon_core.package_identification:_identify(src/rosidl_dds/rosidl_generator_dds_idl) by extension 'colcon_pkg'
[0.147s] Level 1:colcon.colcon_core.package_identification:_identify(src/rosidl_dds/rosidl_generator_dds_idl) by extensions ['colcon_meta']
[0.147s] Level 1:colcon.colcon_core.package_identification:_identify(src/rosidl_dds/rosidl_generator_dds_idl) by extension 'colcon_meta'
[0.147s] Level 1:colcon.colcon_core.package_identification:_identify(src/rosidl_dds/rosidl_generator_dds_idl) by extensions ['ros']
[0.147s] Level 1:colcon.colcon_core.package_identification:_identify(src/rosidl_dds/rosidl_generator_dds_idl) by extension 'ros'
[0.147s] DEBUG:colcon.colcon_core.package_identification:Package 'src/rosidl_dds/rosidl_generator_dds_idl' with type 'ros.ament_cmake' and name 'rosidl_generator_dds_idl'
[0.147s] Level 1:colcon.colcon_core.package_identification:_identify(src/tf_transformations) by extensions ['ignore', 'ignore_ament_install']
[0.147s] Level 1:colcon.colcon_core.package_identification:_identify(src/tf_transformations) by extension 'ignore'
[0.147s] Level 1:colcon.colcon_core.package_identification:_identify(src/tf_transformations) by extension 'ignore_ament_install'
[0.147s] Level 1:colcon.colcon_core.package_identification:_identify(src/tf_transformations) by extensions ['colcon_pkg']
[0.147s] Level 1:colcon.colcon_core.package_identification:_identify(src/tf_transformations) by extension 'colcon_pkg'
[0.147s] Level 1:colcon.colcon_core.package_identification:_identify(src/tf_transformations) by extensions ['colcon_meta']
[0.147s] Level 1:colcon.colcon_core.package_identification:_identify(src/tf_transformations) by extension 'colcon_meta'
[0.147s] Level 1:colcon.colcon_core.package_identification:_identify(src/tf_transformations) by extensions ['ros']
[0.147s] Level 1:colcon.colcon_core.package_identification:_identify(src/tf_transformations) by extension 'ros'
[0.147s] DEBUG:colcon.colcon_core.package_identification:Package 'src/tf_transformations' with type 'ros.ament_python' and name 'tf_transformations'
[0.147s] Level 1:colcon.colcon_core.package_identification:_identify(src/unitree) by extensions ['ignore', 'ignore_ament_install']
[0.147s] Level 1:colcon.colcon_core.package_identification:_identify(src/unitree) by extension 'ignore'
[0.147s] Level 1:colcon.colcon_core.package_identification:_identify(src/unitree) by extension 'ignore_ament_install'
[0.147s] Level 1:colcon.colcon_core.package_identification:_identify(src/unitree) by extensions ['colcon_pkg']
[0.147s] Level 1:colcon.colcon_core.package_identification:_identify(src/unitree) by extension 'colcon_pkg'
[0.147s] Level 1:colcon.colcon_core.package_identification:_identify(src/unitree) by extensions ['colcon_meta']
[0.147s] Level 1:colcon.colcon_core.package_identification:_identify(src/unitree) by extension 'colcon_meta'
[0.147s] Level 1:colcon.colcon_core.package_identification:_identify(src/unitree) by extensions ['ros']
[0.148s] Level 1:colcon.colcon_core.package_identification:_identify(src/unitree) by extension 'ros'
[0.148s] Level 1:colcon.colcon_core.package_identification:_identify(src/unitree) by extensions ['cmake', 'python']
[0.148s] Level 1:colcon.colcon_core.package_identification:_identify(src/unitree) by extension 'cmake'
[0.148s] Level 1:colcon.colcon_core.package_identification:_identify(src/unitree) by extension 'python'
[0.148s] Level 1:colcon.colcon_core.package_identification:_identify(src/unitree) by extensions ['python_setup_py']
[0.148s] Level 1:colcon.colcon_core.package_identification:_identify(src/unitree) by extension 'python_setup_py'
[0.148s] Level 1:colcon.colcon_core.package_identification:_identify(src/unitree/unitree_api) by extensions ['ignore', 'ignore_ament_install']
[0.148s] Level 1:colcon.colcon_core.package_identification:_identify(src/unitree/unitree_api) by extension 'ignore'
[0.148s] Level 1:colcon.colcon_core.package_identification:_identify(src/unitree/unitree_api) by extension 'ignore_ament_install'
[0.148s] Level 1:colcon.colcon_core.package_identification:_identify(src/unitree/unitree_api) by extensions ['colcon_pkg']
[0.148s] Level 1:colcon.colcon_core.package_identification:_identify(src/unitree/unitree_api) by extension 'colcon_pkg'
[0.148s] Level 1:colcon.colcon_core.package_identification:_identify(src/unitree/unitree_api) by extensions ['colcon_meta']
[0.148s] Level 1:colcon.colcon_core.package_identification:_identify(src/unitree/unitree_api) by extension 'colcon_meta'
[0.148s] Level 1:colcon.colcon_core.package_identification:_identify(src/unitree/unitree_api) by extensions ['ros']
[0.148s] Level 1:colcon.colcon_core.package_identification:_identify(src/unitree/unitree_api) by extension 'ros'
[0.152s] DEBUG:colcon.colcon_core.package_identification:Package 'src/unitree/unitree_api' with type 'ros.ament_cmake' and name 'unitree_api'
[0.152s] Level 1:colcon.colcon_core.package_identification:_identify(src/unitree/unitree_go) by extensions ['ignore', 'ignore_ament_install']
[0.153s] Level 1:colcon.colcon_core.package_identification:_identify(src/unitree/unitree_go) by extension 'ignore'
[0.153s] Level 1:colcon.colcon_core.package_identification:_identify(src/unitree/unitree_go) by extension 'ignore_ament_install'
[0.153s] Level 1:colcon.colcon_core.package_identification:_identify(src/unitree/unitree_go) by extensions ['colcon_pkg']
[0.153s] Level 1:colcon.colcon_core.package_identification:_identify(src/unitree/unitree_go) by extension 'colcon_pkg'
[0.153s] Level 1:colcon.colcon_core.package_identification:_identify(src/unitree/unitree_go) by extensions ['colcon_meta']
[0.153s] Level 1:colcon.colcon_core.package_identification:_identify(src/unitree/unitree_go) by extension 'colcon_meta'
[0.153s] Level 1:colcon.colcon_core.package_identification:_identify(src/unitree/unitree_go) by extensions ['ros']
[0.153s] Level 1:colcon.colcon_core.package_identification:_identify(src/unitree/unitree_go) by extension 'ros'
[0.153s] DEBUG:colcon.colcon_core.package_identification:Package 'src/unitree/unitree_go' with type 'ros.ament_cmake' and name 'unitree_go'
[0.153s] Level 1:colcon.colcon_core.package_identification:_identify(src/unitree/unitree_hg) by extensions ['ignore', 'ignore_ament_install']
[0.153s] Level 1:colcon.colcon_core.package_identification:_identify(src/unitree/unitree_hg) by extension 'ignore'
[0.153s] Level 1:colcon.colcon_core.package_identification:_identify(src/unitree/unitree_hg) by extension 'ignore_ament_install'
[0.153s] Level 1:colcon.colcon_core.package_identification:_identify(src/unitree/unitree_hg) by extensions ['colcon_pkg']
[0.153s] Level 1:colcon.colcon_core.package_identification:_identify(src/unitree/unitree_hg) by extension 'colcon_pkg'
[0.153s] Level 1:colcon.colcon_core.package_identification:_identify(src/unitree/unitree_hg) by extensions ['colcon_meta']
[0.153s] Level 1:colcon.colcon_core.package_identification:_identify(src/unitree/unitree_hg) by extension 'colcon_meta'
[0.153s] Level 1:colcon.colcon_core.package_identification:_identify(src/unitree/unitree_hg) by extensions ['ros']
[0.153s] Level 1:colcon.colcon_core.package_identification:_identify(src/unitree/unitree_hg) by extension 'ros'
[0.153s] DEBUG:colcon.colcon_core.package_identification:Package 'src/unitree/unitree_hg' with type 'ros.ament_cmake' and name 'unitree_hg'
[0.153s] Level 1:colcon.colcon_core.package_discovery:discover_packages(recursive) using defaults
[0.153s] Level 1:colcon.colcon_core.package_discovery:discover_packages(ignore) discover
[0.153s] Level 1:colcon.colcon_core.package_discovery:discover_packages(ignore) using defaults
[0.153s] Level 1:colcon.colcon_core.package_discovery:discover_packages(path) discover
[0.153s] Level 1:colcon.colcon_core.package_discovery:discover_packages(path) using defaults
[0.164s] INFO:colcon.colcon_core.package_selection:Skipping not selected package 'rmw_cyclonedds_cpp' in 'src/rmw_cyclonedds/rmw_cyclonedds_cpp'
[0.164s] INFO:colcon.colcon_core.package_selection:Skipping not selected package 'tf_transformations' in 'src/tf_transformations'
[0.164s] INFO:colcon.colcon_core.package_selection:Skipping not selected package 'unitree_api' in 'src/unitree/unitree_api'
[0.164s] INFO:colcon.colcon_core.package_selection:Skipping not selected package 'unitree_go' in 'src/unitree/unitree_go'
[0.164s] INFO:colcon.colcon_core.package_selection:Skipping not selected package 'unitree_hg' in 'src/unitree/unitree_hg'
[0.164s] INFO:colcon.colcon_core.package_selection:Skipping not selected package 'ros2_numpy' in 'src/ros2_numpy'
[0.164s] Level 1:colcon.colcon_core.package_discovery:discover_packages(prefix_path) check parameters
[0.164s] Level 1:colcon.colcon_core.package_discovery:discover_packages(prefix_path) discover
[0.165s] DEBUG:colcon.colcon_installed_package_information.package_discovery:Found 21 installed packages in /home/robot/Documents/dev_ws/install
[0.166s] DEBUG:colcon.colcon_installed_package_information.package_discovery:Found 390 installed packages in /opt/ros/humble
[0.167s] Level 1:colcon.colcon_core.package_discovery:discover_packages(prefix_path) using defaults
[0.188s] Level 5:colcon.colcon_core.verb:set package 'rosidl_generator_dds_idl' build argument 'cmake_args' from command line to 'None'
[0.188s] Level 5:colcon.colcon_core.verb:set package 'rosidl_generator_dds_idl' build argument 'cmake_target' from command line to 'None'
[0.188s] Level 5:colcon.colcon_core.verb:set package 'rosidl_generator_dds_idl' build argument 'cmake_target_skip_unavailable' from command line to 'False'
[0.188s] Level 5:colcon.colcon_core.verb:set package 'rosidl_generator_dds_idl' build argument 'cmake_clean_cache' from command line to 'False'
[0.188s] Level 5:colcon.colcon_core.verb:set package 'rosidl_generator_dds_idl' build argument 'cmake_clean_first' from command line to 'False'
[0.188s] Level 5:colcon.colcon_core.verb:set package 'rosidl_generator_dds_idl' build argument 'cmake_force_configure' from command line to 'False'
[0.188s] Level 5:colcon.colcon_core.verb:set package 'rosidl_generator_dds_idl' build argument 'ament_cmake_args' from command line to 'None'
[0.188s] Level 5:colcon.colcon_core.verb:set package 'rosidl_generator_dds_idl' build argument 'catkin_cmake_args' from command line to 'None'
[0.188s] Level 5:colcon.colcon_core.verb:set package 'rosidl_generator_dds_idl' build argument 'catkin_skip_building_tests' from command line to 'False'
[0.188s] DEBUG:colcon.colcon_core.verb:Building package 'rosidl_generator_dds_idl' with the following arguments: {'ament_cmake_args': None, 'build_base': '/home/robot/Hiking_deploy/unitree_ros2/cyclonedds_ws/build/rosidl_generator_dds_idl', 'catkin_cmake_args': None, 'catkin_skip_building_tests': False, 'cmake_args': None, 'cmake_clean_cache': False, 'cmake_clean_first': False, 'cmake_force_configure': False, 'cmake_target': None, 'cmake_target_skip_unavailable': False, 'install_base': '/home/robot/Hiking_deploy/unitree_ros2/cyclonedds_ws/install/rosidl_generator_dds_idl', 'merge_install': False, 'path': '/home/robot/Hiking_deploy/unitree_ros2/cyclonedds_ws/src/rosidl_dds/rosidl_generator_dds_idl', 'symlink_install': False, 'test_result_base': None}
[0.188s] INFO:colcon.colcon_core.executor:Executing jobs using 'parallel' executor
[0.188s] DEBUG:colcon.colcon_parallel_executor.executor.parallel:run_until_complete
[0.188s] INFO:colcon.colcon_ros.task.ament_cmake.build:Building ROS package in '/home/robot/Hiking_deploy/unitree_ros2/cyclonedds_ws/src/rosidl_dds/rosidl_generator_dds_idl' with build type 'ament_cmake'
[0.189s] INFO:colcon.colcon_cmake.task.cmake.build:Building CMake package in '/home/robot/Hiking_deploy/unitree_ros2/cyclonedds_ws/src/rosidl_dds/rosidl_generator_dds_idl'
[0.190s] INFO:colcon.colcon_core.plugin_system:Skipping extension 'colcon_core.shell.bat': Not used on non-Windows systems
[0.190s] INFO:colcon.colcon_core.shell:Skip shell extension 'powershell' for command environment: Not usable outside of PowerShell
[0.190s] DEBUG:colcon.colcon_core.shell:Skip shell extension 'dsv' for command environment
[0.207s] DEBUG:colcon.colcon_core.event_handler.log_command:Invoking command in '/home/robot/Hiking_deploy/unitree_ros2/cyclonedds_ws/build/rosidl_generator_dds_idl': CMAKE_PREFIX_PATH=${CMAKE_PREFIX_PATH}:/home/robot/Documents/dev_ws/install/learning_urdf:/home/robot/Documents/dev_ws/install/learning_topic:/home/robot/Documents/dev_ws/install/learning_tf:/home/robot/Documents/dev_ws/install/learning_service:/home/robot/Documents/dev_ws/install/learning_qos:/home/robot/Documents/dev_ws/install/learning_pkg_python:/home/robot/Documents/dev_ws/install/learning_parameter:/home/robot/Documents/dev_ws/install/learning_node:/home/robot/Documents/dev_ws/install/learning_launch:/home/robot/Documents/dev_ws/install/learning_action:/home/robot/Documents/dev_ws/install/learning_gazebo_harmonic:/home/robot/Documents/dev_ws/install/learning_gazebo:/home/robot/Documents/dev_ws/install/learning_cv:/opt/ros/humble CONDA_PROMPT_MODIFIER=(base) PS1=(.venv) (base) \[\e]0;\u@\h: \w\a\]${debian_chroot:+($debian_chroot)}\[\033[01;32m\]\u@\h\[\033[00m\]:\[\033[01;34m\]\w\[\033[00m\]\$ /usr/bin/cmake /home/robot/Hiking_deploy/unitree_ros2/cyclonedds_ws/src/rosidl_dds/rosidl_generator_dds_idl -DCMAKE_INSTALL_PREFIX=/home/robot/Hiking_deploy/unitree_ros2/cyclonedds_ws/install/rosidl_generator_dds_idl
[0.938s] DEBUG:colcon.colcon_core.event_handler.log_command:Invoked command in '/home/robot/Hiking_deploy/unitree_ros2/cyclonedds_ws/build/rosidl_generator_dds_idl' returned '0': CMAKE_PREFIX_PATH=${CMAKE_PREFIX_PATH}:/home/robot/Documents/dev_ws/install/learning_urdf:/home/robot/Documents/dev_ws/install/learning_topic:/home/robot/Documents/dev_ws/install/learning_tf:/home/robot/Documents/dev_ws/install/learning_service:/home/robot/Documents/dev_ws/install/learning_qos:/home/robot/Documents/dev_ws/install/learning_pkg_python:/home/robot/Documents/dev_ws/install/learning_parameter:/home/robot/Documents/dev_ws/install/learning_node:/home/robot/Documents/dev_ws/install/learning_launch:/home/robot/Documents/dev_ws/install/learning_action:/home/robot/Documents/dev_ws/install/learning_gazebo_harmonic:/home/robot/Documents/dev_ws/install/learning_gazebo:/home/robot/Documents/dev_ws/install/learning_cv:/opt/ros/humble CONDA_PROMPT_MODIFIER=(base) PS1=(.venv) (base) \[\e]0;\u@\h: \w\a\]${debian_chroot:+($debian_chroot)}\[\033[01;32m\]\u@\h\[\033[00m\]:\[\033[01;34m\]\w\[\033[00m\]\$ /usr/bin/cmake /home/robot/Hiking_deploy/unitree_ros2/cyclonedds_ws/src/rosidl_dds/rosidl_generator_dds_idl -DCMAKE_INSTALL_PREFIX=/home/robot/Hiking_deploy/unitree_ros2/cyclonedds_ws/install/rosidl_generator_dds_idl
[0.939s] DEBUG:colcon.colcon_core.event_handler.log_command:Invoking command in '/home/robot/Hiking_deploy/unitree_ros2/cyclonedds_ws/build/rosidl_generator_dds_idl': CMAKE_PREFIX_PATH=${CMAKE_PREFIX_PATH}:/home/robot/Documents/dev_ws/install/learning_urdf:/home/robot/Documents/dev_ws/install/learning_topic:/home/robot/Documents/dev_ws/install/learning_tf:/home/robot/Documents/dev_ws/install/learning_service:/home/robot/Documents/dev_ws/install/learning_qos:/home/robot/Documents/dev_ws/install/learning_pkg_python:/home/robot/Documents/dev_ws/install/learning_parameter:/home/robot/Documents/dev_ws/install/learning_node:/home/robot/Documents/dev_ws/install/learning_launch:/home/robot/Documents/dev_ws/install/learning_action:/home/robot/Documents/dev_ws/install/learning_gazebo_harmonic:/home/robot/Documents/dev_ws/install/learning_gazebo:/home/robot/Documents/dev_ws/install/learning_cv:/opt/ros/humble CONDA_PROMPT_MODIFIER=(base) PS1=(.venv) (base) \[\e]0;\u@\h: \w\a\]${debian_chroot:+($debian_chroot)}\[\033[01;32m\]\u@\h\[\033[00m\]:\[\033[01;34m\]\w\[\033[00m\]\$ /usr/bin/cmake --build /home/robot/Hiking_deploy/unitree_ros2/cyclonedds_ws/build/rosidl_generator_dds_idl -- -j28 -l28
[1.206s] DEBUG:colcon.colcon_core.event_handler.log_command:Invoked command in '/home/robot/Hiking_deploy/unitree_ros2/cyclonedds_ws/build/rosidl_generator_dds_idl' returned '0': CMAKE_PREFIX_PATH=${CMAKE_PREFIX_PATH}:/home/robot/Documents/dev_ws/install/learning_urdf:/home/robot/Documents/dev_ws/install/learning_topic:/home/robot/Documents/dev_ws/install/learning_tf:/home/robot/Documents/dev_ws/install/learning_service:/home/robot/Documents/dev_ws/install/learning_qos:/home/robot/Documents/dev_ws/install/learning_pkg_python:/home/robot/Documents/dev_ws/install/learning_parameter:/home/robot/Documents/dev_ws/install/learning_node:/home/robot/Documents/dev_ws/install/learning_launch:/home/robot/Documents/dev_ws/install/learning_action:/home/robot/Documents/dev_ws/install/learning_gazebo_harmonic:/home/robot/Documents/dev_ws/install/learning_gazebo:/home/robot/Documents/dev_ws/install/learning_cv:/opt/ros/humble CONDA_PROMPT_MODIFIER=(base) PS1=(.venv) (base) \[\e]0;\u@\h: \w\a\]${debian_chroot:+($debian_chroot)}\[\033[01;32m\]\u@\h\[\033[00m\]:\[\033[01;34m\]\w\[\033[00m\]\$ /usr/bin/cmake --build /home/robot/Hiking_deploy/unitree_ros2/cyclonedds_ws/build/rosidl_generator_dds_idl -- -j28 -l28
[1.213s] DEBUG:colcon.colcon_core.event_handler.log_command:Invoking command in '/home/robot/Hiking_deploy/unitree_ros2/cyclonedds_ws/build/rosidl_generator_dds_idl': CMAKE_PREFIX_PATH=${CMAKE_PREFIX_PATH}:/home/robot/Documents/dev_ws/install/learning_urdf:/home/robot/Documents/dev_ws/install/learning_topic:/home/robot/Documents/dev_ws/install/learning_tf:/home/robot/Documents/dev_ws/install/learning_service:/home/robot/Documents/dev_ws/install/learning_qos:/home/robot/Documents/dev_ws/install/learning_pkg_python:/home/robot/Documents/dev_ws/install/learning_parameter:/home/robot/Documents/dev_ws/install/learning_node:/home/robot/Documents/dev_ws/install/learning_launch:/home/robot/Documents/dev_ws/install/learning_action:/home/robot/Documents/dev_ws/install/learning_gazebo_harmonic:/home/robot/Documents/dev_ws/install/learning_gazebo:/home/robot/Documents/dev_ws/install/learning_cv:/opt/ros/humble CONDA_PROMPT_MODIFIER=(base) PS1=(.venv) (base) \[\e]0;\u@\h: \w\a\]${debian_chroot:+($debian_chroot)}\[\033[01;32m\]\u@\h\[\033[00m\]:\[\033[01;34m\]\w\[\033[00m\]\$ /usr/bin/cmake --install /home/robot/Hiking_deploy/unitree_ros2/cyclonedds_ws/build/rosidl_generator_dds_idl
[1.247s] Level 1:colcon.colcon_core.environment:create_environment_scripts_only(rosidl_generator_dds_idl)
[1.247s] DEBUG:colcon.colcon_core.event_handler.log_command:Invoked command in '/home/robot/Hiking_deploy/unitree_ros2/cyclonedds_ws/build/rosidl_generator_dds_idl' returned '0': CMAKE_PREFIX_PATH=${CMAKE_PREFIX_PATH}:/home/robot/Documents/dev_ws/install/learning_urdf:/home/robot/Documents/dev_ws/install/learning_topic:/home/robot/Documents/dev_ws/install/learning_tf:/home/robot/Documents/dev_ws/install/learning_service:/home/robot/Documents/dev_ws/install/learning_qos:/home/robot/Documents/dev_ws/install/learning_pkg_python:/home/robot/Documents/dev_ws/install/learning_parameter:/home/robot/Documents/dev_ws/install/learning_node:/home/robot/Documents/dev_ws/install/learning_launch:/home/robot/Documents/dev_ws/install/learning_action:/home/robot/Documents/dev_ws/install/learning_gazebo_harmonic:/home/robot/Documents/dev_ws/install/learning_gazebo:/home/robot/Documents/dev_ws/install/learning_cv:/opt/ros/humble CONDA_PROMPT_MODIFIER=(base) PS1=(.venv) (base) \[\e]0;\u@\h: \w\a\]${debian_chroot:+($debian_chroot)}\[\033[01;32m\]\u@\h\[\033[00m\]:\[\033[01;34m\]\w\[\033[00m\]\$ /usr/bin/cmake --install /home/robot/Hiking_deploy/unitree_ros2/cyclonedds_ws/build/rosidl_generator_dds_idl
[1.252s] Level 1:colcon.colcon_core.environment:checking '/home/robot/Hiking_deploy/unitree_ros2/cyclonedds_ws/install/rosidl_generator_dds_idl' for CMake module files
[1.252s] Level 1:colcon.colcon_core.environment:checking '/home/robot/Hiking_deploy/unitree_ros2/cyclonedds_ws/install/rosidl_generator_dds_idl' for CMake config files
[1.252s] Level 1:colcon.colcon_core.shell:create_environment_hook('rosidl_generator_dds_idl', 'cmake_prefix_path')
[1.253s] INFO:colcon.colcon_core.shell:Creating environment hook '/home/robot/Hiking_deploy/unitree_ros2/cyclonedds_ws/install/rosidl_generator_dds_idl/share/rosidl_generator_dds_idl/hook/cmake_prefix_path.ps1'
[1.253s] INFO:colcon.colcon_core.shell:Creating environment descriptor '/home/robot/Hiking_deploy/unitree_ros2/cyclonedds_ws/install/rosidl_generator_dds_idl/share/rosidl_generator_dds_idl/hook/cmake_prefix_path.dsv'
[1.253s] INFO:colcon.colcon_core.shell:Creating environment hook '/home/robot/Hiking_deploy/unitree_ros2/cyclonedds_ws/install/rosidl_generator_dds_idl/share/rosidl_generator_dds_idl/hook/cmake_prefix_path.sh'
[1.254s] Level 1:colcon.colcon_core.environment:checking '/home/robot/Hiking_deploy/unitree_ros2/cyclonedds_ws/install/rosidl_generator_dds_idl/lib'
[1.254s] Level 1:colcon.colcon_core.environment:checking '/home/robot/Hiking_deploy/unitree_ros2/cyclonedds_ws/install/rosidl_generator_dds_idl/bin'
[1.254s] Level 1:colcon.colcon_core.environment:checking '/home/robot/Hiking_deploy/unitree_ros2/cyclonedds_ws/install/rosidl_generator_dds_idl/lib/pkgconfig/rosidl_generator_dds_idl.pc'
[1.255s] Level 1:colcon.colcon_core.environment:checking '/home/robot/Hiking_deploy/unitree_ros2/cyclonedds_ws/install/rosidl_generator_dds_idl/lib/python3.10/site-packages'
[1.255s] Level 1:colcon.colcon_core.shell:create_environment_hook('rosidl_generator_dds_idl', 'pythonpath')
[1.255s] INFO:colcon.colcon_core.shell:Creating environment hook '/home/robot/Hiking_deploy/unitree_ros2/cyclonedds_ws/install/rosidl_generator_dds_idl/share/rosidl_generator_dds_idl/hook/pythonpath.ps1'
[1.255s] INFO:colcon.colcon_core.shell:Creating environment descriptor '/home/robot/Hiking_deploy/unitree_ros2/cyclonedds_ws/install/rosidl_generator_dds_idl/share/rosidl_generator_dds_idl/hook/pythonpath.dsv'
[1.255s] INFO:colcon.colcon_core.shell:Creating environment hook '/home/robot/Hiking_deploy/unitree_ros2/cyclonedds_ws/install/rosidl_generator_dds_idl/share/rosidl_generator_dds_idl/hook/pythonpath.sh'
[1.256s] Level 1:colcon.colcon_core.environment:checking '/home/robot/Hiking_deploy/unitree_ros2/cyclonedds_ws/install/rosidl_generator_dds_idl/bin'
[1.256s] INFO:colcon.colcon_core.shell:Creating package script '/home/robot/Hiking_deploy/unitree_ros2/cyclonedds_ws/install/rosidl_generator_dds_idl/share/rosidl_generator_dds_idl/package.ps1'
[1.257s] INFO:colcon.colcon_core.shell:Creating package descriptor '/home/robot/Hiking_deploy/unitree_ros2/cyclonedds_ws/install/rosidl_generator_dds_idl/share/rosidl_generator_dds_idl/package.dsv'
[1.257s] INFO:colcon.colcon_core.shell:Creating package script '/home/robot/Hiking_deploy/unitree_ros2/cyclonedds_ws/install/rosidl_generator_dds_idl/share/rosidl_generator_dds_idl/package.sh'
[1.258s] INFO:colcon.colcon_core.shell:Creating package script '/home/robot/Hiking_deploy/unitree_ros2/cyclonedds_ws/install/rosidl_generator_dds_idl/share/rosidl_generator_dds_idl/package.bash'
[1.258s] INFO:colcon.colcon_core.shell:Creating package script '/home/robot/Hiking_deploy/unitree_ros2/cyclonedds_ws/install/rosidl_generator_dds_idl/share/rosidl_generator_dds_idl/package.zsh'
[1.259s] Level 1:colcon.colcon_core.environment:create_file_with_runtime_dependencies(/home/robot/Hiking_deploy/unitree_ros2/cyclonedds_ws/install/rosidl_generator_dds_idl/share/colcon-core/packages/rosidl_generator_dds_idl)
[1.259s] Level 1:colcon.colcon_core.environment:create_environment_scripts_only(rosidl_generator_dds_idl)
[1.259s] Level 1:colcon.colcon_core.environment:checking '/home/robot/Hiking_deploy/unitree_ros2/cyclonedds_ws/install/rosidl_generator_dds_idl' for CMake module files
[1.260s] Level 1:colcon.colcon_core.environment:checking '/home/robot/Hiking_deploy/unitree_ros2/cyclonedds_ws/install/rosidl_generator_dds_idl' for CMake config files
[1.260s] Level 1:colcon.colcon_core.shell:create_environment_hook('rosidl_generator_dds_idl', 'cmake_prefix_path')
[1.260s] INFO:colcon.colcon_core.shell:Creating environment hook '/home/robot/Hiking_deploy/unitree_ros2/cyclonedds_ws/install/rosidl_generator_dds_idl/share/rosidl_generator_dds_idl/hook/cmake_prefix_path.ps1'
[1.260s] INFO:colcon.colcon_core.shell:Creating environment descriptor '/home/robot/Hiking_deploy/unitree_ros2/cyclonedds_ws/install/rosidl_generator_dds_idl/share/rosidl_generator_dds_idl/hook/cmake_prefix_path.dsv'
[1.261s] INFO:colcon.colcon_core.shell:Creating environment hook '/home/robot/Hiking_deploy/unitree_ros2/cyclonedds_ws/install/rosidl_generator_dds_idl/share/rosidl_generator_dds_idl/hook/cmake_prefix_path.sh'
[1.261s] Level 1:colcon.colcon_core.environment:checking '/home/robot/Hiking_deploy/unitree_ros2/cyclonedds_ws/install/rosidl_generator_dds_idl/lib'
[1.261s] Level 1:colcon.colcon_core.environment:checking '/home/robot/Hiking_deploy/unitree_ros2/cyclonedds_ws/install/rosidl_generator_dds_idl/bin'
[1.261s] Level 1:colcon.colcon_core.environment:checking '/home/robot/Hiking_deploy/unitree_ros2/cyclonedds_ws/install/rosidl_generator_dds_idl/lib/pkgconfig/rosidl_generator_dds_idl.pc'
[1.261s] Level 1:colcon.colcon_core.environment:checking '/home/robot/Hiking_deploy/unitree_ros2/cyclonedds_ws/install/rosidl_generator_dds_idl/lib/python3.10/site-packages'
[1.261s] Level 1:colcon.colcon_core.shell:create_environment_hook('rosidl_generator_dds_idl', 'pythonpath')
[1.261s] INFO:colcon.colcon_core.shell:Creating environment hook '/home/robot/Hiking_deploy/unitree_ros2/cyclonedds_ws/install/rosidl_generator_dds_idl/share/rosidl_generator_dds_idl/hook/pythonpath.ps1'
[1.262s] INFO:colcon.colcon_core.shell:Creating environment descriptor '/home/robot/Hiking_deploy/unitree_ros2/cyclonedds_ws/install/rosidl_generator_dds_idl/share/rosidl_generator_dds_idl/hook/pythonpath.dsv'
[1.262s] INFO:colcon.colcon_core.shell:Creating environment hook '/home/robot/Hiking_deploy/unitree_ros2/cyclonedds_ws/install/rosidl_generator_dds_idl/share/rosidl_generator_dds_idl/hook/pythonpath.sh'
[1.262s] Level 1:colcon.colcon_core.environment:checking '/home/robot/Hiking_deploy/unitree_ros2/cyclonedds_ws/install/rosidl_generator_dds_idl/bin'
[1.263s] INFO:colcon.colcon_core.shell:Creating package script '/home/robot/Hiking_deploy/unitree_ros2/cyclonedds_ws/install/rosidl_generator_dds_idl/share/rosidl_generator_dds_idl/package.ps1'
[1.263s] INFO:colcon.colcon_core.shell:Creating package descriptor '/home/robot/Hiking_deploy/unitree_ros2/cyclonedds_ws/install/rosidl_generator_dds_idl/share/rosidl_generator_dds_idl/package.dsv'
[1.264s] INFO:colcon.colcon_core.shell:Creating package script '/home/robot/Hiking_deploy/unitree_ros2/cyclonedds_ws/install/rosidl_generator_dds_idl/share/rosidl_generator_dds_idl/package.sh'
[1.264s] INFO:colcon.colcon_core.shell:Creating package script '/home/robot/Hiking_deploy/unitree_ros2/cyclonedds_ws/install/rosidl_generator_dds_idl/share/rosidl_generator_dds_idl/package.bash'
[1.264s] INFO:colcon.colcon_core.shell:Creating package script '/home/robot/Hiking_deploy/unitree_ros2/cyclonedds_ws/install/rosidl_generator_dds_idl/share/rosidl_generator_dds_idl/package.zsh'
[1.264s] Level 1:colcon.colcon_core.environment:create_file_with_runtime_dependencies(/home/robot/Hiking_deploy/unitree_ros2/cyclonedds_ws/install/rosidl_generator_dds_idl/share/colcon-core/packages/rosidl_generator_dds_idl)
[1.265s] DEBUG:colcon.colcon_parallel_executor.executor.parallel:closing loop
[1.265s] DEBUG:colcon.colcon_parallel_executor.executor.parallel:loop closed
[1.265s] DEBUG:colcon.colcon_parallel_executor.executor.parallel:run_until_complete finished with '0'
[1.265s] DEBUG:colcon.colcon_core.event_reactor:joining thread
[1.267s] INFO:colcon.colcon_core.plugin_system:Skipping extension 'colcon_notification.desktop_notification.terminal_notifier': Not used on non-Darwin systems
[1.267s] INFO:colcon.colcon_core.plugin_system:Skipping extension 'colcon_notification.desktop_notification.win32': Not used on non-Windows systems
[1.267s] INFO:colcon.colcon_notification.desktop_notification:Sending desktop notification using 'notify2'
[1.272s] DEBUG:colcon.colcon_core.event_reactor:joined thread
[1.272s] INFO:colcon.colcon_core.shell:Creating prefix script '/home/robot/Hiking_deploy/unitree_ros2/cyclonedds_ws/install/local_setup.ps1'
[1.273s] INFO:colcon.colcon_core.shell:Creating prefix util module '/home/robot/Hiking_deploy/unitree_ros2/cyclonedds_ws/install/_local_setup_util_ps1.py'
[1.274s] INFO:colcon.colcon_core.shell:Creating prefix chain script '/home/robot/Hiking_deploy/unitree_ros2/cyclonedds_ws/install/setup.ps1'
[1.275s] INFO:colcon.colcon_core.shell:Creating prefix script '/home/robot/Hiking_deploy/unitree_ros2/cyclonedds_ws/install/local_setup.sh'
[1.276s] INFO:colcon.colcon_core.shell:Creating prefix util module '/home/robot/Hiking_deploy/unitree_ros2/cyclonedds_ws/install/_local_setup_util_sh.py'
[1.276s] INFO:colcon.colcon_core.shell:Creating prefix chain script '/home/robot/Hiking_deploy/unitree_ros2/cyclonedds_ws/install/setup.sh'
[1.277s] INFO:colcon.colcon_core.shell:Creating prefix script '/home/robot/Hiking_deploy/unitree_ros2/cyclonedds_ws/install/local_setup.bash'
[1.278s] INFO:colcon.colcon_core.shell:Creating prefix chain script '/home/robot/Hiking_deploy/unitree_ros2/cyclonedds_ws/install/setup.bash'
[1.278s] INFO:colcon.colcon_core.shell:Creating prefix script '/home/robot/Hiking_deploy/unitree_ros2/cyclonedds_ws/install/local_setup.zsh'
[1.278s] INFO:colcon.colcon_core.shell:Creating prefix chain script '/home/robot/Hiking_deploy/unitree_ros2/cyclonedds_ws/install/setup.zsh'
