-- The C compiler identification is GNU 11.4.0
-- The CXX compiler identification is GNU 11.4.0
-- Detecting C compiler ABI info
-- Detecting C compiler ABI info - done
-- Check for working C compiler: /usr/bin/cc - skipped
-- Detecting C compile features
-- Detecting C compile features - done
-- Detecting CXX compiler ABI info
-- Detecting CXX compiler ABI info - done
-- Check for working CXX compiler: /usr/bin/c++ - skipped
-- Detecting CXX compile features
-- Detecting CXX compile features - done
-- Found ament_cmake: 1.3.14 (/opt/ros/humble/share/ament_cmake/cmake)
-- Found Python3: /home/robot/Hiking_deploy/.venv/bin/python3 (found version "3.10.12") found components: Interpreter 
-- Found sensor_msgs: 4.9.1 (/opt/ros/humble/share/sensor_msgs/cmake)
-- Found rosidl_generator_c: 3.1.8 (/opt/ros/humble/share/rosidl_generator_c/cmake)
-- Found rosidl_adapter: 3.1.8 (/opt/ros/humble/share/rosidl_adapter/cmake)
-- Found rosidl_generator_cpp: 3.1.8 (/opt/ros/humble/share/rosidl_generator_cpp/cmake)
-- Using all available rosidl_typesupport_c: rosidl_typesupport_fastrtps_c;rosidl_typesupport_introspection_c
-- Using all available rosidl_typesupport_cpp: rosidl_typesupport_fastrtps_cpp;rosidl_typesupport_introspection_cpp
-- Found nav_msgs: 4.9.1 (/opt/ros/humble/share/nav_msgs/cmake)
-- Found rclpy: 3.3.21 (/opt/ros/humble/share/rclpy/cmake)
-- Found ament_cmake_pytest: 1.3.14 (/opt/ros/humble/share/ament_cmake_pytest/cmake)
-- Configuring done
-- Generating done
-- Build files have been written to: /home/robot/Hiking_deploy/unitree_ros2/cyclonedds_ws/build/ros2_numpy
Built target ament_cmake_python_copy_ros2_numpy
running egg_info
creating ros2_numpy.egg-info
writing ros2_numpy.egg-info/PKG-INFO
writing dependency_links to ros2_numpy.egg-info/dependency_links.txt
writing top-level names to ros2_numpy.egg-info/top_level.txt
writing manifest file 'ros2_numpy.egg-info/SOURCES.txt'
reading manifest file 'ros2_numpy.egg-info/SOURCES.txt'
writing manifest file 'ros2_numpy.egg-info/SOURCES.txt'
Built target ament_cmake_python_build_ros2_numpy_egg
-- Install configuration: ""
-- Installing: /home/robot/Hiking_deploy/unitree_ros2/cyclonedds_ws/install/ros2_numpy/share/ros2_numpy/environment/pythonpath.sh
-- Installing: /home/robot/Hiking_deploy/unitree_ros2/cyclonedds_ws/install/ros2_numpy/share/ros2_numpy/environment/pythonpath.dsv
-- Installing: /home/robot/Hiking_deploy/unitree_ros2/cyclonedds_ws/install/ros2_numpy/lib/python3.10/site-packages/ros2_numpy-2.0.12-py3.10.egg-info
-- Installing: /home/robot/Hiking_deploy/unitree_ros2/cyclonedds_ws/install/ros2_numpy/lib/python3.10/site-packages/ros2_numpy-2.0.12-py3.10.egg-info/SOURCES.txt
-- Installing: /home/robot/Hiking_deploy/unitree_ros2/cyclonedds_ws/install/ros2_numpy/lib/python3.10/site-packages/ros2_numpy-2.0.12-py3.10.egg-info/PKG-INFO
-- Installing: /home/robot/Hiking_deploy/unitree_ros2/cyclonedds_ws/install/ros2_numpy/lib/python3.10/site-packages/ros2_numpy-2.0.12-py3.10.egg-info/dependency_links.txt
-- Installing: /home/robot/Hiking_deploy/unitree_ros2/cyclonedds_ws/install/ros2_numpy/lib/python3.10/site-packages/ros2_numpy-2.0.12-py3.10.egg-info/top_level.txt
-- Installing: /home/robot/Hiking_deploy/unitree_ros2/cyclonedds_ws/install/ros2_numpy/lib/python3.10/site-packages/ros2_numpy
-- Installing: /home/robot/Hiking_deploy/unitree_ros2/cyclonedds_ws/install/ros2_numpy/lib/python3.10/site-packages/ros2_numpy/geometry.py
-- Installing: /home/robot/Hiking_deploy/unitree_ros2/cyclonedds_ws/install/ros2_numpy/lib/python3.10/site-packages/ros2_numpy/__init__.py
-- Installing: /home/robot/Hiking_deploy/unitree_ros2/cyclonedds_ws/install/ros2_numpy/lib/python3.10/site-packages/ros2_numpy/image.py
-- Installing: /home/robot/Hiking_deploy/unitree_ros2/cyclonedds_ws/install/ros2_numpy/lib/python3.10/site-packages/ros2_numpy/occupancy_grid.py
-- Installing: /home/robot/Hiking_deploy/unitree_ros2/cyclonedds_ws/install/ros2_numpy/lib/python3.10/site-packages/ros2_numpy/registry.py
-- Installing: /home/robot/Hiking_deploy/unitree_ros2/cyclonedds_ws/install/ros2_numpy/lib/python3.10/site-packages/ros2_numpy/point_cloud2.py
-- Installing: /home/robot/Hiking_deploy/unitree_ros2/cyclonedds_ws/install/ros2_numpy/lib/python3.10/site-packages/ros2_numpy/laser_scan.py
Listing '/home/robot/Hiking_deploy/unitree_ros2/cyclonedds_ws/install/ros2_numpy/lib/python3.10/site-packages/ros2_numpy'...
Compiling '/home/robot/Hiking_deploy/unitree_ros2/cyclonedds_ws/install/ros2_numpy/lib/python3.10/site-packages/ros2_numpy/__init__.py'...
Compiling '/home/robot/Hiking_deploy/unitree_ros2/cyclonedds_ws/install/ros2_numpy/lib/python3.10/site-packages/ros2_numpy/geometry.py'...
Compiling '/home/robot/Hiking_deploy/unitree_ros2/cyclonedds_ws/install/ros2_numpy/lib/python3.10/site-packages/ros2_numpy/image.py'...
Compiling '/home/robot/Hiking_deploy/unitree_ros2/cyclonedds_ws/install/ros2_numpy/lib/python3.10/site-packages/ros2_numpy/laser_scan.py'...
Compiling '/home/robot/Hiking_deploy/unitree_ros2/cyclonedds_ws/install/ros2_numpy/lib/python3.10/site-packages/ros2_numpy/occupancy_grid.py'...
Compiling '/home/robot/Hiking_deploy/unitree_ros2/cyclonedds_ws/install/ros2_numpy/lib/python3.10/site-packages/ros2_numpy/point_cloud2.py'...
Compiling '/home/robot/Hiking_deploy/unitree_ros2/cyclonedds_ws/install/ros2_numpy/lib/python3.10/site-packages/ros2_numpy/registry.py'...
-- Installing: /home/robot/Hiking_deploy/unitree_ros2/cyclonedds_ws/install/ros2_numpy/share/ament_index/resource_index/package_run_dependencies/ros2_numpy
-- Installing: /home/robot/Hiking_deploy/unitree_ros2/cyclonedds_ws/install/ros2_numpy/share/ament_index/resource_index/parent_prefix_path/ros2_numpy
-- Installing: /home/robot/Hiking_deploy/unitree_ros2/cyclonedds_ws/install/ros2_numpy/share/ros2_numpy/environment/ament_prefix_path.sh
-- Installing: /home/robot/Hiking_deploy/unitree_ros2/cyclonedds_ws/install/ros2_numpy/share/ros2_numpy/environment/ament_prefix_path.dsv
-- Installing: /home/robot/Hiking_deploy/unitree_ros2/cyclonedds_ws/install/ros2_numpy/share/ros2_numpy/environment/path.sh
-- Installing: /home/robot/Hiking_deploy/unitree_ros2/cyclonedds_ws/install/ros2_numpy/share/ros2_numpy/environment/path.dsv
-- Installing: /home/robot/Hiking_deploy/unitree_ros2/cyclonedds_ws/install/ros2_numpy/share/ros2_numpy/local_setup.bash
-- Installing: /home/robot/Hiking_deploy/unitree_ros2/cyclonedds_ws/install/ros2_numpy/share/ros2_numpy/local_setup.sh
-- Installing: /home/robot/Hiking_deploy/unitree_ros2/cyclonedds_ws/install/ros2_numpy/share/ros2_numpy/local_setup.zsh
-- Installing: /home/robot/Hiking_deploy/unitree_ros2/cyclonedds_ws/install/ros2_numpy/share/ros2_numpy/local_setup.dsv
-- Installing: /home/robot/Hiking_deploy/unitree_ros2/cyclonedds_ws/install/ros2_numpy/share/ros2_numpy/package.dsv
-- Installing: /home/robot/Hiking_deploy/unitree_ros2/cyclonedds_ws/install/ros2_numpy/share/ament_index/resource_index/packages/ros2_numpy
-- Installing: /home/robot/Hiking_deploy/unitree_ros2/cyclonedds_ws/install/ros2_numpy/share/ros2_numpy/cmake/ament_cmake_export_dependencies-extras.cmake
-- Installing: /home/robot/Hiking_deploy/unitree_ros2/cyclonedds_ws/install/ros2_numpy/share/ros2_numpy/cmake/ros2_numpyConfig.cmake
-- Installing: /home/robot/Hiking_deploy/unitree_ros2/cyclonedds_ws/install/ros2_numpy/share/ros2_numpy/cmake/ros2_numpyConfig-version.cmake
-- Installing: /home/robot/Hiking_deploy/unitree_ros2/cyclonedds_ws/install/ros2_numpy/share/ros2_numpy/package.xml
