[0.008s] Invoking command in '/home/robot/Hiking_deploy/unitree_ros2/cyclonedds_ws/build/ros2_numpy': AMENT_PREFIX_PATH=/home/robot/Hiking_deploy/unitree_ros2/cyclonedds_ws/install/tf_transformations:${AMENT_PREFIX_PATH} CMAKE_PREFIX_PATH=${CMAKE_PREFIX_PATH}:/home/robot/Documents/dev_ws/install/learning_urdf:/home/robot/Documents/dev_ws/install/learning_topic:/home/robot/Documents/dev_ws/install/learning_tf:/home/robot/Documents/dev_ws/install/learning_service:/home/robot/Documents/dev_ws/install/learning_qos:/home/robot/Documents/dev_ws/install/learning_pkg_python:/home/robot/Documents/dev_ws/install/learning_parameter:/home/robot/Documents/dev_ws/install/learning_node:/home/robot/Documents/dev_ws/install/learning_launch:/home/robot/Documents/dev_ws/install/learning_action:/home/robot/Documents/dev_ws/install/learning_gazebo_harmonic:/home/robot/Documents/dev_ws/install/learning_gazebo:/home/robot/Documents/dev_ws/install/learning_cv:/opt/ros/humble CONDA_PROMPT_MODIFIER=(base) PS1=(.venv) (base) \[\e]0;\u@\h: \w\a\]${debian_chroot:+($debian_chroot)}\[\033[01;32m\]\u@\h\[\033[00m\]:\[\033[01;34m\]\w\[\033[00m\]\$ PYTHONPATH=/home/robot/Hiking_deploy/unitree_ros2/cyclonedds_ws/install/tf_transformations/lib/python3.10/site-packages:${PYTHONPATH} /usr/bin/cmake /home/robot/Hiking_deploy/unitree_ros2/cyclonedds_ws/src/ros2_numpy -DCMAKE_INSTALL_PREFIX=/home/robot/Hiking_deploy/unitree_ros2/cyclonedds_ws/install/ros2_numpy
[0.047s] -- The C compiler identification is GNU 11.4.0
[0.084s] -- The CXX compiler identification is GNU 11.4.0
[0.087s] -- Detecting C compiler ABI info
[0.134s] -- Detecting C compiler ABI info - done
[0.139s] -- Check for working C compiler: /usr/bin/cc - skipped
[0.139s] -- Detecting C compile features
[0.140s] -- Detecting C compile features - done
[0.141s] -- Detecting CXX compiler ABI info
[0.190s] -- Detecting CXX compiler ABI info - done
[0.193s] -- Check for working CXX compiler: /usr/bin/c++ - skipped
[0.193s] -- Detecting CXX compile features
[0.194s] -- Detecting CXX compile features - done
[0.195s] -- Found ament_cmake: 1.3.14 (/opt/ros/humble/share/ament_cmake/cmake)
[0.429s] -- Found Python3: /home/robot/Hiking_deploy/.venv/bin/python3 (found version "3.10.12") found components: Interpreter 
[0.489s] -- Found sensor_msgs: 4.9.1 (/opt/ros/humble/share/sensor_msgs/cmake)
[0.514s] -- Found rosidl_generator_c: 3.1.8 (/opt/ros/humble/share/rosidl_generator_c/cmake)
[0.518s] -- Found rosidl_adapter: 3.1.8 (/opt/ros/humble/share/rosidl_adapter/cmake)
[0.524s] -- Found rosidl_generator_cpp: 3.1.8 (/opt/ros/humble/share/rosidl_generator_cpp/cmake)
[0.532s] -- Using all available rosidl_typesupport_c: rosidl_typesupport_fastrtps_c;rosidl_typesupport_introspection_c
[0.544s] -- Using all available rosidl_typesupport_cpp: rosidl_typesupport_fastrtps_cpp;rosidl_typesupport_introspection_cpp
[0.585s] -- Found nav_msgs: 4.9.1 (/opt/ros/humble/share/nav_msgs/cmake)
[0.667s] -- Found rclpy: 3.3.21 (/opt/ros/humble/share/rclpy/cmake)
[0.668s] -- Found ament_cmake_pytest: 1.3.14 (/opt/ros/humble/share/ament_cmake_pytest/cmake)
[2.464s] -- Configuring done
[2.471s] -- Generating done
[2.474s] -- Build files have been written to: /home/robot/Hiking_deploy/unitree_ros2/cyclonedds_ws/build/ros2_numpy
[2.512s] Invoked command in '/home/robot/Hiking_deploy/unitree_ros2/cyclonedds_ws/build/ros2_numpy' returned '0': AMENT_PREFIX_PATH=/home/robot/Hiking_deploy/unitree_ros2/cyclonedds_ws/install/tf_transformations:${AMENT_PREFIX_PATH} CMAKE_PREFIX_PATH=${CMAKE_PREFIX_PATH}:/home/robot/Documents/dev_ws/install/learning_urdf:/home/robot/Documents/dev_ws/install/learning_topic:/home/robot/Documents/dev_ws/install/learning_tf:/home/robot/Documents/dev_ws/install/learning_service:/home/robot/Documents/dev_ws/install/learning_qos:/home/robot/Documents/dev_ws/install/learning_pkg_python:/home/robot/Documents/dev_ws/install/learning_parameter:/home/robot/Documents/dev_ws/install/learning_node:/home/robot/Documents/dev_ws/install/learning_launch:/home/robot/Documents/dev_ws/install/learning_action:/home/robot/Documents/dev_ws/install/learning_gazebo_harmonic:/home/robot/Documents/dev_ws/install/learning_gazebo:/home/robot/Documents/dev_ws/install/learning_cv:/opt/ros/humble CONDA_PROMPT_MODIFIER=(base) PS1=(.venv) (base) \[\e]0;\u@\h: \w\a\]${debian_chroot:+($debian_chroot)}\[\033[01;32m\]\u@\h\[\033[00m\]:\[\033[01;34m\]\w\[\033[00m\]\$ PYTHONPATH=/home/robot/Hiking_deploy/unitree_ros2/cyclonedds_ws/install/tf_transformations/lib/python3.10/site-packages:${PYTHONPATH} /usr/bin/cmake /home/robot/Hiking_deploy/unitree_ros2/cyclonedds_ws/src/ros2_numpy -DCMAKE_INSTALL_PREFIX=/home/robot/Hiking_deploy/unitree_ros2/cyclonedds_ws/install/ros2_numpy
[2.513s] Invoking command in '/home/robot/Hiking_deploy/unitree_ros2/cyclonedds_ws/build/ros2_numpy': AMENT_PREFIX_PATH=/home/robot/Hiking_deploy/unitree_ros2/cyclonedds_ws/install/tf_transformations:${AMENT_PREFIX_PATH} CMAKE_PREFIX_PATH=${CMAKE_PREFIX_PATH}:/home/robot/Documents/dev_ws/install/learning_urdf:/home/robot/Documents/dev_ws/install/learning_topic:/home/robot/Documents/dev_ws/install/learning_tf:/home/robot/Documents/dev_ws/install/learning_service:/home/robot/Documents/dev_ws/install/learning_qos:/home/robot/Documents/dev_ws/install/learning_pkg_python:/home/robot/Documents/dev_ws/install/learning_parameter:/home/robot/Documents/dev_ws/install/learning_node:/home/robot/Documents/dev_ws/install/learning_launch:/home/robot/Documents/dev_ws/install/learning_action:/home/robot/Documents/dev_ws/install/learning_gazebo_harmonic:/home/robot/Documents/dev_ws/install/learning_gazebo:/home/robot/Documents/dev_ws/install/learning_cv:/opt/ros/humble CONDA_PROMPT_MODIFIER=(base) PS1=(.venv) (base) \[\e]0;\u@\h: \w\a\]${debian_chroot:+($debian_chroot)}\[\033[01;32m\]\u@\h\[\033[00m\]:\[\033[01;34m\]\w\[\033[00m\]\$ PYTHONPATH=/home/robot/Hiking_deploy/unitree_ros2/cyclonedds_ws/install/tf_transformations/lib/python3.10/site-packages:${PYTHONPATH} /usr/bin/cmake --build /home/robot/Hiking_deploy/unitree_ros2/cyclonedds_ws/build/ros2_numpy -- -j28 -l28
[2.632s] Built target ament_cmake_python_copy_ros2_numpy
[2.991s] running egg_info
[3.012s] creating ros2_numpy.egg-info
[3.012s] writing ros2_numpy.egg-info/PKG-INFO
[3.013s] writing dependency_links to ros2_numpy.egg-info/dependency_links.txt
[3.014s] writing top-level names to ros2_numpy.egg-info/top_level.txt
[3.227s] writing manifest file 'ros2_numpy.egg-info/SOURCES.txt'
[3.303s] reading manifest file 'ros2_numpy.egg-info/SOURCES.txt'
[3.305s] writing manifest file 'ros2_numpy.egg-info/SOURCES.txt'
[3.364s] Built target ament_cmake_python_build_ros2_numpy_egg
[3.379s] Invoked command in '/home/robot/Hiking_deploy/unitree_ros2/cyclonedds_ws/build/ros2_numpy' returned '0': AMENT_PREFIX_PATH=/home/robot/Hiking_deploy/unitree_ros2/cyclonedds_ws/install/tf_transformations:${AMENT_PREFIX_PATH} CMAKE_PREFIX_PATH=${CMAKE_PREFIX_PATH}:/home/robot/Documents/dev_ws/install/learning_urdf:/home/robot/Documents/dev_ws/install/learning_topic:/home/robot/Documents/dev_ws/install/learning_tf:/home/robot/Documents/dev_ws/install/learning_service:/home/robot/Documents/dev_ws/install/learning_qos:/home/robot/Documents/dev_ws/install/learning_pkg_python:/home/robot/Documents/dev_ws/install/learning_parameter:/home/robot/Documents/dev_ws/install/learning_node:/home/robot/Documents/dev_ws/install/learning_launch:/home/robot/Documents/dev_ws/install/learning_action:/home/robot/Documents/dev_ws/install/learning_gazebo_harmonic:/home/robot/Documents/dev_ws/install/learning_gazebo:/home/robot/Documents/dev_ws/install/learning_cv:/opt/ros/humble CONDA_PROMPT_MODIFIER=(base) PS1=(.venv) (base) \[\e]0;\u@\h: \w\a\]${debian_chroot:+($debian_chroot)}\[\033[01;32m\]\u@\h\[\033[00m\]:\[\033[01;34m\]\w\[\033[00m\]\$ PYTHONPATH=/home/robot/Hiking_deploy/unitree_ros2/cyclonedds_ws/install/tf_transformations/lib/python3.10/site-packages:${PYTHONPATH} /usr/bin/cmake --build /home/robot/Hiking_deploy/unitree_ros2/cyclonedds_ws/build/ros2_numpy -- -j28 -l28
[3.380s] Invoking command in '/home/robot/Hiking_deploy/unitree_ros2/cyclonedds_ws/build/ros2_numpy': AMENT_PREFIX_PATH=/home/robot/Hiking_deploy/unitree_ros2/cyclonedds_ws/install/tf_transformations:${AMENT_PREFIX_PATH} CMAKE_PREFIX_PATH=${CMAKE_PREFIX_PATH}:/home/robot/Documents/dev_ws/install/learning_urdf:/home/robot/Documents/dev_ws/install/learning_topic:/home/robot/Documents/dev_ws/install/learning_tf:/home/robot/Documents/dev_ws/install/learning_service:/home/robot/Documents/dev_ws/install/learning_qos:/home/robot/Documents/dev_ws/install/learning_pkg_python:/home/robot/Documents/dev_ws/install/learning_parameter:/home/robot/Documents/dev_ws/install/learning_node:/home/robot/Documents/dev_ws/install/learning_launch:/home/robot/Documents/dev_ws/install/learning_action:/home/robot/Documents/dev_ws/install/learning_gazebo_harmonic:/home/robot/Documents/dev_ws/install/learning_gazebo:/home/robot/Documents/dev_ws/install/learning_cv:/opt/ros/humble CONDA_PROMPT_MODIFIER=(base) PS1=(.venv) (base) \[\e]0;\u@\h: \w\a\]${debian_chroot:+($debian_chroot)}\[\033[01;32m\]\u@\h\[\033[00m\]:\[\033[01;34m\]\w\[\033[00m\]\$ PYTHONPATH=/home/robot/Hiking_deploy/unitree_ros2/cyclonedds_ws/install/tf_transformations/lib/python3.10/site-packages:${PYTHONPATH} /usr/bin/cmake --install /home/robot/Hiking_deploy/unitree_ros2/cyclonedds_ws/build/ros2_numpy
[3.389s] -- Install configuration: ""
[3.389s] -- Installing: /home/robot/Hiking_deploy/unitree_ros2/cyclonedds_ws/install/ros2_numpy/share/ros2_numpy/environment/pythonpath.sh
[3.389s] -- Installing: /home/robot/Hiking_deploy/unitree_ros2/cyclonedds_ws/install/ros2_numpy/share/ros2_numpy/environment/pythonpath.dsv
[3.389s] -- Installing: /home/robot/Hiking_deploy/unitree_ros2/cyclonedds_ws/install/ros2_numpy/lib/python3.10/site-packages/ros2_numpy-2.0.12-py3.10.egg-info
[3.390s] -- Installing: /home/robot/Hiking_deploy/unitree_ros2/cyclonedds_ws/install/ros2_numpy/lib/python3.10/site-packages/ros2_numpy-2.0.12-py3.10.egg-info/SOURCES.txt
[3.390s] -- Installing: /home/robot/Hiking_deploy/unitree_ros2/cyclonedds_ws/install/ros2_numpy/lib/python3.10/site-packages/ros2_numpy-2.0.12-py3.10.egg-info/PKG-INFO
[3.390s] -- Installing: /home/robot/Hiking_deploy/unitree_ros2/cyclonedds_ws/install/ros2_numpy/lib/python3.10/site-packages/ros2_numpy-2.0.12-py3.10.egg-info/dependency_links.txt
[3.390s] -- Installing: /home/robot/Hiking_deploy/unitree_ros2/cyclonedds_ws/install/ros2_numpy/lib/python3.10/site-packages/ros2_numpy-2.0.12-py3.10.egg-info/top_level.txt
[3.390s] -- Installing: /home/robot/Hiking_deploy/unitree_ros2/cyclonedds_ws/install/ros2_numpy/lib/python3.10/site-packages/ros2_numpy
[3.390s] -- Installing: /home/robot/Hiking_deploy/unitree_ros2/cyclonedds_ws/install/ros2_numpy/lib/python3.10/site-packages/ros2_numpy/geometry.py
[3.390s] -- Installing: /home/robot/Hiking_deploy/unitree_ros2/cyclonedds_ws/install/ros2_numpy/lib/python3.10/site-packages/ros2_numpy/__init__.py
[3.390s] -- Installing: /home/robot/Hiking_deploy/unitree_ros2/cyclonedds_ws/install/ros2_numpy/lib/python3.10/site-packages/ros2_numpy/image.py
[3.391s] -- Installing: /home/robot/Hiking_deploy/unitree_ros2/cyclonedds_ws/install/ros2_numpy/lib/python3.10/site-packages/ros2_numpy/occupancy_grid.py
[3.391s] -- Installing: /home/robot/Hiking_deploy/unitree_ros2/cyclonedds_ws/install/ros2_numpy/lib/python3.10/site-packages/ros2_numpy/registry.py
[3.391s] -- Installing: /home/robot/Hiking_deploy/unitree_ros2/cyclonedds_ws/install/ros2_numpy/lib/python3.10/site-packages/ros2_numpy/point_cloud2.py
[3.391s] -- Installing: /home/robot/Hiking_deploy/unitree_ros2/cyclonedds_ws/install/ros2_numpy/lib/python3.10/site-packages/ros2_numpy/laser_scan.py
[3.459s] Listing '/home/robot/Hiking_deploy/unitree_ros2/cyclonedds_ws/install/ros2_numpy/lib/python3.10/site-packages/ros2_numpy'...
[3.459s] Compiling '/home/robot/Hiking_deploy/unitree_ros2/cyclonedds_ws/install/ros2_numpy/lib/python3.10/site-packages/ros2_numpy/__init__.py'...
[3.459s] Compiling '/home/robot/Hiking_deploy/unitree_ros2/cyclonedds_ws/install/ros2_numpy/lib/python3.10/site-packages/ros2_numpy/geometry.py'...
[3.460s] Compiling '/home/robot/Hiking_deploy/unitree_ros2/cyclonedds_ws/install/ros2_numpy/lib/python3.10/site-packages/ros2_numpy/image.py'...
[3.460s] Compiling '/home/robot/Hiking_deploy/unitree_ros2/cyclonedds_ws/install/ros2_numpy/lib/python3.10/site-packages/ros2_numpy/laser_scan.py'...
[3.460s] Compiling '/home/robot/Hiking_deploy/unitree_ros2/cyclonedds_ws/install/ros2_numpy/lib/python3.10/site-packages/ros2_numpy/occupancy_grid.py'...
[3.460s] Compiling '/home/robot/Hiking_deploy/unitree_ros2/cyclonedds_ws/install/ros2_numpy/lib/python3.10/site-packages/ros2_numpy/point_cloud2.py'...
[3.460s] Compiling '/home/robot/Hiking_deploy/unitree_ros2/cyclonedds_ws/install/ros2_numpy/lib/python3.10/site-packages/ros2_numpy/registry.py'...
[3.472s] -- Installing: /home/robot/Hiking_deploy/unitree_ros2/cyclonedds_ws/install/ros2_numpy/share/ament_index/resource_index/package_run_dependencies/ros2_numpy
[3.472s] -- Installing: /home/robot/Hiking_deploy/unitree_ros2/cyclonedds_ws/install/ros2_numpy/share/ament_index/resource_index/parent_prefix_path/ros2_numpy
[3.472s] -- Installing: /home/robot/Hiking_deploy/unitree_ros2/cyclonedds_ws/install/ros2_numpy/share/ros2_numpy/environment/ament_prefix_path.sh
[3.472s] -- Installing: /home/robot/Hiking_deploy/unitree_ros2/cyclonedds_ws/install/ros2_numpy/share/ros2_numpy/environment/ament_prefix_path.dsv
[3.472s] -- Installing: /home/robot/Hiking_deploy/unitree_ros2/cyclonedds_ws/install/ros2_numpy/share/ros2_numpy/environment/path.sh
[3.472s] -- Installing: /home/robot/Hiking_deploy/unitree_ros2/cyclonedds_ws/install/ros2_numpy/share/ros2_numpy/environment/path.dsv
[3.472s] -- Installing: /home/robot/Hiking_deploy/unitree_ros2/cyclonedds_ws/install/ros2_numpy/share/ros2_numpy/local_setup.bash
[3.472s] -- Installing: /home/robot/Hiking_deploy/unitree_ros2/cyclonedds_ws/install/ros2_numpy/share/ros2_numpy/local_setup.sh
[3.472s] -- Installing: /home/robot/Hiking_deploy/unitree_ros2/cyclonedds_ws/install/ros2_numpy/share/ros2_numpy/local_setup.zsh
[3.473s] -- Installing: /home/robot/Hiking_deploy/unitree_ros2/cyclonedds_ws/install/ros2_numpy/share/ros2_numpy/local_setup.dsv
[3.475s] -- Installing: /home/robot/Hiking_deploy/unitree_ros2/cyclonedds_ws/install/ros2_numpy/share/ros2_numpy/package.dsv
[3.475s] -- Installing: /home/robot/Hiking_deploy/unitree_ros2/cyclonedds_ws/install/ros2_numpy/share/ament_index/resource_index/packages/ros2_numpy
[3.475s] -- Installing: /home/robot/Hiking_deploy/unitree_ros2/cyclonedds_ws/install/ros2_numpy/share/ros2_numpy/cmake/ament_cmake_export_dependencies-extras.cmake
[3.475s] -- Installing: /home/robot/Hiking_deploy/unitree_ros2/cyclonedds_ws/install/ros2_numpy/share/ros2_numpy/cmake/ros2_numpyConfig.cmake
[3.475s] -- Installing: /home/robot/Hiking_deploy/unitree_ros2/cyclonedds_ws/install/ros2_numpy/share/ros2_numpy/cmake/ros2_numpyConfig-version.cmake
[3.476s] -- Installing: /home/robot/Hiking_deploy/unitree_ros2/cyclonedds_ws/install/ros2_numpy/share/ros2_numpy/package.xml
[3.485s] Invoked command in '/home/robot/Hiking_deploy/unitree_ros2/cyclonedds_ws/build/ros2_numpy' returned '0': AMENT_PREFIX_PATH=/home/robot/Hiking_deploy/unitree_ros2/cyclonedds_ws/install/tf_transformations:${AMENT_PREFIX_PATH} CMAKE_PREFIX_PATH=${CMAKE_PREFIX_PATH}:/home/robot/Documents/dev_ws/install/learning_urdf:/home/robot/Documents/dev_ws/install/learning_topic:/home/robot/Documents/dev_ws/install/learning_tf:/home/robot/Documents/dev_ws/install/learning_service:/home/robot/Documents/dev_ws/install/learning_qos:/home/robot/Documents/dev_ws/install/learning_pkg_python:/home/robot/Documents/dev_ws/install/learning_parameter:/home/robot/Documents/dev_ws/install/learning_node:/home/robot/Documents/dev_ws/install/learning_launch:/home/robot/Documents/dev_ws/install/learning_action:/home/robot/Documents/dev_ws/install/learning_gazebo_harmonic:/home/robot/Documents/dev_ws/install/learning_gazebo:/home/robot/Documents/dev_ws/install/learning_cv:/opt/ros/humble CONDA_PROMPT_MODIFIER=(base) PS1=(.venv) (base) \[\e]0;\u@\h: \w\a\]${debian_chroot:+($debian_chroot)}\[\033[01;32m\]\u@\h\[\033[00m\]:\[\033[01;34m\]\w\[\033[00m\]\$ PYTHONPATH=/home/robot/Hiking_deploy/unitree_ros2/cyclonedds_ws/install/tf_transformations/lib/python3.10/site-packages:${PYTHONPATH} /usr/bin/cmake --install /home/robot/Hiking_deploy/unitree_ros2/cyclonedds_ws/build/ros2_numpy
