-- Found ament_cmake: 1.3.14 (/opt/ros/humble/share/ament_cmake/cmake)
-- Found Python3: /home/robot/Hiking_deploy/.venv/bin/python3 (found version "3.10.12") found components: Interpreter 
-- Found ament_cmake_pytest: 1.3.14 (/opt/ros/humble/share/ament_cmake_pytest/cmake)
-- Found ament_lint_auto: 0.12.15 (/opt/ros/humble/share/ament_lint_auto/cmake)
-- Added test 'copyright' to check source files copyright and LICENSE
-- Added test 'flake8' to check Python code syntax and style conventions
-- Added test 'lint_cmake' to check CMake code style
-- Added test 'pep257' to check Python code against some of the docstring style conventions in PEP 257
-- Added test 'xmllint' to check XML markup files
-- Configuring done
-- Generating done
-- Build files have been written to: /home/robot/Hiking_deploy/unitree_ros2/cyclonedds_ws/build/rosidl_generator_dds_idl
Built target ament_cmake_python_copy_rosidl_generator_dds_idl_setup
Built target ament_cmake_python_copy_rosidl_generator_dds_idl
running egg_info
creating rosidl_generator_dds_idl.egg-info
writing rosidl_generator_dds_idl.egg-info/PKG-INFO
writing dependency_links to rosidl_generator_dds_idl.egg-info/dependency_links.txt
writing entry points to rosidl_generator_dds_idl.egg-info/entry_points.txt
writing top-level names to rosidl_generator_dds_idl.egg-info/top_level.txt
writing manifest file 'rosidl_generator_dds_idl.egg-info/SOURCES.txt'
reading manifest file 'rosidl_generator_dds_idl.egg-info/SOURCES.txt'
writing manifest file 'rosidl_generator_dds_idl.egg-info/SOURCES.txt'
Built target ament_cmake_python_build_rosidl_generator_dds_idl_egg
-- Install configuration: ""
-- Installing: /home/robot/Hiking_deploy/unitree_ros2/cyclonedds_ws/install/rosidl_generator_dds_idl/share/rosidl_generator_dds_idl/environment/pythonpath.sh
-- Installing: /home/robot/Hiking_deploy/unitree_ros2/cyclonedds_ws/install/rosidl_generator_dds_idl/share/rosidl_generator_dds_idl/environment/pythonpath.dsv
-- Installing: /home/robot/Hiking_deploy/unitree_ros2/cyclonedds_ws/install/rosidl_generator_dds_idl/lib/python3.10/site-packages/rosidl_generator_dds_idl-0.8.1-py3.10.egg-info
-- Installing: /home/robot/Hiking_deploy/unitree_ros2/cyclonedds_ws/install/rosidl_generator_dds_idl/lib/python3.10/site-packages/rosidl_generator_dds_idl-0.8.1-py3.10.egg-info/SOURCES.txt
-- Installing: /home/robot/Hiking_deploy/unitree_ros2/cyclonedds_ws/install/rosidl_generator_dds_idl/lib/python3.10/site-packages/rosidl_generator_dds_idl-0.8.1-py3.10.egg-info/PKG-INFO
-- Installing: /home/robot/Hiking_deploy/unitree_ros2/cyclonedds_ws/install/rosidl_generator_dds_idl/lib/python3.10/site-packages/rosidl_generator_dds_idl-0.8.1-py3.10.egg-info/entry_points.txt
-- Installing: /home/robot/Hiking_deploy/unitree_ros2/cyclonedds_ws/install/rosidl_generator_dds_idl/lib/python3.10/site-packages/rosidl_generator_dds_idl-0.8.1-py3.10.egg-info/dependency_links.txt
-- Installing: /home/robot/Hiking_deploy/unitree_ros2/cyclonedds_ws/install/rosidl_generator_dds_idl/lib/python3.10/site-packages/rosidl_generator_dds_idl-0.8.1-py3.10.egg-info/top_level.txt
-- Installing: /home/robot/Hiking_deploy/unitree_ros2/cyclonedds_ws/install/rosidl_generator_dds_idl/lib/python3.10/site-packages/rosidl_generator_dds_idl
-- Installing: /home/robot/Hiking_deploy/unitree_ros2/cyclonedds_ws/install/rosidl_generator_dds_idl/lib/python3.10/site-packages/rosidl_generator_dds_idl/cli.py
-- Installing: /home/robot/Hiking_deploy/unitree_ros2/cyclonedds_ws/install/rosidl_generator_dds_idl/lib/python3.10/site-packages/rosidl_generator_dds_idl/__init__.py
Listing '/home/robot/Hiking_deploy/unitree_ros2/cyclonedds_ws/install/rosidl_generator_dds_idl/lib/python3.10/site-packages/rosidl_generator_dds_idl'...
Compiling '/home/robot/Hiking_deploy/unitree_ros2/cyclonedds_ws/install/rosidl_generator_dds_idl/lib/python3.10/site-packages/rosidl_generator_dds_idl/__init__.py'...
Compiling '/home/robot/Hiking_deploy/unitree_ros2/cyclonedds_ws/install/rosidl_generator_dds_idl/lib/python3.10/site-packages/rosidl_generator_dds_idl/cli.py'...
-- Installing: /home/robot/Hiking_deploy/unitree_ros2/cyclonedds_ws/install/rosidl_generator_dds_idl/share/ament_index/resource_index/package_run_dependencies/rosidl_generator_dds_idl
-- Installing: /home/robot/Hiking_deploy/unitree_ros2/cyclonedds_ws/install/rosidl_generator_dds_idl/share/ament_index/resource_index/parent_prefix_path/rosidl_generator_dds_idl
-- Installing: /home/robot/Hiking_deploy/unitree_ros2/cyclonedds_ws/install/rosidl_generator_dds_idl/share/rosidl_generator_dds_idl/environment/ament_prefix_path.sh
-- Installing: /home/robot/Hiking_deploy/unitree_ros2/cyclonedds_ws/install/rosidl_generator_dds_idl/share/rosidl_generator_dds_idl/environment/ament_prefix_path.dsv
-- Installing: /home/robot/Hiking_deploy/unitree_ros2/cyclonedds_ws/install/rosidl_generator_dds_idl/share/rosidl_generator_dds_idl/environment/path.sh
-- Installing: /home/robot/Hiking_deploy/unitree_ros2/cyclonedds_ws/install/rosidl_generator_dds_idl/share/rosidl_generator_dds_idl/environment/path.dsv
-- Installing: /home/robot/Hiking_deploy/unitree_ros2/cyclonedds_ws/install/rosidl_generator_dds_idl/share/rosidl_generator_dds_idl/local_setup.bash
-- Installing: /home/robot/Hiking_deploy/unitree_ros2/cyclonedds_ws/install/rosidl_generator_dds_idl/share/rosidl_generator_dds_idl/local_setup.sh
-- Installing: /home/robot/Hiking_deploy/unitree_ros2/cyclonedds_ws/install/rosidl_generator_dds_idl/share/rosidl_generator_dds_idl/local_setup.zsh
-- Installing: /home/robot/Hiking_deploy/unitree_ros2/cyclonedds_ws/install/rosidl_generator_dds_idl/share/rosidl_generator_dds_idl/local_setup.dsv
-- Installing: /home/robot/Hiking_deploy/unitree_ros2/cyclonedds_ws/install/rosidl_generator_dds_idl/share/rosidl_generator_dds_idl/package.dsv
-- Installing: /home/robot/Hiking_deploy/unitree_ros2/cyclonedds_ws/install/rosidl_generator_dds_idl/share/ament_index/resource_index/packages/rosidl_generator_dds_idl
-- Installing: /home/robot/Hiking_deploy/unitree_ros2/cyclonedds_ws/install/rosidl_generator_dds_idl/share/rosidl_generator_dds_idl/cmake/rosidl_generator_dds_idl-extras.cmake
-- Installing: /home/robot/Hiking_deploy/unitree_ros2/cyclonedds_ws/install/rosidl_generator_dds_idl/share/rosidl_generator_dds_idl/cmake/rosidl_generator_dds_idlConfig.cmake
-- Installing: /home/robot/Hiking_deploy/unitree_ros2/cyclonedds_ws/install/rosidl_generator_dds_idl/share/rosidl_generator_dds_idl/cmake/rosidl_generator_dds_idlConfig-version.cmake
-- Installing: /home/robot/Hiking_deploy/unitree_ros2/cyclonedds_ws/install/rosidl_generator_dds_idl/share/rosidl_generator_dds_idl/package.xml
-- Installing: /home/robot/Hiking_deploy/unitree_ros2/cyclonedds_ws/install/rosidl_generator_dds_idl/lib/rosidl_generator_dds_idl/rosidl_generator_dds_idl
-- Up-to-date: /home/robot/Hiking_deploy/unitree_ros2/cyclonedds_ws/install/rosidl_generator_dds_idl/share/rosidl_generator_dds_idl/cmake
-- Installing: /home/robot/Hiking_deploy/unitree_ros2/cyclonedds_ws/install/rosidl_generator_dds_idl/share/rosidl_generator_dds_idl/cmake/rosidl_generate_dds_interfaces.cmake
-- Installing: /home/robot/Hiking_deploy/unitree_ros2/cyclonedds_ws/install/rosidl_generator_dds_idl/share/rosidl_generator_dds_idl/resource
-- Installing: /home/robot/Hiking_deploy/unitree_ros2/cyclonedds_ws/install/rosidl_generator_dds_idl/share/rosidl_generator_dds_idl/resource/msg.idl.em
-- Installing: /home/robot/Hiking_deploy/unitree_ros2/cyclonedds_ws/install/rosidl_generator_dds_idl/share/rosidl_generator_dds_idl/resource/idl.idl.em
-- Installing: /home/robot/Hiking_deploy/unitree_ros2/cyclonedds_ws/install/rosidl_generator_dds_idl/share/rosidl_generator_dds_idl/resource/srv.idl.em
-- Installing: /home/robot/Hiking_deploy/unitree_ros2/cyclonedds_ws/install/rosidl_generator_dds_idl/share/rosidl_generator_dds_idl/resource/action.idl.em
