[0.018s] Invoking command in '/home/robot/Hiking_deploy/unitree_ros2/cyclonedds_ws/build/rosidl_generator_dds_idl': CMAKE_PREFIX_PATH=${CMAKE_PREFIX_PATH}:/home/robot/Documents/dev_ws/install/learning_urdf:/home/robot/Documents/dev_ws/install/learning_topic:/home/robot/Documents/dev_ws/install/learning_tf:/home/robot/Documents/dev_ws/install/learning_service:/home/robot/Documents/dev_ws/install/learning_qos:/home/robot/Documents/dev_ws/install/learning_pkg_python:/home/robot/Documents/dev_ws/install/learning_parameter:/home/robot/Documents/dev_ws/install/learning_node:/home/robot/Documents/dev_ws/install/learning_launch:/home/robot/Documents/dev_ws/install/learning_action:/home/robot/Documents/dev_ws/install/learning_gazebo_harmonic:/home/robot/Documents/dev_ws/install/learning_gazebo:/home/robot/Documents/dev_ws/install/learning_cv:/opt/ros/humble CONDA_PROMPT_MODIFIER=(base) PS1=(.venv) (base) \[\e]0;\u@\h: \w\a\]${debian_chroot:+($debian_chroot)}\[\033[01;32m\]\u@\h\[\033[00m\]:\[\033[01;34m\]\w\[\033[00m\]\$ /usr/bin/cmake /home/robot/Hiking_deploy/unitree_ros2/cyclonedds_ws/src/rosidl_dds/rosidl_generator_dds_idl -DCMAKE_INSTALL_PREFIX=/home/robot/Hiking_deploy/unitree_ros2/cyclonedds_ws/install/rosidl_generator_dds_idl
[0.064s] -- Found ament_cmake: 1.3.14 (/opt/ros/humble/share/ament_cmake/cmake)
[0.315s] -- Found Python3: /home/robot/Hiking_deploy/.venv/bin/python3 (found version "3.10.12") found components: Interpreter 
[0.455s] -- Found ament_cmake_pytest: 1.3.14 (/opt/ros/humble/share/ament_cmake_pytest/cmake)
[0.457s] -- Found ament_lint_auto: 0.12.15 (/opt/ros/humble/share/ament_lint_auto/cmake)
[0.740s] -- Added test 'copyright' to check source files copyright and LICENSE
[0.742s] -- Added test 'flake8' to check Python code syntax and style conventions
[0.742s] -- Added test 'lint_cmake' to check CMake code style
[0.742s] -- Added test 'pep257' to check Python code against some of the docstring style conventions in PEP 257
[0.743s] -- Added test 'xmllint' to check XML markup files
[0.745s] -- Configuring done
[0.746s] -- Generating done
[0.747s] -- Build files have been written to: /home/robot/Hiking_deploy/unitree_ros2/cyclonedds_ws/build/rosidl_generator_dds_idl
[0.749s] Invoked command in '/home/robot/Hiking_deploy/unitree_ros2/cyclonedds_ws/build/rosidl_generator_dds_idl' returned '0': CMAKE_PREFIX_PATH=${CMAKE_PREFIX_PATH}:/home/robot/Documents/dev_ws/install/learning_urdf:/home/robot/Documents/dev_ws/install/learning_topic:/home/robot/Documents/dev_ws/install/learning_tf:/home/robot/Documents/dev_ws/install/learning_service:/home/robot/Documents/dev_ws/install/learning_qos:/home/robot/Documents/dev_ws/install/learning_pkg_python:/home/robot/Documents/dev_ws/install/learning_parameter:/home/robot/Documents/dev_ws/install/learning_node:/home/robot/Documents/dev_ws/install/learning_launch:/home/robot/Documents/dev_ws/install/learning_action:/home/robot/Documents/dev_ws/install/learning_gazebo_harmonic:/home/robot/Documents/dev_ws/install/learning_gazebo:/home/robot/Documents/dev_ws/install/learning_cv:/opt/ros/humble CONDA_PROMPT_MODIFIER=(base) PS1=(.venv) (base) \[\e]0;\u@\h: \w\a\]${debian_chroot:+($debian_chroot)}\[\033[01;32m\]\u@\h\[\033[00m\]:\[\033[01;34m\]\w\[\033[00m\]\$ /usr/bin/cmake /home/robot/Hiking_deploy/unitree_ros2/cyclonedds_ws/src/rosidl_dds/rosidl_generator_dds_idl -DCMAKE_INSTALL_PREFIX=/home/robot/Hiking_deploy/unitree_ros2/cyclonedds_ws/install/rosidl_generator_dds_idl
[0.750s] Invoking command in '/home/robot/Hiking_deploy/unitree_ros2/cyclonedds_ws/build/rosidl_generator_dds_idl': CMAKE_PREFIX_PATH=${CMAKE_PREFIX_PATH}:/home/robot/Documents/dev_ws/install/learning_urdf:/home/robot/Documents/dev_ws/install/learning_topic:/home/robot/Documents/dev_ws/install/learning_tf:/home/robot/Documents/dev_ws/install/learning_service:/home/robot/Documents/dev_ws/install/learning_qos:/home/robot/Documents/dev_ws/install/learning_pkg_python:/home/robot/Documents/dev_ws/install/learning_parameter:/home/robot/Documents/dev_ws/install/learning_node:/home/robot/Documents/dev_ws/install/learning_launch:/home/robot/Documents/dev_ws/install/learning_action:/home/robot/Documents/dev_ws/install/learning_gazebo_harmonic:/home/robot/Documents/dev_ws/install/learning_gazebo:/home/robot/Documents/dev_ws/install/learning_cv:/opt/ros/humble CONDA_PROMPT_MODIFIER=(base) PS1=(.venv) (base) \[\e]0;\u@\h: \w\a\]${debian_chroot:+($debian_chroot)}\[\033[01;32m\]\u@\h\[\033[00m\]:\[\033[01;34m\]\w\[\033[00m\]\$ /usr/bin/cmake --build /home/robot/Hiking_deploy/unitree_ros2/cyclonedds_ws/build/rosidl_generator_dds_idl -- -j28 -l28
[0.789s] Built target ament_cmake_python_copy_rosidl_generator_dds_idl_setup
[0.789s] Built target ament_cmake_python_copy_rosidl_generator_dds_idl
[0.895s] running egg_info
[0.902s] creating rosidl_generator_dds_idl.egg-info
[0.902s] writing rosidl_generator_dds_idl.egg-info/PKG-INFO
[0.902s] writing dependency_links to rosidl_generator_dds_idl.egg-info/dependency_links.txt
[0.902s] writing entry points to rosidl_generator_dds_idl.egg-info/entry_points.txt
[0.902s] writing top-level names to rosidl_generator_dds_idl.egg-info/top_level.txt
[0.968s] writing manifest file 'rosidl_generator_dds_idl.egg-info/SOURCES.txt'
[0.989s] reading manifest file 'rosidl_generator_dds_idl.egg-info/SOURCES.txt'
[0.989s] writing manifest file 'rosidl_generator_dds_idl.egg-info/SOURCES.txt'
[1.009s] Built target ament_cmake_python_build_rosidl_generator_dds_idl_egg
[1.017s] Invoked command in '/home/robot/Hiking_deploy/unitree_ros2/cyclonedds_ws/build/rosidl_generator_dds_idl' returned '0': CMAKE_PREFIX_PATH=${CMAKE_PREFIX_PATH}:/home/robot/Documents/dev_ws/install/learning_urdf:/home/robot/Documents/dev_ws/install/learning_topic:/home/robot/Documents/dev_ws/install/learning_tf:/home/robot/Documents/dev_ws/install/learning_service:/home/robot/Documents/dev_ws/install/learning_qos:/home/robot/Documents/dev_ws/install/learning_pkg_python:/home/robot/Documents/dev_ws/install/learning_parameter:/home/robot/Documents/dev_ws/install/learning_node:/home/robot/Documents/dev_ws/install/learning_launch:/home/robot/Documents/dev_ws/install/learning_action:/home/robot/Documents/dev_ws/install/learning_gazebo_harmonic:/home/robot/Documents/dev_ws/install/learning_gazebo:/home/robot/Documents/dev_ws/install/learning_cv:/opt/ros/humble CONDA_PROMPT_MODIFIER=(base) PS1=(.venv) (base) \[\e]0;\u@\h: \w\a\]${debian_chroot:+($debian_chroot)}\[\033[01;32m\]\u@\h\[\033[00m\]:\[\033[01;34m\]\w\[\033[00m\]\$ /usr/bin/cmake --build /home/robot/Hiking_deploy/unitree_ros2/cyclonedds_ws/build/rosidl_generator_dds_idl -- -j28 -l28
[1.024s] Invoking command in '/home/robot/Hiking_deploy/unitree_ros2/cyclonedds_ws/build/rosidl_generator_dds_idl': CMAKE_PREFIX_PATH=${CMAKE_PREFIX_PATH}:/home/robot/Documents/dev_ws/install/learning_urdf:/home/robot/Documents/dev_ws/install/learning_topic:/home/robot/Documents/dev_ws/install/learning_tf:/home/robot/Documents/dev_ws/install/learning_service:/home/robot/Documents/dev_ws/install/learning_qos:/home/robot/Documents/dev_ws/install/learning_pkg_python:/home/robot/Documents/dev_ws/install/learning_parameter:/home/robot/Documents/dev_ws/install/learning_node:/home/robot/Documents/dev_ws/install/learning_launch:/home/robot/Documents/dev_ws/install/learning_action:/home/robot/Documents/dev_ws/install/learning_gazebo_harmonic:/home/robot/Documents/dev_ws/install/learning_gazebo:/home/robot/Documents/dev_ws/install/learning_cv:/opt/ros/humble CONDA_PROMPT_MODIFIER=(base) PS1=(.venv) (base) \[\e]0;\u@\h: \w\a\]${debian_chroot:+($debian_chroot)}\[\033[01;32m\]\u@\h\[\033[00m\]:\[\033[01;34m\]\w\[\033[00m\]\$ /usr/bin/cmake --install /home/robot/Hiking_deploy/unitree_ros2/cyclonedds_ws/build/rosidl_generator_dds_idl
[1.028s] -- Install configuration: ""
[1.028s] -- Installing: /home/robot/Hiking_deploy/unitree_ros2/cyclonedds_ws/install/rosidl_generator_dds_idl/share/rosidl_generator_dds_idl/environment/pythonpath.sh
[1.028s] -- Installing: /home/robot/Hiking_deploy/unitree_ros2/cyclonedds_ws/install/rosidl_generator_dds_idl/share/rosidl_generator_dds_idl/environment/pythonpath.dsv
[1.028s] -- Installing: /home/robot/Hiking_deploy/unitree_ros2/cyclonedds_ws/install/rosidl_generator_dds_idl/lib/python3.10/site-packages/rosidl_generator_dds_idl-0.8.1-py3.10.egg-info
[1.028s] -- Installing: /home/robot/Hiking_deploy/unitree_ros2/cyclonedds_ws/install/rosidl_generator_dds_idl/lib/python3.10/site-packages/rosidl_generator_dds_idl-0.8.1-py3.10.egg-info/SOURCES.txt
[1.028s] -- Installing: /home/robot/Hiking_deploy/unitree_ros2/cyclonedds_ws/install/rosidl_generator_dds_idl/lib/python3.10/site-packages/rosidl_generator_dds_idl-0.8.1-py3.10.egg-info/PKG-INFO
[1.028s] -- Installing: /home/robot/Hiking_deploy/unitree_ros2/cyclonedds_ws/install/rosidl_generator_dds_idl/lib/python3.10/site-packages/rosidl_generator_dds_idl-0.8.1-py3.10.egg-info/entry_points.txt
[1.028s] -- Installing: /home/robot/Hiking_deploy/unitree_ros2/cyclonedds_ws/install/rosidl_generator_dds_idl/lib/python3.10/site-packages/rosidl_generator_dds_idl-0.8.1-py3.10.egg-info/dependency_links.txt
[1.028s] -- Installing: /home/robot/Hiking_deploy/unitree_ros2/cyclonedds_ws/install/rosidl_generator_dds_idl/lib/python3.10/site-packages/rosidl_generator_dds_idl-0.8.1-py3.10.egg-info/top_level.txt
[1.028s] -- Installing: /home/robot/Hiking_deploy/unitree_ros2/cyclonedds_ws/install/rosidl_generator_dds_idl/lib/python3.10/site-packages/rosidl_generator_dds_idl
[1.028s] -- Installing: /home/robot/Hiking_deploy/unitree_ros2/cyclonedds_ws/install/rosidl_generator_dds_idl/lib/python3.10/site-packages/rosidl_generator_dds_idl/cli.py
[1.028s] -- Installing: /home/robot/Hiking_deploy/unitree_ros2/cyclonedds_ws/install/rosidl_generator_dds_idl/lib/python3.10/site-packages/rosidl_generator_dds_idl/__init__.py
[1.053s] Listing '/home/robot/Hiking_deploy/unitree_ros2/cyclonedds_ws/install/rosidl_generator_dds_idl/lib/python3.10/site-packages/rosidl_generator_dds_idl'...
[1.053s] Compiling '/home/robot/Hiking_deploy/unitree_ros2/cyclonedds_ws/install/rosidl_generator_dds_idl/lib/python3.10/site-packages/rosidl_generator_dds_idl/__init__.py'...
[1.054s] Compiling '/home/robot/Hiking_deploy/unitree_ros2/cyclonedds_ws/install/rosidl_generator_dds_idl/lib/python3.10/site-packages/rosidl_generator_dds_idl/cli.py'...
[1.056s] -- Installing: /home/robot/Hiking_deploy/unitree_ros2/cyclonedds_ws/install/rosidl_generator_dds_idl/share/ament_index/resource_index/package_run_dependencies/rosidl_generator_dds_idl
[1.056s] -- Installing: /home/robot/Hiking_deploy/unitree_ros2/cyclonedds_ws/install/rosidl_generator_dds_idl/share/ament_index/resource_index/parent_prefix_path/rosidl_generator_dds_idl
[1.056s] -- Installing: /home/robot/Hiking_deploy/unitree_ros2/cyclonedds_ws/install/rosidl_generator_dds_idl/share/rosidl_generator_dds_idl/environment/ament_prefix_path.sh
[1.056s] -- Installing: /home/robot/Hiking_deploy/unitree_ros2/cyclonedds_ws/install/rosidl_generator_dds_idl/share/rosidl_generator_dds_idl/environment/ament_prefix_path.dsv
[1.056s] -- Installing: /home/robot/Hiking_deploy/unitree_ros2/cyclonedds_ws/install/rosidl_generator_dds_idl/share/rosidl_generator_dds_idl/environment/path.sh
[1.056s] -- Installing: /home/robot/Hiking_deploy/unitree_ros2/cyclonedds_ws/install/rosidl_generator_dds_idl/share/rosidl_generator_dds_idl/environment/path.dsv
[1.056s] -- Installing: /home/robot/Hiking_deploy/unitree_ros2/cyclonedds_ws/install/rosidl_generator_dds_idl/share/rosidl_generator_dds_idl/local_setup.bash
[1.056s] -- Installing: /home/robot/Hiking_deploy/unitree_ros2/cyclonedds_ws/install/rosidl_generator_dds_idl/share/rosidl_generator_dds_idl/local_setup.sh
[1.056s] -- Installing: /home/robot/Hiking_deploy/unitree_ros2/cyclonedds_ws/install/rosidl_generator_dds_idl/share/rosidl_generator_dds_idl/local_setup.zsh
[1.056s] -- Installing: /home/robot/Hiking_deploy/unitree_ros2/cyclonedds_ws/install/rosidl_generator_dds_idl/share/rosidl_generator_dds_idl/local_setup.dsv
[1.057s] -- Installing: /home/robot/Hiking_deploy/unitree_ros2/cyclonedds_ws/install/rosidl_generator_dds_idl/share/rosidl_generator_dds_idl/package.dsv
[1.057s] -- Installing: /home/robot/Hiking_deploy/unitree_ros2/cyclonedds_ws/install/rosidl_generator_dds_idl/share/ament_index/resource_index/packages/rosidl_generator_dds_idl
[1.057s] -- Installing: /home/robot/Hiking_deploy/unitree_ros2/cyclonedds_ws/install/rosidl_generator_dds_idl/share/rosidl_generator_dds_idl/cmake/rosidl_generator_dds_idl-extras.cmake
[1.057s] -- Installing: /home/robot/Hiking_deploy/unitree_ros2/cyclonedds_ws/install/rosidl_generator_dds_idl/share/rosidl_generator_dds_idl/cmake/rosidl_generator_dds_idlConfig.cmake
[1.057s] -- Installing: /home/robot/Hiking_deploy/unitree_ros2/cyclonedds_ws/install/rosidl_generator_dds_idl/share/rosidl_generator_dds_idl/cmake/rosidl_generator_dds_idlConfig-version.cmake
[1.057s] -- Installing: /home/robot/Hiking_deploy/unitree_ros2/cyclonedds_ws/install/rosidl_generator_dds_idl/share/rosidl_generator_dds_idl/package.xml
[1.057s] -- Installing: /home/robot/Hiking_deploy/unitree_ros2/cyclonedds_ws/install/rosidl_generator_dds_idl/lib/rosidl_generator_dds_idl/rosidl_generator_dds_idl
[1.057s] -- Up-to-date: /home/robot/Hiking_deploy/unitree_ros2/cyclonedds_ws/install/rosidl_generator_dds_idl/share/rosidl_generator_dds_idl/cmake
[1.057s] -- Installing: /home/robot/Hiking_deploy/unitree_ros2/cyclonedds_ws/install/rosidl_generator_dds_idl/share/rosidl_generator_dds_idl/cmake/rosidl_generate_dds_interfaces.cmake
[1.057s] -- Installing: /home/robot/Hiking_deploy/unitree_ros2/cyclonedds_ws/install/rosidl_generator_dds_idl/share/rosidl_generator_dds_idl/resource
[1.057s] -- Installing: /home/robot/Hiking_deploy/unitree_ros2/cyclonedds_ws/install/rosidl_generator_dds_idl/share/rosidl_generator_dds_idl/resource/msg.idl.em
[1.057s] -- Installing: /home/robot/Hiking_deploy/unitree_ros2/cyclonedds_ws/install/rosidl_generator_dds_idl/share/rosidl_generator_dds_idl/resource/idl.idl.em
[1.057s] -- Installing: /home/robot/Hiking_deploy/unitree_ros2/cyclonedds_ws/install/rosidl_generator_dds_idl/share/rosidl_generator_dds_idl/resource/srv.idl.em
[1.057s] -- Installing: /home/robot/Hiking_deploy/unitree_ros2/cyclonedds_ws/install/rosidl_generator_dds_idl/share/rosidl_generator_dds_idl/resource/action.idl.em
[1.058s] Invoked command in '/home/robot/Hiking_deploy/unitree_ros2/cyclonedds_ws/build/rosidl_generator_dds_idl' returned '0': CMAKE_PREFIX_PATH=${CMAKE_PREFIX_PATH}:/home/robot/Documents/dev_ws/install/learning_urdf:/home/robot/Documents/dev_ws/install/learning_topic:/home/robot/Documents/dev_ws/install/learning_tf:/home/robot/Documents/dev_ws/install/learning_service:/home/robot/Documents/dev_ws/install/learning_qos:/home/robot/Documents/dev_ws/install/learning_pkg_python:/home/robot/Documents/dev_ws/install/learning_parameter:/home/robot/Documents/dev_ws/install/learning_node:/home/robot/Documents/dev_ws/install/learning_launch:/home/robot/Documents/dev_ws/install/learning_action:/home/robot/Documents/dev_ws/install/learning_gazebo_harmonic:/home/robot/Documents/dev_ws/install/learning_gazebo:/home/robot/Documents/dev_ws/install/learning_cv:/opt/ros/humble CONDA_PROMPT_MODIFIER=(base) PS1=(.venv) (base) \[\e]0;\u@\h: \w\a\]${debian_chroot:+($debian_chroot)}\[\033[01;32m\]\u@\h\[\033[00m\]:\[\033[01;34m\]\w\[\033[00m\]\$ /usr/bin/cmake --install /home/robot/Hiking_deploy/unitree_ros2/cyclonedds_ws/build/rosidl_generator_dds_idl
