[0.081s] DEBUG:colcon:Command line arguments: ['/usr/bin/colcon', 'build', '--packages-select', 'cyclonedds']
[0.081s] DEBUG:colcon:Parsed command line arguments: Namespace(log_base=None, log_level=None, verb_name='build', build_base='build', install_base='install', merge_install=False, symlink_install=False, test_result_base=None, continue_on_error=False, executor='parallel', parallel_workers=28, event_handlers=None, ignore_user_meta=False, metas=['./colcon.meta'], base_paths=['.'], packages_ignore=None, packages_ignore_regex=None, paths=None, packages_up_to=None, packages_up_to_regex=None, packages_above=None, packages_above_and_dependencies=None, packages_above_depth=None, packages_select_by_dep=None, packages_skip_by_dep=None, packages_skip_up_to=None, packages_select_build_failed=False, packages_skip_build_finished=False, packages_select_test_failures=False, packages_skip_test_passed=False, packages_select=['cyclonedds'], packages_skip=None, packages_select_regex=None, packages_skip_regex=None, packages_start=None, packages_end=None, allow_overriding=[], cmake_args=None, cmake_target=None, cmake_target_skip_unavailable=False, cmake_clean_cache=False, cmake_clean_first=False, cmake_force_configure=False, ament_cmake_args=None, catkin_cmake_args=None, catkin_skip_building_tests=False, mixin_files=None, mixin=None, verb_parser=<colcon_mixin.mixin.mixin_argument.MixinArgumentDecorator object at 0x74d633089cc0>, verb_extension=<colcon_core.verb.build.BuildVerb object at 0x74d63319ec80>, main=<bound method BuildVerb.main of <colcon_core.verb.build.BuildVerb object at 0x74d63319ec80>>, mixin_verb=('build',))
[0.163s] Level 1:colcon.colcon_core.package_discovery:discover_packages(colcon_meta) check parameters
[0.163s] Level 1:colcon.colcon_core.package_discovery:discover_packages(recursive) check parameters
[0.163s] Level 1:colcon.colcon_core.package_discovery:discover_packages(ignore) check parameters
[0.163s] Level 1:colcon.colcon_core.package_discovery:discover_packages(path) check parameters
[0.163s] Level 1:colcon.colcon_core.package_discovery:discover_packages(colcon_meta) discover
[0.163s] Level 1:colcon.colcon_core.package_discovery:discover_packages(recursive) discover
[0.163s] INFO:colcon.colcon_core.package_discovery:Crawling recursively for packages in '/home/robot/Hiking_deploy/unitree_ros2/cyclonedds_ws'
[0.164s] Level 1:colcon.colcon_core.package_identification:_identify(.) by extensions ['ignore', 'ignore_ament_install']
[0.164s] Level 1:colcon.colcon_core.package_identification:_identify(.) by extension 'ignore'
[0.164s] Level 1:colcon.colcon_core.package_identification:_identify(.) by extension 'ignore_ament_install'
[0.164s] Level 1:colcon.colcon_core.package_identification:_identify(.) by extensions ['colcon_pkg']
[0.164s] Level 1:colcon.colcon_core.package_identification:_identify(.) by extension 'colcon_pkg'
[0.164s] Level 1:colcon.colcon_core.package_identification:_identify(.) by extensions ['colcon_meta']
[0.164s] Level 1:colcon.colcon_core.package_identification:_identify(.) by extension 'colcon_meta'
[0.164s] Level 1:colcon.colcon_core.package_identification:_identify(.) by extensions ['ros']
[0.164s] Level 1:colcon.colcon_core.package_identification:_identify(.) by extension 'ros'
[0.174s] Level 1:colcon.colcon_core.package_identification:_identify(.) by extensions ['cmake', 'python']
[0.174s] Level 1:colcon.colcon_core.package_identification:_identify(.) by extension 'cmake'
[0.174s] Level 1:colcon.colcon_core.package_identification:_identify(.) by extension 'python'
[0.174s] Level 1:colcon.colcon_core.package_identification:_identify(.) by extensions ['python_setup_py']
[0.174s] Level 1:colcon.colcon_core.package_identification:_identify(.) by extension 'python_setup_py'
[0.174s] Level 1:colcon.colcon_core.package_identification:_identify(build) by extensions ['ignore', 'ignore_ament_install']
[0.174s] Level 1:colcon.colcon_core.package_identification:_identify(build) by extension 'ignore'
[0.174s] Level 1:colcon.colcon_core.package_identification:_identify(build) ignored
[0.174s] Level 1:colcon.colcon_core.package_identification:_identify(install) by extensions ['ignore', 'ignore_ament_install']
[0.174s] Level 1:colcon.colcon_core.package_identification:_identify(install) by extension 'ignore'
[0.174s] Level 1:colcon.colcon_core.package_identification:_identify(install) ignored
[0.174s] Level 1:colcon.colcon_core.package_identification:_identify(log) by extensions ['ignore', 'ignore_ament_install']
[0.174s] Level 1:colcon.colcon_core.package_identification:_identify(log) by extension 'ignore'
[0.174s] Level 1:colcon.colcon_core.package_identification:_identify(log) ignored
[0.174s] Level 1:colcon.colcon_core.package_identification:_identify(src) by extensions ['ignore', 'ignore_ament_install']
[0.174s] Level 1:colcon.colcon_core.package_identification:_identify(src) by extension 'ignore'
[0.174s] Level 1:colcon.colcon_core.package_identification:_identify(src) by extension 'ignore_ament_install'
[0.174s] Level 1:colcon.colcon_core.package_identification:_identify(src) by extensions ['colcon_pkg']
[0.174s] Level 1:colcon.colcon_core.package_identification:_identify(src) by extension 'colcon_pkg'
[0.174s] Level 1:colcon.colcon_core.package_identification:_identify(src) by extensions ['colcon_meta']
[0.174s] Level 1:colcon.colcon_core.package_identification:_identify(src) by extension 'colcon_meta'
[0.174s] Level 1:colcon.colcon_core.package_identification:_identify(src) by extensions ['ros']
[0.174s] Level 1:colcon.colcon_core.package_identification:_identify(src) by extension 'ros'
[0.174s] Level 1:colcon.colcon_core.package_identification:_identify(src) by extensions ['cmake', 'python']
[0.174s] Level 1:colcon.colcon_core.package_identification:_identify(src) by extension 'cmake'
[0.174s] Level 1:colcon.colcon_core.package_identification:_identify(src) by extension 'python'
[0.174s] Level 1:colcon.colcon_core.package_identification:_identify(src) by extensions ['python_setup_py']
[0.174s] Level 1:colcon.colcon_core.package_identification:_identify(src) by extension 'python_setup_py'
[0.174s] Level 1:colcon.colcon_core.package_identification:_identify(src/rmw_cyclonedds) by extensions ['ignore', 'ignore_ament_install']
[0.174s] Level 1:colcon.colcon_core.package_identification:_identify(src/rmw_cyclonedds) by extension 'ignore'
[0.174s] Level 1:colcon.colcon_core.package_identification:_identify(src/rmw_cyclonedds) by extension 'ignore_ament_install'
[0.174s] Level 1:colcon.colcon_core.package_identification:_identify(src/rmw_cyclonedds) by extensions ['colcon_pkg']
[0.174s] Level 1:colcon.colcon_core.package_identification:_identify(src/rmw_cyclonedds) by extension 'colcon_pkg'
[0.174s] Level 1:colcon.colcon_core.package_identification:_identify(src/rmw_cyclonedds) by extensions ['colcon_meta']
[0.174s] Level 1:colcon.colcon_core.package_identification:_identify(src/rmw_cyclonedds) by extension 'colcon_meta'
[0.174s] Level 1:colcon.colcon_core.package_identification:_identify(src/rmw_cyclonedds) by extensions ['ros']
[0.174s] Level 1:colcon.colcon_core.package_identification:_identify(src/rmw_cyclonedds) by extension 'ros'
[0.174s] Level 1:colcon.colcon_core.package_identification:_identify(src/rmw_cyclonedds) by extensions ['cmake', 'python']
[0.174s] Level 1:colcon.colcon_core.package_identification:_identify(src/rmw_cyclonedds) by extension 'cmake'
[0.174s] Level 1:colcon.colcon_core.package_identification:_identify(src/rmw_cyclonedds) by extension 'python'
[0.174s] Level 1:colcon.colcon_core.package_identification:_identify(src/rmw_cyclonedds) by extensions ['python_setup_py']
[0.174s] Level 1:colcon.colcon_core.package_identification:_identify(src/rmw_cyclonedds) by extension 'python_setup_py'
[0.174s] Level 1:colcon.colcon_core.package_identification:_identify(src/rmw_cyclonedds/rmw_cyclonedds_cpp) by extensions ['ignore', 'ignore_ament_install']
[0.175s] Level 1:colcon.colcon_core.package_identification:_identify(src/rmw_cyclonedds/rmw_cyclonedds_cpp) by extension 'ignore'
[0.175s] Level 1:colcon.colcon_core.package_identification:_identify(src/rmw_cyclonedds/rmw_cyclonedds_cpp) by extension 'ignore_ament_install'
[0.175s] Level 1:colcon.colcon_core.package_identification:_identify(src/rmw_cyclonedds/rmw_cyclonedds_cpp) by extensions ['colcon_pkg']
[0.175s] Level 1:colcon.colcon_core.package_identification:_identify(src/rmw_cyclonedds/rmw_cyclonedds_cpp) by extension 'colcon_pkg'
[0.175s] Level 1:colcon.colcon_core.package_identification:_identify(src/rmw_cyclonedds/rmw_cyclonedds_cpp) by extensions ['colcon_meta']
[0.175s] Level 1:colcon.colcon_core.package_identification:_identify(src/rmw_cyclonedds/rmw_cyclonedds_cpp) by extension 'colcon_meta'
[0.175s] Level 1:colcon.colcon_core.package_identification:_identify(src/rmw_cyclonedds/rmw_cyclonedds_cpp) by extensions ['ros']
[0.175s] Level 1:colcon.colcon_core.package_identification:_identify(src/rmw_cyclonedds/rmw_cyclonedds_cpp) by extension 'ros'
[0.178s] DEBUG:colcon.colcon_core.package_identification:Package 'src/rmw_cyclonedds/rmw_cyclonedds_cpp' with type 'ros.ament_cmake' and name 'rmw_cyclonedds_cpp'
[0.178s] Level 1:colcon.colcon_core.package_identification:_identify(src/ros2_numpy) by extensions ['ignore', 'ignore_ament_install']
[0.178s] Level 1:colcon.colcon_core.package_identification:_identify(src/ros2_numpy) by extension 'ignore'
[0.178s] Level 1:colcon.colcon_core.package_identification:_identify(src/ros2_numpy) by extension 'ignore_ament_install'
[0.178s] Level 1:colcon.colcon_core.package_identification:_identify(src/ros2_numpy) by extensions ['colcon_pkg']
[0.178s] Level 1:colcon.colcon_core.package_identification:_identify(src/ros2_numpy) by extension 'colcon_pkg'
[0.178s] Level 1:colcon.colcon_core.package_identification:_identify(src/ros2_numpy) by extensions ['colcon_meta']
[0.178s] Level 1:colcon.colcon_core.package_identification:_identify(src/ros2_numpy) by extension 'colcon_meta'
[0.178s] Level 1:colcon.colcon_core.package_identification:_identify(src/ros2_numpy) by extensions ['ros']
[0.178s] Level 1:colcon.colcon_core.package_identification:_identify(src/ros2_numpy) by extension 'ros'
[0.179s] DEBUG:colcon.colcon_core.package_identification:Package 'src/ros2_numpy' with type 'ros.ament_cmake' and name 'ros2_numpy'
[0.179s] Level 1:colcon.colcon_core.package_identification:_identify(src/rosidl_dds) by extensions ['ignore', 'ignore_ament_install']
[0.179s] Level 1:colcon.colcon_core.package_identification:_identify(src/rosidl_dds) by extension 'ignore'
[0.179s] Level 1:colcon.colcon_core.package_identification:_identify(src/rosidl_dds) by extension 'ignore_ament_install'
[0.179s] Level 1:colcon.colcon_core.package_identification:_identify(src/rosidl_dds) by extensions ['colcon_pkg']
[0.179s] Level 1:colcon.colcon_core.package_identification:_identify(src/rosidl_dds) by extension 'colcon_pkg'
[0.179s] Level 1:colcon.colcon_core.package_identification:_identify(src/rosidl_dds) by extensions ['colcon_meta']
[0.179s] Level 1:colcon.colcon_core.package_identification:_identify(src/rosidl_dds) by extension 'colcon_meta'
[0.179s] Level 1:colcon.colcon_core.package_identification:_identify(src/rosidl_dds) by extensions ['ros']
[0.179s] Level 1:colcon.colcon_core.package_identification:_identify(src/rosidl_dds) by extension 'ros'
[0.179s] Level 1:colcon.colcon_core.package_identification:_identify(src/rosidl_dds) by extensions ['cmake', 'python']
[0.179s] Level 1:colcon.colcon_core.package_identification:_identify(src/rosidl_dds) by extension 'cmake'
[0.179s] Level 1:colcon.colcon_core.package_identification:_identify(src/rosidl_dds) by extension 'python'
[0.179s] Level 1:colcon.colcon_core.package_identification:_identify(src/rosidl_dds) by extensions ['python_setup_py']
[0.179s] Level 1:colcon.colcon_core.package_identification:_identify(src/rosidl_dds) by extension 'python_setup_py'
[0.179s] Level 1:colcon.colcon_core.package_identification:_identify(src/rosidl_dds/rosidl_generator_dds_idl) by extensions ['ignore', 'ignore_ament_install']
[0.179s] Level 1:colcon.colcon_core.package_identification:_identify(src/rosidl_dds/rosidl_generator_dds_idl) by extension 'ignore'
[0.179s] Level 1:colcon.colcon_core.package_identification:_identify(src/rosidl_dds/rosidl_generator_dds_idl) by extension 'ignore_ament_install'
[0.179s] Level 1:colcon.colcon_core.package_identification:_identify(src/rosidl_dds/rosidl_generator_dds_idl) by extensions ['colcon_pkg']
[0.179s] Level 1:colcon.colcon_core.package_identification:_identify(src/rosidl_dds/rosidl_generator_dds_idl) by extension 'colcon_pkg'
[0.179s] Level 1:colcon.colcon_core.package_identification:_identify(src/rosidl_dds/rosidl_generator_dds_idl) by extensions ['colcon_meta']
[0.179s] Level 1:colcon.colcon_core.package_identification:_identify(src/rosidl_dds/rosidl_generator_dds_idl) by extension 'colcon_meta'
[0.179s] Level 1:colcon.colcon_core.package_identification:_identify(src/rosidl_dds/rosidl_generator_dds_idl) by extensions ['ros']
[0.179s] Level 1:colcon.colcon_core.package_identification:_identify(src/rosidl_dds/rosidl_generator_dds_idl) by extension 'ros'
[0.179s] DEBUG:colcon.colcon_core.package_identification:Package 'src/rosidl_dds/rosidl_generator_dds_idl' with type 'ros.ament_cmake' and name 'rosidl_generator_dds_idl'
[0.179s] Level 1:colcon.colcon_core.package_identification:_identify(src/tf_transformations) by extensions ['ignore', 'ignore_ament_install']
[0.179s] Level 1:colcon.colcon_core.package_identification:_identify(src/tf_transformations) by extension 'ignore'
[0.179s] Level 1:colcon.colcon_core.package_identification:_identify(src/tf_transformations) by extension 'ignore_ament_install'
[0.179s] Level 1:colcon.colcon_core.package_identification:_identify(src/tf_transformations) by extensions ['colcon_pkg']
[0.179s] Level 1:colcon.colcon_core.package_identification:_identify(src/tf_transformations) by extension 'colcon_pkg'
[0.179s] Level 1:colcon.colcon_core.package_identification:_identify(src/tf_transformations) by extensions ['colcon_meta']
[0.180s] Level 1:colcon.colcon_core.package_identification:_identify(src/tf_transformations) by extension 'colcon_meta'
[0.180s] Level 1:colcon.colcon_core.package_identification:_identify(src/tf_transformations) by extensions ['ros']
[0.180s] Level 1:colcon.colcon_core.package_identification:_identify(src/tf_transformations) by extension 'ros'
[0.180s] DEBUG:colcon.colcon_core.package_identification:Package 'src/tf_transformations' with type 'ros.ament_python' and name 'tf_transformations'
[0.180s] Level 1:colcon.colcon_core.package_identification:_identify(src/unitree) by extensions ['ignore', 'ignore_ament_install']
[0.180s] Level 1:colcon.colcon_core.package_identification:_identify(src/unitree) by extension 'ignore'
[0.180s] Level 1:colcon.colcon_core.package_identification:_identify(src/unitree) by extension 'ignore_ament_install'
[0.180s] Level 1:colcon.colcon_core.package_identification:_identify(src/unitree) by extensions ['colcon_pkg']
[0.180s] Level 1:colcon.colcon_core.package_identification:_identify(src/unitree) by extension 'colcon_pkg'
[0.180s] Level 1:colcon.colcon_core.package_identification:_identify(src/unitree) by extensions ['colcon_meta']
[0.180s] Level 1:colcon.colcon_core.package_identification:_identify(src/unitree) by extension 'colcon_meta'
[0.180s] Level 1:colcon.colcon_core.package_identification:_identify(src/unitree) by extensions ['ros']
[0.180s] Level 1:colcon.colcon_core.package_identification:_identify(src/unitree) by extension 'ros'
[0.180s] Level 1:colcon.colcon_core.package_identification:_identify(src/unitree) by extensions ['cmake', 'python']
[0.180s] Level 1:colcon.colcon_core.package_identification:_identify(src/unitree) by extension 'cmake'
[0.180s] Level 1:colcon.colcon_core.package_identification:_identify(src/unitree) by extension 'python'
[0.180s] Level 1:colcon.colcon_core.package_identification:_identify(src/unitree) by extensions ['python_setup_py']
[0.180s] Level 1:colcon.colcon_core.package_identification:_identify(src/unitree) by extension 'python_setup_py'
[0.180s] Level 1:colcon.colcon_core.package_identification:_identify(src/unitree/unitree_api) by extensions ['ignore', 'ignore_ament_install']
[0.180s] Level 1:colcon.colcon_core.package_identification:_identify(src/unitree/unitree_api) by extension 'ignore'
[0.180s] Level 1:colcon.colcon_core.package_identification:_identify(src/unitree/unitree_api) by extension 'ignore_ament_install'
[0.180s] Level 1:colcon.colcon_core.package_identification:_identify(src/unitree/unitree_api) by extensions ['colcon_pkg']
[0.180s] Level 1:colcon.colcon_core.package_identification:_identify(src/unitree/unitree_api) by extension 'colcon_pkg'
[0.180s] Level 1:colcon.colcon_core.package_identification:_identify(src/unitree/unitree_api) by extensions ['colcon_meta']
[0.180s] Level 1:colcon.colcon_core.package_identification:_identify(src/unitree/unitree_api) by extension 'colcon_meta'
[0.180s] Level 1:colcon.colcon_core.package_identification:_identify(src/unitree/unitree_api) by extensions ['ros']
[0.180s] Level 1:colcon.colcon_core.package_identification:_identify(src/unitree/unitree_api) by extension 'ros'
[0.185s] DEBUG:colcon.colcon_core.package_identification:Package 'src/unitree/unitree_api' with type 'ros.ament_cmake' and name 'unitree_api'
[0.185s] Level 1:colcon.colcon_core.package_identification:_identify(src/unitree/unitree_go) by extensions ['ignore', 'ignore_ament_install']
[0.185s] Level 1:colcon.colcon_core.package_identification:_identify(src/unitree/unitree_go) by extension 'ignore'
[0.185s] Level 1:colcon.colcon_core.package_identification:_identify(src/unitree/unitree_go) by extension 'ignore_ament_install'
[0.185s] Level 1:colcon.colcon_core.package_identification:_identify(src/unitree/unitree_go) by extensions ['colcon_pkg']
[0.185s] Level 1:colcon.colcon_core.package_identification:_identify(src/unitree/unitree_go) by extension 'colcon_pkg'
[0.185s] Level 1:colcon.colcon_core.package_identification:_identify(src/unitree/unitree_go) by extensions ['colcon_meta']
[0.185s] Level 1:colcon.colcon_core.package_identification:_identify(src/unitree/unitree_go) by extension 'colcon_meta'
[0.185s] Level 1:colcon.colcon_core.package_identification:_identify(src/unitree/unitree_go) by extensions ['ros']
[0.185s] Level 1:colcon.colcon_core.package_identification:_identify(src/unitree/unitree_go) by extension 'ros'
[0.185s] DEBUG:colcon.colcon_core.package_identification:Package 'src/unitree/unitree_go' with type 'ros.ament_cmake' and name 'unitree_go'
[0.186s] Level 1:colcon.colcon_core.package_identification:_identify(src/unitree/unitree_hg) by extensions ['ignore', 'ignore_ament_install']
[0.186s] Level 1:colcon.colcon_core.package_identification:_identify(src/unitree/unitree_hg) by extension 'ignore'
[0.186s] Level 1:colcon.colcon_core.package_identification:_identify(src/unitree/unitree_hg) by extension 'ignore_ament_install'
[0.186s] Level 1:colcon.colcon_core.package_identification:_identify(src/unitree/unitree_hg) by extensions ['colcon_pkg']
[0.186s] Level 1:colcon.colcon_core.package_identification:_identify(src/unitree/unitree_hg) by extension 'colcon_pkg'
[0.186s] Level 1:colcon.colcon_core.package_identification:_identify(src/unitree/unitree_hg) by extensions ['colcon_meta']
[0.186s] Level 1:colcon.colcon_core.package_identification:_identify(src/unitree/unitree_hg) by extension 'colcon_meta'
[0.186s] Level 1:colcon.colcon_core.package_identification:_identify(src/unitree/unitree_hg) by extensions ['ros']
[0.186s] Level 1:colcon.colcon_core.package_identification:_identify(src/unitree/unitree_hg) by extension 'ros'
[0.186s] DEBUG:colcon.colcon_core.package_identification:Package 'src/unitree/unitree_hg' with type 'ros.ament_cmake' and name 'unitree_hg'
[0.186s] Level 1:colcon.colcon_core.package_discovery:discover_packages(recursive) using defaults
[0.186s] Level 1:colcon.colcon_core.package_discovery:discover_packages(ignore) discover
[0.186s] Level 1:colcon.colcon_core.package_discovery:discover_packages(ignore) using defaults
[0.186s] Level 1:colcon.colcon_core.package_discovery:discover_packages(path) discover
[0.186s] Level 1:colcon.colcon_core.package_discovery:discover_packages(path) using defaults
[0.186s] WARNING:colcon.colcon_core.package_selection:ignoring unknown package 'cyclonedds' in --packages-select
[0.198s] INFO:colcon.colcon_core.package_selection:Skipping not selected package 'rmw_cyclonedds_cpp' in 'src/rmw_cyclonedds/rmw_cyclonedds_cpp'
[0.198s] INFO:colcon.colcon_core.package_selection:Skipping not selected package 'rosidl_generator_dds_idl' in 'src/rosidl_dds/rosidl_generator_dds_idl'
[0.198s] INFO:colcon.colcon_core.package_selection:Skipping not selected package 'tf_transformations' in 'src/tf_transformations'
[0.199s] INFO:colcon.colcon_core.package_selection:Skipping not selected package 'unitree_api' in 'src/unitree/unitree_api'
[0.199s] INFO:colcon.colcon_core.package_selection:Skipping not selected package 'unitree_go' in 'src/unitree/unitree_go'
[0.199s] INFO:colcon.colcon_core.package_selection:Skipping not selected package 'unitree_hg' in 'src/unitree/unitree_hg'
[0.199s] INFO:colcon.colcon_core.package_selection:Skipping not selected package 'ros2_numpy' in 'src/ros2_numpy'
[0.199s] Level 1:colcon.colcon_core.package_discovery:discover_packages(prefix_path) check parameters
[0.199s] Level 1:colcon.colcon_core.package_discovery:discover_packages(prefix_path) discover
[0.204s] DEBUG:colcon.colcon_installed_package_information.package_discovery:Found 21 installed packages in /home/robot/Documents/dev_ws/install
[0.204s] DEBUG:colcon.colcon_installed_package_information.package_discovery:Found 390 installed packages in /opt/ros/humble
[0.205s] Level 1:colcon.colcon_core.package_discovery:discover_packages(prefix_path) using defaults
[0.234s] INFO:colcon.colcon_core.executor:Executing jobs using 'parallel' executor
[0.235s] DEBUG:colcon.colcon_parallel_executor.executor.parallel:run_until_complete
[0.235s] DEBUG:colcon.colcon_parallel_executor.executor.parallel:closing loop
[0.235s] DEBUG:colcon.colcon_parallel_executor.executor.parallel:loop closed
[0.235s] DEBUG:colcon.colcon_parallel_executor.executor.parallel:run_until_complete finished with '0'
[0.235s] DEBUG:colcon.colcon_core.event_reactor:joining thread
[0.240s] INFO:colcon.colcon_core.plugin_system:Skipping extension 'colcon_notification.desktop_notification.terminal_notifier': Not used on non-Darwin systems
[0.240s] INFO:colcon.colcon_core.plugin_system:Skipping extension 'colcon_notification.desktop_notification.win32': Not used on non-Windows systems
[0.240s] INFO:colcon.colcon_notification.desktop_notification:Sending desktop notification using 'notify2'
[0.246s] DEBUG:colcon.colcon_core.event_reactor:joined thread
[0.248s] INFO:colcon.colcon_core.plugin_system:Skipping extension 'colcon_core.shell.bat': Not used on non-Windows systems
[0.249s] INFO:colcon.colcon_core.shell:Creating prefix script '/home/robot/Hiking_deploy/unitree_ros2/cyclonedds_ws/install/local_setup.ps1'
[0.249s] INFO:colcon.colcon_core.shell:Creating prefix util module '/home/robot/Hiking_deploy/unitree_ros2/cyclonedds_ws/install/_local_setup_util_ps1.py'
[0.250s] INFO:colcon.colcon_core.shell:Creating prefix chain script '/home/robot/Hiking_deploy/unitree_ros2/cyclonedds_ws/install/setup.ps1'
[0.250s] INFO:colcon.colcon_core.shell:Creating prefix script '/home/robot/Hiking_deploy/unitree_ros2/cyclonedds_ws/install/local_setup.sh'
[0.251s] INFO:colcon.colcon_core.shell:Creating prefix util module '/home/robot/Hiking_deploy/unitree_ros2/cyclonedds_ws/install/_local_setup_util_sh.py'
[0.251s] INFO:colcon.colcon_core.shell:Creating prefix chain script '/home/robot/Hiking_deploy/unitree_ros2/cyclonedds_ws/install/setup.sh'
[0.252s] INFO:colcon.colcon_core.shell:Creating prefix script '/home/robot/Hiking_deploy/unitree_ros2/cyclonedds_ws/install/local_setup.bash'
[0.252s] INFO:colcon.colcon_core.shell:Creating prefix chain script '/home/robot/Hiking_deploy/unitree_ros2/cyclonedds_ws/install/setup.bash'
[0.253s] INFO:colcon.colcon_core.shell:Creating prefix script '/home/robot/Hiking_deploy/unitree_ros2/cyclonedds_ws/install/local_setup.zsh'
[0.253s] INFO:colcon.colcon_core.shell:Creating prefix chain script '/home/robot/Hiking_deploy/unitree_ros2/cyclonedds_ws/install/setup.zsh'
