[0.137s] Invoking command in '/home/robot/Hiking_deploy/unitree_ros2/cyclonedds_ws/build/rmw_cyclonedds_cpp': CMAKE_PREFIX_PATH=${CMAKE_PREFIX_PATH}:/home/robot/Documents/dev_ws/install/learning_urdf:/home/robot/Documents/dev_ws/install/learning_topic:/home/robot/Documents/dev_ws/install/learning_tf:/home/robot/Documents/dev_ws/install/learning_service:/home/robot/Documents/dev_ws/install/learning_qos:/home/robot/Documents/dev_ws/install/learning_pkg_python:/home/robot/Documents/dev_ws/install/learning_parameter:/home/robot/Documents/dev_ws/install/learning_node:/home/robot/Documents/dev_ws/install/learning_launch:/home/robot/Documents/dev_ws/install/learning_action:/home/robot/Documents/dev_ws/install/learning_gazebo_harmonic:/home/robot/Documents/dev_ws/install/learning_gazebo:/home/robot/Documents/dev_ws/install/learning_cv:/opt/ros/humble CONDA_PROMPT_MODIFIER=(base) PS1=(.venv) (base) \[\e]0;\u@\h: \w\a\]${debian_chroot:+($debian_chroot)}\[\033[01;32m\]\u@\h\[\033[00m\]:\[\033[01;34m\]\w\[\033[00m\]\$ /usr/bin/cmake /home/robot/Hiking_deploy/unitree_ros2/cyclonedds_ws/src/rmw_cyclonedds/rmw_cyclonedds_cpp -DCMAKE_INSTALL_PREFIX=/home/robot/Hiking_deploy/unitree_ros2/cyclonedds_ws/install/rmw_cyclonedds_cpp
[0.300s] -- The C compiler identification is GNU 11.4.0
[0.402s] -- The CXX compiler identification is GNU 11.4.0
[0.407s] -- Detecting C compiler ABI info
[0.456s] -- Detecting C compiler ABI info - done
[0.462s] -- Check for working C compiler: /usr/bin/cc - skipped
[0.462s] -- Detecting C compile features
[0.462s] -- Detecting C compile features - done
[0.464s] -- Detecting CXX compiler ABI info
[0.512s] -- Detecting CXX compiler ABI info - done
[0.516s] -- Check for working CXX compiler: /usr/bin/c++ - skipped
[0.516s] -- Detecting CXX compile features
[0.516s] -- Detecting CXX compile features - done
[0.519s] -- Found ament_cmake_ros: 0.10.0 (/opt/ros/humble/share/ament_cmake_ros/cmake)
[0.758s] -- Found Python3: /home/robot/Hiking_deploy/.venv/bin/python3 (found version "3.10.12") found components: Interpreter 
[0.821s] -- Found rcutils: 5.1.8 (/opt/ros/humble/share/rcutils/cmake)
[0.836s] -- Found rcpputils: 2.4.6 (/opt/ros/humble/share/rcpputils/cmake)
[0.841s] -- Found tracetools: 4.1.2 (/opt/ros/humble/share/tracetools/cmake)
[0.856s] [33mCMake Warning at CMakeLists.txt:46 (message):
[0.856s]   Could not find Eclipse Cyclone DDS - skipping 'rmw_cyclonedds_cpp'
[0.857s] 
[0.857s] [0m
[0.898s] -- Configuring done
[0.900s] -- Generating done
[0.901s] -- Build files have been written to: /home/robot/Hiking_deploy/unitree_ros2/cyclonedds_ws/build/rmw_cyclonedds_cpp
[0.906s] Invoked command in '/home/robot/Hiking_deploy/unitree_ros2/cyclonedds_ws/build/rmw_cyclonedds_cpp' returned '0': CMAKE_PREFIX_PATH=${CMAKE_PREFIX_PATH}:/home/robot/Documents/dev_ws/install/learning_urdf:/home/robot/Documents/dev_ws/install/learning_topic:/home/robot/Documents/dev_ws/install/learning_tf:/home/robot/Documents/dev_ws/install/learning_service:/home/robot/Documents/dev_ws/install/learning_qos:/home/robot/Documents/dev_ws/install/learning_pkg_python:/home/robot/Documents/dev_ws/install/learning_parameter:/home/robot/Documents/dev_ws/install/learning_node:/home/robot/Documents/dev_ws/install/learning_launch:/home/robot/Documents/dev_ws/install/learning_action:/home/robot/Documents/dev_ws/install/learning_gazebo_harmonic:/home/robot/Documents/dev_ws/install/learning_gazebo:/home/robot/Documents/dev_ws/install/learning_cv:/opt/ros/humble CONDA_PROMPT_MODIFIER=(base) PS1=(.venv) (base) \[\e]0;\u@\h: \w\a\]${debian_chroot:+($debian_chroot)}\[\033[01;32m\]\u@\h\[\033[00m\]:\[\033[01;34m\]\w\[\033[00m\]\$ /usr/bin/cmake /home/robot/Hiking_deploy/unitree_ros2/cyclonedds_ws/src/rmw_cyclonedds/rmw_cyclonedds_cpp -DCMAKE_INSTALL_PREFIX=/home/robot/Hiking_deploy/unitree_ros2/cyclonedds_ws/install/rmw_cyclonedds_cpp
[0.908s] Invoking command in '/home/robot/Hiking_deploy/unitree_ros2/cyclonedds_ws/build/rmw_cyclonedds_cpp': CMAKE_PREFIX_PATH=${CMAKE_PREFIX_PATH}:/home/robot/Documents/dev_ws/install/learning_urdf:/home/robot/Documents/dev_ws/install/learning_topic:/home/robot/Documents/dev_ws/install/learning_tf:/home/robot/Documents/dev_ws/install/learning_service:/home/robot/Documents/dev_ws/install/learning_qos:/home/robot/Documents/dev_ws/install/learning_pkg_python:/home/robot/Documents/dev_ws/install/learning_parameter:/home/robot/Documents/dev_ws/install/learning_node:/home/robot/Documents/dev_ws/install/learning_launch:/home/robot/Documents/dev_ws/install/learning_action:/home/robot/Documents/dev_ws/install/learning_gazebo_harmonic:/home/robot/Documents/dev_ws/install/learning_gazebo:/home/robot/Documents/dev_ws/install/learning_cv:/opt/ros/humble CONDA_PROMPT_MODIFIER=(base) PS1=(.venv) (base) \[\e]0;\u@\h: \w\a\]${debian_chroot:+($debian_chroot)}\[\033[01;32m\]\u@\h\[\033[00m\]:\[\033[01;34m\]\w\[\033[00m\]\$ /usr/bin/cmake --build /home/robot/Hiking_deploy/unitree_ros2/cyclonedds_ws/build/rmw_cyclonedds_cpp -- -j28 -l28
[0.934s] Invoked command in '/home/robot/Hiking_deploy/unitree_ros2/cyclonedds_ws/build/rmw_cyclonedds_cpp' returned '0': CMAKE_PREFIX_PATH=${CMAKE_PREFIX_PATH}:/home/robot/Documents/dev_ws/install/learning_urdf:/home/robot/Documents/dev_ws/install/learning_topic:/home/robot/Documents/dev_ws/install/learning_tf:/home/robot/Documents/dev_ws/install/learning_service:/home/robot/Documents/dev_ws/install/learning_qos:/home/robot/Documents/dev_ws/install/learning_pkg_python:/home/robot/Documents/dev_ws/install/learning_parameter:/home/robot/Documents/dev_ws/install/learning_node:/home/robot/Documents/dev_ws/install/learning_launch:/home/robot/Documents/dev_ws/install/learning_action:/home/robot/Documents/dev_ws/install/learning_gazebo_harmonic:/home/robot/Documents/dev_ws/install/learning_gazebo:/home/robot/Documents/dev_ws/install/learning_cv:/opt/ros/humble CONDA_PROMPT_MODIFIER=(base) PS1=(.venv) (base) \[\e]0;\u@\h: \w\a\]${debian_chroot:+($debian_chroot)}\[\033[01;32m\]\u@\h\[\033[00m\]:\[\033[01;34m\]\w\[\033[00m\]\$ /usr/bin/cmake --build /home/robot/Hiking_deploy/unitree_ros2/cyclonedds_ws/build/rmw_cyclonedds_cpp -- -j28 -l28
[0.942s] Invoking command in '/home/robot/Hiking_deploy/unitree_ros2/cyclonedds_ws/build/rmw_cyclonedds_cpp': CMAKE_PREFIX_PATH=${CMAKE_PREFIX_PATH}:/home/robot/Documents/dev_ws/install/learning_urdf:/home/robot/Documents/dev_ws/install/learning_topic:/home/robot/Documents/dev_ws/install/learning_tf:/home/robot/Documents/dev_ws/install/learning_service:/home/robot/Documents/dev_ws/install/learning_qos:/home/robot/Documents/dev_ws/install/learning_pkg_python:/home/robot/Documents/dev_ws/install/learning_parameter:/home/robot/Documents/dev_ws/install/learning_node:/home/robot/Documents/dev_ws/install/learning_launch:/home/robot/Documents/dev_ws/install/learning_action:/home/robot/Documents/dev_ws/install/learning_gazebo_harmonic:/home/robot/Documents/dev_ws/install/learning_gazebo:/home/robot/Documents/dev_ws/install/learning_cv:/opt/ros/humble CONDA_PROMPT_MODIFIER=(base) PS1=(.venv) (base) \[\e]0;\u@\h: \w\a\]${debian_chroot:+($debian_chroot)}\[\033[01;32m\]\u@\h\[\033[00m\]:\[\033[01;34m\]\w\[\033[00m\]\$ /usr/bin/cmake --install /home/robot/Hiking_deploy/unitree_ros2/cyclonedds_ws/build/rmw_cyclonedds_cpp
[0.947s] -- Install configuration: ""
[0.947s] -- Installing: /home/robot/Hiking_deploy/unitree_ros2/cyclonedds_ws/install/rmw_cyclonedds_cpp/share/ament_index/resource_index/package_run_dependencies/rmw_cyclonedds_cpp
[0.947s] -- Installing: /home/robot/Hiking_deploy/unitree_ros2/cyclonedds_ws/install/rmw_cyclonedds_cpp/share/ament_index/resource_index/parent_prefix_path/rmw_cyclonedds_cpp
[0.947s] -- Installing: /home/robot/Hiking_deploy/unitree_ros2/cyclonedds_ws/install/rmw_cyclonedds_cpp/share/rmw_cyclonedds_cpp/environment/ament_prefix_path.sh
[0.947s] -- Installing: /home/robot/Hiking_deploy/unitree_ros2/cyclonedds_ws/install/rmw_cyclonedds_cpp/share/rmw_cyclonedds_cpp/environment/ament_prefix_path.dsv
[0.947s] -- Installing: /home/robot/Hiking_deploy/unitree_ros2/cyclonedds_ws/install/rmw_cyclonedds_cpp/share/rmw_cyclonedds_cpp/environment/path.sh
[0.947s] -- Installing: /home/robot/Hiking_deploy/unitree_ros2/cyclonedds_ws/install/rmw_cyclonedds_cpp/share/rmw_cyclonedds_cpp/environment/path.dsv
[0.947s] -- Installing: /home/robot/Hiking_deploy/unitree_ros2/cyclonedds_ws/install/rmw_cyclonedds_cpp/share/rmw_cyclonedds_cpp/local_setup.bash
[0.947s] -- Installing: /home/robot/Hiking_deploy/unitree_ros2/cyclonedds_ws/install/rmw_cyclonedds_cpp/share/rmw_cyclonedds_cpp/local_setup.sh
[0.947s] -- Installing: /home/robot/Hiking_deploy/unitree_ros2/cyclonedds_ws/install/rmw_cyclonedds_cpp/share/rmw_cyclonedds_cpp/local_setup.zsh
[0.947s] -- Installing: /home/robot/Hiking_deploy/unitree_ros2/cyclonedds_ws/install/rmw_cyclonedds_cpp/share/rmw_cyclonedds_cpp/local_setup.dsv
[0.947s] -- Installing: /home/robot/Hiking_deploy/unitree_ros2/cyclonedds_ws/install/rmw_cyclonedds_cpp/share/rmw_cyclonedds_cpp/package.dsv
[0.947s] -- Installing: /home/robot/Hiking_deploy/unitree_ros2/cyclonedds_ws/install/rmw_cyclonedds_cpp/share/ament_index/resource_index/packages/rmw_cyclonedds_cpp
[0.947s] -- Installing: /home/robot/Hiking_deploy/unitree_ros2/cyclonedds_ws/install/rmw_cyclonedds_cpp/share/rmw_cyclonedds_cpp/cmake/rmw_cyclonedds_cppConfig.cmake
[0.947s] -- Installing: /home/robot/Hiking_deploy/unitree_ros2/cyclonedds_ws/install/rmw_cyclonedds_cpp/share/rmw_cyclonedds_cpp/cmake/rmw_cyclonedds_cppConfig-version.cmake
[0.947s] -- Installing: /home/robot/Hiking_deploy/unitree_ros2/cyclonedds_ws/install/rmw_cyclonedds_cpp/share/rmw_cyclonedds_cpp/package.xml
[0.949s] Invoked command in '/home/robot/Hiking_deploy/unitree_ros2/cyclonedds_ws/build/rmw_cyclonedds_cpp' returned '0': CMAKE_PREFIX_PATH=${CMAKE_PREFIX_PATH}:/home/robot/Documents/dev_ws/install/learning_urdf:/home/robot/Documents/dev_ws/install/learning_topic:/home/robot/Documents/dev_ws/install/learning_tf:/home/robot/Documents/dev_ws/install/learning_service:/home/robot/Documents/dev_ws/install/learning_qos:/home/robot/Documents/dev_ws/install/learning_pkg_python:/home/robot/Documents/dev_ws/install/learning_parameter:/home/robot/Documents/dev_ws/install/learning_node:/home/robot/Documents/dev_ws/install/learning_launch:/home/robot/Documents/dev_ws/install/learning_action:/home/robot/Documents/dev_ws/install/learning_gazebo_harmonic:/home/robot/Documents/dev_ws/install/learning_gazebo:/home/robot/Documents/dev_ws/install/learning_cv:/opt/ros/humble CONDA_PROMPT_MODIFIER=(base) PS1=(.venv) (base) \[\e]0;\u@\h: \w\a\]${debian_chroot:+($debian_chroot)}\[\033[01;32m\]\u@\h\[\033[00m\]:\[\033[01;34m\]\w\[\033[00m\]\$ /usr/bin/cmake --install /home/robot/Hiking_deploy/unitree_ros2/cyclonedds_ws/build/rmw_cyclonedds_cpp
